C51 COMPILER V9.60.0.0   MAIN                                                              03/12/2025 14:06:09 PAGE 1   


C51 COMPILER V9.60.0.0, COMPILATION OF MODULE MAIN
OBJECT MODULE PLACED IN .\Output\main.obj
COMPILER INVOKED BY: C:\Keil_v5\C51\BIN\C51.EXE ..\main.c LARGE OMF2 OPTIMIZE(7,SPEED) BROWSE INCDIR(..\..\..\..\Library
                    -\Device\Include;..\..\..\..\Library\StdDriver\inc) DEFINE(FOSC_160000) DEBUG PRINT(.\LST\main.lst) TABS(2) OBJECT(.\Outp
                    -ut\main.obj)

line level    source

   1          /*--------------------------------------------------------------------------------------------------------
             --*/
   2          /*                                                                                                        
             - */
   3          /* SPDX-License-Identifier: Apache-2.0                                                                    
             - */
   4          /* Copyright(c) 2023 Nuvoton Technology Corp. All rights reserved.                                        
             - */
   5          /*                                                                                                        
             - */
   6          /*--------------------------------------------------------------------------------------------------------
             --*/
   7          #include "numicro_8051.h"
   8          
   9          BIT wktflag;
  10          
  11          #if defined __C51__
  12          void WakeUp_Timer_ISR (void)   interrupt 17
  13          
  14          #elif defined __ICC8051__
              #pragma vector=0x8B
              __interrupt void WKT_ISR(void)
              
              #elif defined __SDCC__
              void WakeUp_Timer_ISR (void)   __interrupt (17)     //ISR for self wake-up timer
              #endif
  21          {
  22   1          SFRS_TMP = SFRS;              /* for SFRS page */
  23   1        
  24   1          clr_WKCON_WKTF;
  25   1          wktflag = 1;
  26   1          GPIO_LED ^= 1;
  27   1      
  28   1          if (SFRS_TMP)                 /* for SFRS page */
  29   1          {
  30   2            ENABLE_SFR_PAGE1;
  31   2          }
  32   1      }
  33          
  34          /*********************************************************************************************************
             -***
  35          *    Main function 
  36          **********************************************************************************************************
             -**/
  37          void main (void)
  38          {
  39   1        /* UART0 settting for printf function */
  40   1          MODIFY_HIRC(HIRC_24);
  41   1          Enable_UART0_VCOM_printf_24M_115200();
  42   1          printf ("\n Test start ...");
  43   1      
  44   1          GPIO_LED_QUASI_MODE;
  45   1          
C51 COMPILER V9.60.0.0   MAIN                                                              03/12/2025 14:06:09 PAGE 2   

  46   1          WKT_AutoReload_Interrupt_Initial_S(1);
  47   1          WKT_Interrupt(Enable);
  48   1          ENABLE_GLOBAL_INTERRUPT;
  49   1          wktflag = 0;
  50   1          while(1)
  51   1          {
  52   2            PowerDown_Mode(ENABLE);    /* Entry power down mode */
  53   2            if(wktflag)
  54   2            {
  55   3              SFRS=0;
  56   3              printf ("\n\r WKT interrupt! \n\r");
  57   3              wktflag = 0;
  58   3            }
  59   2          }
  60   1      }
  61          
  62          


MODULE INFORMATION:   STATIC OVERLAYABLE
   CODE SIZE        =    112    ----
   CONSTANT SIZE    =     38    ----
   XDATA SIZE       =   ----    ----
   PDATA SIZE       =   ----    ----
   DATA SIZE        =   ----    ----
   IDATA SIZE       =   ----    ----
   BIT SIZE         =      1    ----
   EDATA SIZE       =   ----    ----
   HDATA SIZE       =   ----    ----
   XDATA CONST SIZE =   ----    ----
   FAR CONST SIZE   =   ----    ----
END OF MODULE INFORMATION.


C51 COMPILATION COMPLETE.  0 WARNING(S),  0 ERROR(S)
