C51 COMPILER V9.60.0.0   CAPTURE                                                           03/12/2025 14:05:45 PAGE 1   


C51 COMPILER V9.60.0.0, COMPILATION OF MODULE CAPTURE
OBJECT MODULE PLACED IN .\Output\capture.obj
COMPILER INVOKED BY: C:\Keil_v5\C51\BIN\C51.EXE ..\..\..\..\Library\StdDriver\src\capture.c LARGE OMF2 OPTIMIZE(8,SPEED)
                    - BROWSE INCDIR(..\..\..\..\Library\Device\Include;..\..\..\..\Library\StdDriver\inc) DEFINE(FOSC_160000) DEBUG PRINT(.\l
                    -st\capture.lst) TABS(2) OBJECT(.\Output\capture.obj)

line level    source

   1          /*--------------------------------------------------------------------------------------------------------
             --*/
   2          /*                                                                                                        
             - */
   3          /* SPDX-License-Identifier: Apache-2.0                                                                    
             - */
   4          /* Copyright(c) 2023 Nuvoton Technology Corp. All rights reserved.                                        
             - */
   5          /*                                                                                                        
             - */
   6          /*--------------------------------------------------------------------------------------------------------
             --*/
   7          #include "numicro_8051.h"
   8          
   9          /**
  10           * @brief       Timer 2 capture setting 
  11           * @param       u8CAPSource input capture module select (IC0 / IC1 / IC2)
  12           * @param       u8CAPLevel input level select  (CaptureFalling/CaptureRising/CaptureEither)
  13           * @param       u8TM2DIV reload counter value(1~7 = DIV 1/4/16/32/64/128/256/512.) 
  14           * @return      none
  15           * @details     none
  16           * @example     TIMER2_Capture(IC0,CaptureRising,7);
  17           */
  18          void TIMER2_Capture(uint8_t u8CAPSource, uint8_t u8CAPLevel, uint8_t u8TM2DIV)
  19          {
  20   1          SFRS = 0x00;
  21   1          T2MOD&=0x0F;
  22   1          T2MOD|=(u8TM2DIV<<4);
  23   1          T2MOD|=0x88;
  24   1          SFRS = 0x01;
  25   1          switch (u8CAPSource)
  26   1          {
  27   2              case IC0:
  28   2                switch (u8CAPLevel)
  29   2                {
  30   3                  case CaptureFalling:  CAPCON1&=0xFC; break;
  31   3                  case CaptureRising:   CAPCON1&=0xFC;CAPCON1|=0x01; break;
  32   3                  case CaptureEither:   CAPCON1&=0xFC;CAPCON1|=0x02; break;
  33   3                }
  34   2                set_CAPCON2_ENF0;                 //enable noise filer
  35   2                set_CAPCON0_CAPEN0;               //Input capture 0 enable
  36   2                SFRS=0;T2MOD&=0xFC;T2MOD|=0x01;   //Set reload
  37   2                C0H = 0;
  38   2                C0L = 0;
  39   2              break;
  40   2              case IC1:
  41   2                switch (u8CAPLevel)
  42   2                {
  43   3                  case CaptureFalling:  CAPCON1&=0xF3; break;
  44   3                  case CaptureRising:   CAPCON1&=0xF3;CAPCON1|=0x04; break;
  45   3                  case CaptureEither:   CAPCON1&=0xF3;CAPCON1|=0x08; break;
  46   3                }
  47   2                set_CAPCON2_ENF1;
C51 COMPILER V9.60.0.0   CAPTURE                                                           03/12/2025 14:05:45 PAGE 2   

  48   2                set_CAPCON0_CAPEN1;
  49   2                SFRS=0;T2MOD&=0xFC;T2MOD|=0x02;
  50   2                C1H = 0;
  51   2                C1L = 0;
  52   2              break;
  53   2              case IC2:
  54   2                switch (u8CAPLevel)
  55   2                {
  56   3                  case CaptureFalling:  CAPCON1&=0xCF; break;
  57   3                  case CaptureRising:   CAPCON1&=0xCF;CAPCON1|=0x10; break;
  58   3                  case CaptureEither:   CAPCON1&=0xCF;CAPCON1|=0x20; break;
  59   3                }
  60   2                set_CAPCON2_ENF2;
  61   2                set_CAPCON0_CAPEN2;
  62   2                SFRS=0;T2MOD&=0xFC;T2MOD|=0x03;
  63   2                C2H = 0;
  64   2                C2L = 0;
  65   2              break;
  66   2          }
  67   1          clr_T2CON_TF2;
  68   1          set_T2CON_TR2;
  69   1      }
  70          
  71          
  72          /**
  73           * @brief       Timer 2 capture interrupt initial setting 
  74           * @param       u8CAPINT capture interrupt (Disable / Enable)
  75           * @return      none
  76           * @details     none
  77           * @example      TIMER2_Capture_Interrupt(Enable);
  78           */
  79          void TIMER2_Capture_Interrupt(uint8_t u8CAPINT)
  80          {
  81   1          switch (u8CAPINT)
  82   1          {
  83   2              case Disable: clr_EIE_ECAP; break;
  84   2              case Enable:  set_EIE_ECAP; break;
  85   2          }
  86   1      }


MODULE INFORMATION:   STATIC OVERLAYABLE
   CODE SIZE        =    205    ----
   CONSTANT SIZE    =   ----    ----
   XDATA SIZE       =   ----    ----
   PDATA SIZE       =   ----    ----
   DATA SIZE        =   ----    ----
   IDATA SIZE       =   ----    ----
   BIT SIZE         =   ----    ----
   EDATA SIZE       =   ----    ----
   HDATA SIZE       =   ----    ----
   XDATA CONST SIZE =   ----    ----
   FAR CONST SIZE   =   ----    ----
END OF MODULE INFORMATION.


C51 COMPILATION COMPLETE.  0 WARNING(S),  0 ERROR(S)
