C51 COMPILER V9.60.0.0   MAIN                                                              03/12/2025 14:05:44 PAGE 1   


C51 COMPILER V9.60.0.0, COMPILATION OF MODULE MAIN
OBJECT MODULE PLACED IN .\Output\main.obj
COMPILER INVOKED BY: C:\Keil_v5\C51\BIN\C51.EXE ..\main.c LARGE OMF2 OPTIMIZE(8,SPEED) BROWSE INCDIR(..\..\..\..\Library
                    -\Device\Include;..\..\..\..\Library\StdDriver\inc) DEFINE(FOSC_160000) DEBUG PRINT(.\lst\main.lst) TABS(2) OBJECT(.\Outp
                    -ut\main.obj)

line level    source

   1          /*--------------------------------------------------------------------------------------------------------
             --*/
   2          /*                                                                                                        
             - */
   3          /* SPDX-License-Identifier: Apache-2.0                                                                    
             - */
   4          /* Copyright(c) 2023 Nuvoton Technology Corp. All rights reserved.                                        
             - */
   5          /*                                                                                                        
             - */
   6          /*--------------------------------------------------------------------------------------------------------
             --*/
   7          #include "numicro_8051.h"
   8          
   9          BIT t2captureflag;
  10          uint8_t captemph,captempl;
  11          
  12          /******************************
  13            * @brief     Capture interrupt vector.
  14            * @param[in] None.
  15            * @return    None.
  16          ******************************/
  17          #if defined __C51__
  18          void Capture_ISR (void) interrupt 12            // Vector @  0x63
  19          
  20          #elif defined __ICC8051__
              #pragma vector=0x63                             // Vector number 12
              __interrupt void Capture_ISR(void)
              
              #elif defined __SDCC__
              void Capture_ISR (void) __interrupt (12)        // Vector @  0x63
              #endif
  27          {
  28   1          SFRS_TMP = SFRS;              /* for SFRS page */
  29   1      
  30   1          SFRS = 1;
  31   1          if (CAPCON0&SET_BIT0)
  32   1          {
  33   2             captemph = C0H;
  34   2             captempl = C0L;
  35   2             clr_CAPCON0_CAPF0;
  36   2          }
  37   1          else if (CAPCON0&SET_BIT2)
  38   1          {
  39   2             captemph = C2H;
  40   2             captempl = C2L;
  41   2             clr_CAPCON0_CAPF2;
  42   2          }
  43   1          t2captureflag = 1;
  44   1      
  45   1          if (SFRS_TMP)                 /* for SFRS page */
  46   1          {
  47   2            ENABLE_SFR_PAGE1;
C51 COMPILER V9.60.0.0   MAIN                                                              03/12/2025 14:05:44 PAGE 2   

  48   2          }
  49   1      }
  50          
  51          /******************************
  52            * @brief     Main loop.
  53            * @param[in] None.
  54            * @return    None.
  55          ******************************/
  56          void main (void)
  57          {
  58   1          MODIFY_HIRC(HIRC_24);
  59   1          Enable_UART0_VCOM_printf_24M_115200();
  60   1          printf ("\n MG51 series capture demo." );
  61   1      
  62   1          P03_QUASI_MODE;
  63   1          TIMER2_CAP0_CAPTURE_MODE;
  64   1          IC5_P03_CAP0_RISINGEDGE_CAPTURE;
  65   1      
  66   1          P11_QUASI_MODE;                          //Define P11 as IC2 input pin.
  67   1          TIMER2_Capture(IC2,CaptureEither,7);
  68   1      
  69   1          TIMER2_Capture_Interrupt(ENABLE);
  70   1          Global_Interrupt(ENABLE);
  71   1      
  72   1          while(1)
  73   1          {
  74   2            if (t2captureflag)
  75   2            {
  76   3                t2captureflag = 0;
  77   3                SFRS=0;
  78   3      #if defined __C51__
  79   3                printf ("\n capture high byte = 0x%BD", captemph);
  80   3                printf ("\n capture low byte = 0x%BD", captempl);
  81   3      #elif defined __ICC8051__
                        printf ("\n capture high byte = 0x%hx", captemph);
                        printf ("\n capture low byte = 0x%hx", captempl);
              #elif defined __SDCC__
                        printf ("\n capture high byte = 0x%hx", captemph);
                        printf ("\n capture low byte = 0x%hx", captempl);
              #endif
  88   3      
  89   3            }
  90   2          }
  91   1      }


MODULE INFORMATION:   STATIC OVERLAYABLE
   CODE SIZE        =    205    ----
   CONSTANT SIZE    =     83    ----
   XDATA SIZE       =      2    ----
   PDATA SIZE       =   ----    ----
   DATA SIZE        =   ----    ----
   IDATA SIZE       =   ----    ----
   BIT SIZE         =      1    ----
   EDATA SIZE       =   ----    ----
   HDATA SIZE       =   ----    ----
   XDATA CONST SIZE =   ----    ----
   FAR CONST SIZE   =   ----    ----
END OF MODULE INFORMATION.


C51 COMPILATION COMPLETE.  0 WARNING(S),  0 ERROR(S)
