C51 COMPILER V9.60.0.0   MAIN                                                              06/25/2024 11:39:55 PAGE 1   


C51 COMPILER V9.60.0.0, COMPILATION OF MODULE MAIN
OBJECT MODULE PLACED IN .\Output\main.obj
COMPILER INVOKED BY: C:\Keil_v5\C51\BIN\C51.EXE ..\main.c LARGE OMF2 OPTIMIZE(7,SPEED) BROWSE INCDIR(..\..\..\..\Library
                    -\Device\Include;..\..\..\..\Library\StdDriver\inc) DEBUG PRINT(.\LST\main.lst) TABS(2) OBJECT(.\Output\main.obj)

line level    source

   1          /*--------------------------------------------------------------------------------------------------------
             --*/
   2          /*                                                                                                        
             - */
   3          /* SPDX-License-Identifier: Apache-2.0                                                                    
             - */
   4          /* Copyright(c) 2024 Nuvoton Technology Corp. All rights reserved.                                        
             - */
   5          /*                                                                                                        
             - */
   6          /*--------------------------------------------------------------------------------------------------------
             --*/
   7          #include "numicro_8051.h"
   8          
   9          BIT  adcintflag;
  10          /******************************************************************************
  11           * FUNCTION_PURPOSE: ADC interrupt Service Routine
  12           ******************************************************************************/
  13          #if defined __C51__
  14          void ADC_ISR (void) interrupt 11
  15          
  16          #elif defined __ICC8051__
              #pragma vector=0x5B
              __interrupt void ADC_ISR (void)
              
              #elif defined __SDCC__
              void ADC_ISR (void) __interrupt (11)
              #endif
  23          {
  24   1          SFRS_TMP = SFRS;              /* for SFRS page */
  25   1        
  26   1          clr_ADCCON0_ADCF;                               //clear ADC interrupt flag
  27   1          adcintflag=1;
  28   1      
  29   1          if (SFRS_TMP)                 /* for SFRS page */
  30   1          {
  31   2            ENABLE_SFR_PAGE1;
  32   2          }
  33   1      }
  34          
  35          /******************************************************************************
  36          The main C function.  Program execution starts
  37          here after stack initialization.
  38          ******************************************************************************/
  39          void main (void) 
  40          {
  41   1          uint16_t ADCResult12bit;
  42   1          
  43   1          adcintflag = 0;
  44   1        /* UART0 settting for printf function */
  45   1          MODIFY_HIRC(HIRC_24);
  46   1          Enable_UART0_VCOM_printf_24M_115200();
  47   1          printf ("\n Test start ...");
  48   1      
C51 COMPILER V9.60.0.0   MAIN                                                              06/25/2024 11:39:55 PAGE 2   

  49   1      /*---------------------------------------------------------------
  50   1        ADC port trig initial setting toggle P0.4 to start ADC 
  51   1      ----------------------------------------------------------------*/
  52   1          ENABLE_ADC_AIN0;                              // Enable AIN0 P1.7 as ADC pin
  53   1          P04_QUASI_MODE;
  54   1          P04_FALLINGEDGE_TRIG_ADC;                     // P0.4 falling edge as adc start trig signal
  55   1      /* Enable ADC interrupt */
  56   1          ENABLE_ADC_INTERRUPT;                         // Enable ADC interrupt (if use interrupt)
  57   1          ENABLE_GLOBAL_INTERRUPT;
  58   1      /* Trig P12 falling edge to start adc, no need set ADCS bit   */
  59   1          while(1)                                      // Wait ADC interrupt
  60   1          {
  61   2            if (adcintflag)
  62   2            {
  63   3                  ADCResult12bit = ADCRH<<4;
  64   3                  ADCResult12bit|= ADCRL&0x0F;
  65   3                  printf ("\n Value = 0x%x",ADCResult12bit);
  66   3                  adcintflag =0;
  67   3            }
  68   2            Timer0_Delay(24000000,500,1000);
  69   2          }
  70   1      
  71   1      
  72   1      }


MODULE INFORMATION:   STATIC OVERLAYABLE
   CODE SIZE        =    251    ----
   CONSTANT SIZE    =     32    ----
   XDATA SIZE       =   ----       2
   PDATA SIZE       =   ----    ----
   DATA SIZE        =   ----    ----
   IDATA SIZE       =   ----    ----
   BIT SIZE         =      1    ----
   EDATA SIZE       =   ----    ----
   HDATA SIZE       =   ----    ----
   XDATA CONST SIZE =   ----    ----
   FAR CONST SIZE   =   ----    ----
END OF MODULE INFORMATION.


C51 COMPILATION COMPLETE.  0 WARNING(S),  0 ERROR(S)
