################################################################################
#                                                                              #
#      IAR Universal Linker V6.4.6.89                                          #
#                                                                              #
#           Link time     =  25/Jun/2024  10:40:20                             #
#           Target CPU    =  x51                                               #
#           List file     =  C:\BSP\MG51_Series_V1.02.000_pychecked\MG51xB9AE_ #
#                            MG51xC9AE_Series\SampleCode\RegBased\ADC_Bandgap_ #
#                            VDD\IAR\Debug\List\ADC_Bandgap_VDD.map            #
#           Output file 1 =  C:\BSP\MG51_Series_V1.02.000_pychecked\MG51xB9AE_ #
#                            MG51xC9AE_Series\SampleCode\RegBased\ADC_Bandgap_ #
#                            VDD\IAR\Debug\Exe\ADC_Bandgap_VDD.a51             #
#                            Format: intel-standard                            #
#           Output file 2 =  C:\BSP\MG51_Series_V1.02.000_pychecked\MG51xB9AE_ #
#                            MG51xC9AE_Series\SampleCode\RegBased\ADC_Bandgap_ #
#                            VDD\IAR\Debug\Exe\ADC_Bandgap_VDD.d51             #
#                            Format: ubrof10                                   #
#                            UBROF version 10.0.6                              #
#                            Using library modules for C-SPY (-rt)             #
#           Command line  =  -f                                                #
#                            C:\Users\lcwang0\AppData\Local\Temp\EW25A8.tmp    #
#                            (C:\BSP\MG51_Series_V1.02.000_pychecked\MG51xB9AE #
#                            _MG51xC9AE_Series\SampleCode\RegBased\ADC_Bandgap #
#                            _VDD\IAR\Debug\Obj\adc.r51                        #
#                            C:\BSP\MG51_Series_V1.02.000_pychecked\MG51xB9AE_ #
#                            MG51xC9AE_Series\SampleCode\RegBased\ADC_Bandgap_ #
#                            VDD\IAR\Debug\Obj\common.r51                      #
#                            C:\BSP\MG51_Series_V1.02.000_pychecked\MG51xB9AE_ #
#                            MG51xC9AE_Series\SampleCode\RegBased\ADC_Bandgap_ #
#                            VDD\IAR\Debug\Obj\cstartup.r51                    #
#                            C:\BSP\MG51_Series_V1.02.000_pychecked\MG51xB9AE_ #
#                            MG51xC9AE_Series\SampleCode\RegBased\ADC_Bandgap_ #
#                            VDD\IAR\Debug\Obj\main.r51                        #
#                            C:\BSP\MG51_Series_V1.02.000_pychecked\MG51xB9AE_ #
#                            MG51xC9AE_Series\SampleCode\RegBased\ADC_Bandgap_ #
#                            VDD\IAR\Debug\Obj\putchar.r51                     #
#                            C:\BSP\MG51_Series_V1.02.000_pychecked\MG51xB9AE_ #
#                            MG51xC9AE_Series\SampleCode\RegBased\ADC_Bandgap_ #
#                            VDD\IAR\Debug\Obj\sys.r51                         #
#                            C:\BSP\MG51_Series_V1.02.000_pychecked\MG51xB9AE_ #
#                            MG51xC9AE_Series\SampleCode\RegBased\ADC_Bandgap_ #
#                            VDD\IAR\Debug\Obj\uart.r51                        #
#                            -o                                                #
#                            C:\BSP\MG51_Series_V1.02.000_pychecked\MG51xB9AE_ #
#                            MG51xC9AE_Series\SampleCode\RegBased\ADC_Bandgap_ #
#                            VDD\IAR\Debug\Exe\ADC_Bandgap_VDD.d51             #
#                            -l                                                #
#                            C:\BSP\MG51_Series_V1.02.000_pychecked\MG51xB9AE_ #
#                            MG51xC9AE_Series\SampleCode\RegBased\ADC_Bandgap_ #
#                            VDD\IAR\Debug\List\ADC_Bandgap_VDD.map            #
#                            -xms -f                                           #
#                            "C:/Program Files (x86)\IAR Systems\Embedded Work #
#                            bench 8.0\8051\config\devices\NuvoTon\lnk51ew_MG5 #
#                            1xC9AE.xcl"                                       #
#                            (-D_IDATA0_START=0x00 -D_IDATA0_END=0xFF          #
#                            -D_PDATA0_START=0x0000 -D_PDATA0_END=0x00FF       #
#                            -D_IXDATA0_START=0x0001 -D_IXDATA0_END=0x03FF     #
#                            -D_XDATA0_START=0x0001 -D_XDATA0_END=0x03FF       #
#                            -D_CODE0_START=0x0000 -D_CODE0_END=0x7FFF         #
#                            -D_SPROM_START=0xFF80 -D_SPROM_END=0xFFFE         #
#                            -D?REGISTER_BANK=0x0 -D_REGISTER_BANK_START=0x0   #
#                            -D_BREG_START=0x00 -D?VB=0x20 -D?B=0xF0           #
#                            -D?IE=0xA8 -D?IP=0xB8 -Z(BIT)BREG=_BREG_START     #
#                            -Z(BIT)BIT_N=0-7F                                 #
#                            -Z(DATA)REGISTERS+8=_REGISTER_BANK_START          #
#                            -Z(DATA)BDATA_Z,BDATA_N,BDATA_I=20-2F             #
#                            -Z(DATA)VREG=08-7F -Z(DATA)PSP,XSP=08-7F          #
#                            -Z(DATA)DOVERLAY=08-7F                            #
#                            -Z(DATA)DATA_I,DATA_Z,DATA_N=08-7F                #
#                            -U(IDATA)0-7F=(DATA)0-7F                          #
#                            -Z(IDATA)IDATA_I,IDATA_Z,IDATA_N=08-_IDATA0_END   #
#                            -Z(IDATA)ISTACK+_IDATA_STACK_SIZE#08-_IDATA0_END  #
#                            -Z(IDATA)IOVERLAY=08-FF -Z(CODE)INTVEC=0          #
#                            -Z(CODE)CSTART=_CODE0_START-_CODE0_END            #
#                            -Z(CODE)BIT_ID,BDATA_ID,DATA_ID,IDATA_ID,IXDATA_I #
#                            D,PDATA_ID,XDATA_ID=_CODE0_START-_CODE0_END       #
#                            -Z(CODE)HUGE_ID=_CODE0_START-_CODE0_END           #
#                            -Z(CODE)RCODE,DIFUNCT=_CODE0_START-_CODE0_END     #
#                            -P(CODE)CODE_C,CODE_N,NEAR_CODE=_CODE0_START-_COD #
#                            E0_END                                            #
#                            -P(CODE)SPROM_C=_SPROM_START-_SPROM_END           #
#                            -Z(CODE)CHECKSUM#_CODE0_END                       #
#                            -Z(XDATA)PDATA_Z,PDATA_I=_PDATA0_START-_PDATA0_EN #
#                            D                                                 #
#                            -P(XDATA)PDATA_N=_PDATA0_START-_PDATA0_END        #
#                            -Z(XDATA)PSTACK+_PDATA_STACK_SIZE=_PDATA0_START-_ #
#                            PDATA0_END                                        #
#                            -Z(XDATA)EXT_STACK+_EXTENDED_STACK_SIZE=_EXTENDED #
#                            _STACK_START                                      #
#                            -Z(XDATA)XSTACK+_XDATA_STACK_SIZE=_XDATA0_START-_ #
#                            XDATA0_END                                        #
#                            -Z(XDATA)IXDATA_I,IXDATA_Z=_IXDATA0_START-_IXDATA #
#                            0_END                                             #
#                            -P(XDATA)IXDATA_N=_IXDATA0_START-_IXDATA0_END     #
#                            -Z(XDATA)XDATA_I,XDATA_Z=_XDATA0_START-_XDATA0_EN #
#                            D                                                 #
#                            -P(XDATA)XDATA_N=_XDATA0_START-_XDATA0_END        #
#                            -Z(XDATA)XDATA_HEAP+_XDATA_HEAP_SIZE=_XDATA0_STAR #
#                            T-_XDATA0_END                                     #
#                            -Z(CONST)XDATA_ROM_C=_XDATA0_START-_XDATA0_END    #
#                            -Z(CODE)FAR22_ID=[_CODE0_START-_CODE0_END]/10000  #
#                            -Z(CODE)FAR_ID=[_CODE0_START-_CODE0_END]/10000    #
#                            -cx51)                                            #
#                            "-IC:/Program Files (x86)\IAR Systems\Embedded Wo #
#                            rkbench 8.0\8051\CONFIG\"                         #
#                            -D_NR_OF_VIRTUAL_REGISTERS=8 -D?PBANK=0x91        #
#                            -D?CBANK=0xF0 -D?CBANK_MASK=0x30                  #
#                            -e?BCALL_30=?BCALL -e?BRET_30=?BRET               #
#                            -e?BDISPATCH_30=?BDISPATCH                        #
#                            -D_CODEBANK_START=0x8000 -D_CODEBANK_END=0xFFFF   #
#                            -D_NR_OF_BANKS=0x03 -rt                           #
#                            -Ointel-standard=C:\BSP\MG51_Series_V1.02.000_pyc #
#                            hecked\MG51xB9AE_MG51xC9AE_Series\SampleCode\RegB #
#                            ased\ADC_Bandgap_VDD\IAR\Debug\Exe\ADC_Bandgap_VD #
#                            D.a51                                             #
#                            -s __program_start                                #
#                            "C:/Program Files (x86)\IAR Systems\Embedded Work #
#                            bench 8.0\8051\LIB\CLIB\cl-pli-nlxd-1e16x01.r51"  #
#                            -D_IDATA_STACK_SIZE=0x40 -D?ESP=0 -D?ESP_MASK=0   #
#                            -D_EXTENDED_STACK_START=0                         #
#                            -D_EXTENDED_STACK_SIZE=0                          #
#                            -D_PDATA_STACK_SIZE=0x80                          #
#                            -D_XDATA_STACK_SIZE=0x1FF                         #
#                            -D_XDATA_HEAP_SIZE=0xFF -D_FAR_HEAP_SIZE=0xFFF    #
#                            -D_HUGE_HEAP_SIZE=0xFFF                           #
#                            -D_FAR22_HEAP_SIZE=0xFFF)                         #
#                                                                              #
#                           Copyright (C) 1987-2016 IAR Systems AB.            #
################################################################################





                ****************************************
                *                                      *
                *           CROSS REFERENCE            *
                *                                      *
                ****************************************

       Program entry at : CODE      00000003  Relocatable, from module : CSTARTUP




                ****************************************
                *                                      *
                *            RUNTIME MODEL             *
                *                                      *
                ****************************************

  __SystemLibrary          = CLib
  __calling_convention     = xdata_reentrant
  __code_model             = near
  __core                   = plain
  __data_model             = large
  __dptr_size              = 16
  __extended_stack         = disabled
  __location_for_constants = data
  __number_of_dptrs        = 1
  __register_banks         = *
  __rt_version             = 1

                ****************************************
                *                                      *
                *    AUTOMATIC SYMBOL REDIRECTIONS     *
                *                                      *
                ****************************************

       All references to: _formatted_write
         were redirected to: _large_write



                ****************************************
                *                                      *
                *              MODULE MAP              *
                *                                      *
                ****************************************


  DEFINED ABSOLUTE ENTRIES
    *************************************************************************

  DEFINED ABSOLUTE ENTRIES
  PROGRAM MODULE, NAME : ?ABS_ENTRY_MOD

Absolute parts
           ENTRY                   ADDRESS         REF BY
           =====                   =======         ======
           _FAR22_HEAP_SIZE        00000FFF 
           _HUGE_HEAP_SIZE         00000FFF 
           _FAR_HEAP_SIZE          00000FFF 
           _XDATA_HEAP_SIZE        000000FF 
           _XDATA_STACK_SIZE       000001FF 
           _PDATA_STACK_SIZE       00000080 
           _EXTENDED_STACK_SIZE    00000000 
           _EXTENDED_STACK_START   00000000 
           ?ESP_MASK               00000000 
           ?ESP                    00000000 
           _IDATA_STACK_SIZE       00000040 
           _NR_OF_BANKS            00000003 
           _CODEBANK_END           0000FFFF 
           _CODEBANK_START         00008000 
           ?CBANK_MASK             00000030 
           ?CBANK                  000000F0 
           ?PBANK                  00000091 
           _NR_OF_VIRTUAL_REGISTERS
                                   00000008 
           ?IP                     000000B8 
           ?IE                     000000A8 
           ?B                      000000F0 
           ?VB                     00000020        ?FUNC_ENTER_XDATA (?FUNC_ENTER_XDATA)
                                                   ?FUNC_LEAVE_XDATA (?FUNC_LEAVE_XDATA)
                                                   _large_write (?largewr)
           _BREG_START             00000000 
           _REGISTER_BANK_START    00000000 
           ?REGISTER_BANK          00000000        Segment part 6 (CSTARTUP)
           _SPROM_END              0000FFFE 
           _SPROM_START            0000FF80 
           _CODE0_END              00007FFF 
           _CODE0_START            00000000 
           _XDATA0_END             000003FF 
           _XDATA0_START           00000001 
           _IXDATA0_END            000003FF 
           _IXDATA0_START          00000001 
           _PDATA0_END             000000FF 
           _PDATA0_START           00000000 
           _IDATA0_END             000000FF 
           _IDATA0_START           00000000 
    *************************************************************************

  FILE NAME : C:\BSP\MG51_Series_V1.02.000_pychecked\MG51xB9AE_MG51xC9AE_Series\SampleCode\RegBased\ADC_Bandgap_VDD\IAR\Debug\Obj\adc.r51
  PROGRAM MODULE, NAME : adc

  SEGMENTS IN THE MODULE
  ======================
SFR_AN
  Relative segment, address: DATA 00000091 - 00000091 (0x1 bytes), align: 0
  Segment part 1. ROOT        Intra module refs:   MODIFY_HIRC (sys)
                                                   UART_Open (uart)
                                                   main (main)
           ENTRY                   ADDRESS         REF BY
           =====                   =======         ======
           SFRS                    00000091 
    -------------------------------------------------------------------------
SFR_AN
  Relative segment, address: DATA 0000009F - 0000009F (0x1 bytes), align: 0
  Segment part 2. ROOT        Intra module refs:   MODIFY_HIRC (sys)
                                                   READ_BANDGAP
           ENTRY                   ADDRESS         REF BY
           =====                   =======         ======
           CHPCON                  0000009F 
    -------------------------------------------------------------------------
SFR_AN
  Relative segment, address: DATA 000000A4 - 000000A4 (0x1 bytes), align: 0
  Segment part 3. ROOT        Intra module refs:   MODIFY_HIRC (sys)
                                                   READ_BANDGAP
           ENTRY                   ADDRESS         REF BY
           =====                   =======         ======
           IAPTRG                  000000A4 
    -------------------------------------------------------------------------
SFR_AN
  Relative segment, address: DATA 000000A6 - 000000A6 (0x1 bytes), align: 0
  Segment part 4. ROOT        Intra module refs:   MODIFY_HIRC (sys)
                                                   READ_BANDGAP
           ENTRY                   ADDRESS         REF BY
           =====                   =======         ======
           IAPAL                   000000A6 
    -------------------------------------------------------------------------
SFR_AN
  Relative segment, address: DATA 000000A7 - 000000A7 (0x1 bytes), align: 0
  Segment part 5. ROOT        Intra module refs:   MODIFY_HIRC (sys)
                                                   READ_BANDGAP
           ENTRY                   ADDRESS         REF BY
           =====                   =======         ======
           IAPAH                   000000A7 
    -------------------------------------------------------------------------
SFR_AN
  Relative segment, address: DATA 000000A8 - 000000A8 (0x1 bytes), align: 0
  Segment part 6. ROOT        Intra module refs:   Enable_UART0_VCOM_printf_24M_115200 (uart)
                                                   MODIFY_HIRC (sys)
                                                   READ_BANDGAP
                                                   UART_Open (uart)
                                                   UART_Send_Data (uart)
                                                   main (main)
           ENTRY                   ADDRESS         REF BY
           =====                   =======         ======
           _A_IE                   000000A8 
           LOCAL                   ADDRESS         
           =====                   =======         
           IE                      000000A8 
           IE_bit                  000000A8 
    -------------------------------------------------------------------------
SFR_AN
  Relative segment, address: DATA 000000AE - 000000AE (0x1 bytes), align: 0
  Segment part 7. ROOT        Intra module refs:   MODIFY_HIRC (sys)
                                                   READ_BANDGAP
           ENTRY                   ADDRESS         REF BY
           =====                   =======         ======
           IAPFD                   000000AE 
    -------------------------------------------------------------------------
SFR_AN
  Relative segment, address: DATA 000000AF - 000000AF (0x1 bytes), align: 0
  Segment part 8. ROOT        Intra module refs:   MODIFY_HIRC (sys)
                                                   READ_BANDGAP
           ENTRY                   ADDRESS         REF BY
           =====                   =======         ======
           IAPCN                   000000AF 
    -------------------------------------------------------------------------
SFR_AN
  Relative segment, address: DATA 000000C7 - 000000C7 (0x1 bytes), align: 0
  Segment part 9. ROOT        Intra module refs:   MODIFY_HIRC (sys)
                                                   READ_BANDGAP
                                                   UART_Open (uart)
                                                   main (main)
           ENTRY                   ADDRESS         REF BY
           =====                   =======         ======
           TA                      000000C7 
    -------------------------------------------------------------------------
SFR_AN
  Relative segment, address: DATA 000000CE - 000000CE (0x1 bytes), align: 0
  Segment part 10. ROOT 
           ENTRY                   ADDRESS         REF BY
           =====                   =======         ======
           ADCMPL                  000000CE 
    -------------------------------------------------------------------------
SFR_AN
  Relative segment, address: DATA 000000CF - 000000CF (0x1 bytes), align: 0
  Segment part 11. ROOT 
           ENTRY                   ADDRESS         REF BY
           =====                   =======         ======
           ADCMPH                  000000CF 
    -------------------------------------------------------------------------
SFR_AN
  Relative segment, address: DATA 000000E1 - 000000E1 (0x1 bytes), align: 0
  Segment part 12. ROOT       Intra module refs:   main (main)
           ENTRY                   ADDRESS         REF BY
           =====                   =======         ======
           ADCCON1                 000000E1 
    -------------------------------------------------------------------------
SFR_AN
  Relative segment, address: DATA 000000E2 - 000000E2 (0x1 bytes), align: 0
  Segment part 13. ROOT       Intra module refs:   main (main)
           ENTRY                   ADDRESS         REF BY
           =====                   =======         ======
           ADCCON2                 000000E2 
    -------------------------------------------------------------------------
<NEAR_CODE> 1 (was NEAR_CODE)
  Relative segment, address: CODE 00002092 - 0000212C (0x9b bytes), align: 0
  Segment part 21.
           ENTRY                   ADDRESS         REF BY
           =====                   =======         ======
           READ_BANDGAP            00002092        main (main)
               ISTACK = 00000000 ( 00000002 )

    *************************************************************************

  FILE NAME : C:\BSP\MG51_Series_V1.02.000_pychecked\MG51xB9AE_MG51xC9AE_Series\SampleCode\RegBased\ADC_Bandgap_VDD\IAR\Debug\Obj\common.r51
  PROGRAM MODULE, NAME : common

  SEGMENTS IN THE MODULE
  ======================
SFR_AN
  Relative segment, address: DATA 00000087 - 00000087 (0x1 bytes), align: 0
  Segment part 1. ROOT        Intra module refs:   UART_Open (uart)
           ENTRY                   ADDRESS         REF BY
           =====                   =======         ======
           PCON                    00000087 
    -------------------------------------------------------------------------
BIT_N
  Relative segment, address: BIT 00000021.0 - 00000021.0 (0x1 bits), align: 0
  Segment part 10.
           ENTRY                   ADDRESS         REF BY
           =====                   =======         ======
           BIT_TMP                 00000021.0      MODIFY_HIRC (sys)
                                                   READ_BANDGAP (adc)
                                                   UART_Open (uart)
                                                   main (main)

    *************************************************************************

  FILE NAME : C:\BSP\MG51_Series_V1.02.000_pychecked\MG51xB9AE_MG51xC9AE_Series\SampleCode\RegBased\ADC_Bandgap_VDD\IAR\Debug\Obj\cstartup.r51
  LIBRARY MODULE, NAME : CSTARTUP

  SEGMENTS IN THE MODULE
  ======================
REGISTERS
  Relative segment, address: DATA 00000000, align: 0
  Segment part 0.             Intra module refs:   Segment part 6
           ENTRY                   ADDRESS         REF BY
           =====                   =======         ======
           ?REGISTERS              00000000 
    -------------------------------------------------------------------------
ISTACK
  Relative segment, address: IDATA 000000C0, align: 0
  Segment part 1.             Intra module refs:   Segment part 6
           ENTRY                   ADDRESS         REF BY
           =====                   =======         ======
           ?ISTACK_START           000000C0 
    -------------------------------------------------------------------------
XSTACK
  Relative segment, address: XDATA 00000001, align: 0
  Segment part 3.             Intra module refs:   ?RESET_XSP
           ENTRY                   ADDRESS         REF BY
           =====                   =======         ======
           ?XSTACK_START           00000001 
    -------------------------------------------------------------------------
INTVEC
  Common segment, address: CODE 00000000 - 00000002 (0x3 bytes), align: 0
  Segment part 5. ROOT        Intra module refs:   Segment part 6
           LOCAL                   ADDRESS         
           =====                   =======         
           ?reset_vector           00000000 
    -------------------------------------------------------------------------
CSTART
  Relative segment, address: CODE 00000003 - 0000001C (0x1a bytes), align: 0
  Segment part 6. ROOT        Intra module refs:   ?reset_vector
           ENTRY                   ADDRESS         REF BY
           =====                   =======         ======
           __program_start         00000003        Absolute parts (?ABS_ENTRY_MOD)
           ?RESET_SP               0000001A 
           LOCAL                   ADDRESS         
           =====                   =======         
           __IDATACLEAR            00000006 
           IDATALOOP               00000009 
           __XDATACLEAR            0000000C 
           XDATALOOP               00000013 
    -------------------------------------------------------------------------
CSTART
  Relative segment, address: CODE 0000001D - 00000022 (0x6 bytes), align: 0
  Segment part 8.
           ENTRY                   ADDRESS         REF BY
           =====                   =======         ======
           ?RESET_XSP              0000001D        ?XSP (VIRTUAL_REGISTERS)
    -------------------------------------------------------------------------
CSTART
  Relative segment, address: CODE 00000023 - 00000025 (0x3 bytes), align: 0
  Segment part 13.            Intra module refs:   Absolute parts
           LOCAL                   ADDRESS         
           =====                   =======         
           __call_main             00000023 

    -------------------------------------------------------------------------
  LIBRARY MODULE, NAME : VIRTUAL_REGISTERS

  SEGMENTS IN THE MODULE
  ======================
BREG
  Relative segment, address: BIT 00000020.0 - 00000020.7 (0x8 bits), align: 0
  Segment part 0.
           ENTRY                   ADDRESS         REF BY
           =====                   =======         ======
           ?B0                     00000020.0      Absolute parts (CSTARTUP)
    -------------------------------------------------------------------------
VREG
  Relative segment, address: DATA 00000008 - 00000008 (0x1 bytes), align: 0
  Segment part 1.             Intra module refs:   ?V1
           ENTRY                   ADDRESS         REF BY
           =====                   =======         ======
           ?V0                     00000008        ?FUNC_ENTER_XDATA (?FUNC_ENTER_XDATA)
                                                   ?FUNC_LEAVE_XDATA (?FUNC_LEAVE_XDATA)
                                                   ?SL_GE_X (?SL_GE_X)
                                                   READ_BANDGAP (adc)
                                                   Segment part 55 (?largewr)
                                                   Segment part 78 (?largewr)
                                                   Segment part 79 (?largewr)
                                                   Segment part 87 (?largewr)
                                                   UART_Open (uart)
                                                   _large_write (?largewr)
                                                   float_conversion (?largewr)
                                                   main (main)
                                                   printf (?printf)
    -------------------------------------------------------------------------
VREG
  Relative segment, address: DATA 00000009 - 00000009 (0x1 bytes), align: 0
  Segment part 2.             Intra module refs:   ?V2
           ENTRY                   ADDRESS         REF BY
           =====                   =======         ======
           ?V1                     00000009        READ_BANDGAP (adc)
                                                   Segment part 50 (?largewr)
                                                   Segment part 51 (?largewr)
                                                   Segment part 55 (?largewr)
                                                   Segment part 78 (?largewr)
                                                   Segment part 87 (?largewr)
                                                   UART_Open (uart)
                                                   _large_write (?largewr)
                                                   float_conversion (?largewr)
                                                   main (main)
                                                   printf (?printf)
    -------------------------------------------------------------------------
VREG
  Relative segment, address: DATA 0000000A - 0000000A (0x1 bytes), align: 0
  Segment part 3.             Intra module refs:   ?V3
           ENTRY                   ADDRESS         REF BY
           =====                   =======         ======
           ?V2                     0000000A        UART_Open (uart)
                                                   _large_write (?largewr)
                                                   float_conversion (?largewr)
                                                   main (main)
    -------------------------------------------------------------------------
VREG
  Relative segment, address: DATA 0000000B - 0000000B (0x1 bytes), align: 0
  Segment part 4.             Intra module refs:   ?V4
           ENTRY                   ADDRESS         REF BY
           =====                   =======         ======
           ?V3                     0000000B        UART_Open (uart)
                                                   _large_write (?largewr)
                                                   float_conversion (?largewr)
                                                   main (main)
    -------------------------------------------------------------------------
VREG
  Relative segment, address: DATA 0000000C - 0000000C (0x1 bytes), align: 0
  Segment part 5.             Intra module refs:   ?V5
           ENTRY                   ADDRESS         REF BY
           =====                   =======         ======
           ?V4                     0000000C        UART_Open (uart)
                                                   _large_write (?largewr)
                                                   float_conversion (?largewr)
                                                   main (main)
    -------------------------------------------------------------------------
VREG
  Relative segment, address: DATA 0000000D - 0000000D (0x1 bytes), align: 0
  Segment part 6.             Intra module refs:   ?V6
           ENTRY                   ADDRESS         REF BY
           =====                   =======         ======
           ?V5                     0000000D        UART_Open (uart)
                                                   _large_write (?largewr)
                                                   float_conversion (?largewr)
                                                   main (main)
    -------------------------------------------------------------------------
VREG
  Relative segment, address: DATA 0000000E - 0000000E (0x1 bytes), align: 0
  Segment part 7.             Intra module refs:   ?V7
           ENTRY                   ADDRESS         REF BY
           =====                   =======         ======
           ?V6                     0000000E        UART_Open (uart)
                                                   _large_write (?largewr)
                                                   float_conversion (?largewr)
                                                   main (main)
    -------------------------------------------------------------------------
VREG
  Relative segment, address: DATA 0000000F - 0000000F (0x1 bytes), align: 0
  Segment part 8.
           ENTRY                   ADDRESS         REF BY
           =====                   =======         ======
           ?V7                     0000000F        UART_Open (uart)
                                                   _large_write (?largewr)
                                                   float_conversion (?largewr)
                                                   main (main)
    -------------------------------------------------------------------------
XSP
  Relative segment, address: DATA 00000010 - 00000011 (0x2 bytes), align: 0
  Segment part 34.
           ENTRY                   ADDRESS         REF BY
           =====                   =======         ======
           ?XSP                    00000010        ?ADD_XSTACK_DISP0_8 (?ADD_XSTACK_DISP8)
                                                   ?ALLOC_XSTACK8 (?ALLOC_XSTACK8)
                                                   ?DEALLOC_XSTACK8 (?DEALLOC_XSTACK8)
                                                   ?FUNC_ENTER_XDATA (?FUNC_ENTER_XDATA)
                                                   ?FUNC_LEAVE_XDATA (?FUNC_LEAVE_XDATA)
                                                   ?PUSH_XSTACK8_X (?PUSH_XSTACK8_X)
                                                   ?RESET_XSP (CSTARTUP)
                                                   ?XSTACK_DISP0_8 (?XSTACK_DISP8)
                                                   ?XSTACK_DISP100_8 (?XSTACK_DISP8_RP)
                                                   Segment part 100 (?largewr)
                                                   Segment part 38 (?largewr)
                                                   Segment part 42 (?largewr)
                                                   Segment part 74 (?largewr)
                                                   Segment part 80 (?largewr)
                                                   Segment part 92 (?largewr)
                                                   Segment part 95 (?largewr)
                                                   UART_Open (uart)
                                                   _large_write (?largewr)
                                                   float_conversion (?largewr)
                                                   printf (?printf)

    *************************************************************************

  FILE NAME : C:\BSP\MG51_Series_V1.02.000_pychecked\MG51xB9AE_MG51xC9AE_Series\SampleCode\RegBased\ADC_Bandgap_VDD\IAR\Debug\Obj\main.r51
  PROGRAM MODULE, NAME : main

  SEGMENTS IN THE MODULE
  ======================
SFR_AN
  Relative segment, address: DATA 000000C2 - 000000C2 (0x1 bytes), align: 0
  Segment part 3. ROOT        Intra module refs:   main
           ENTRY                   ADDRESS         REF BY
           =====                   =======         ======
           ADCRL                   000000C2 
    -------------------------------------------------------------------------
SFR_AN
  Relative segment, address: DATA 000000C3 - 000000C3 (0x1 bytes), align: 0
  Segment part 4. ROOT        Intra module refs:   main
           ENTRY                   ADDRESS         REF BY
           =====                   =======         ======
           ADCRH                   000000C3 
    -------------------------------------------------------------------------
SFR_AN
  Relative segment, address: DATA 000000E8 - 000000E8 (0x1 bytes), align: 0
  Segment part 8. ROOT        Intra module refs:   main
           ENTRY                   ADDRESS         REF BY
           =====                   =======         ======
           _A_ADCCON0              000000E8 
           LOCAL                   ADDRESS         
           =====                   =======         
           ADCCON0                 000000E8 
           ADCCON0_bit             000000E8 
    -------------------------------------------------------------------------
XDATA_Z
  Relative segment, address: XDATA 000002A8 - 000002AB (0x4 bytes), align: 0
  Segment part 22.            Intra module refs:   main
           ENTRY                   ADDRESS         REF BY
           =====                   =======         ======
           Bandgap_Voltage         000002A8 
    -------------------------------------------------------------------------
XDATA_Z
  Relative segment, address: XDATA 000002AC - 000002AF (0x4 bytes), align: 0
  Segment part 23.            Intra module refs:   main
           ENTRY                   ADDRESS         REF BY
           =====                   =======         ======
           VDD_Voltage             000002AC 
    -------------------------------------------------------------------------
<NEAR_CODE> 1 (was NEAR_CODE)
  Relative segment, address: CODE 00001DEB - 00001F64 (0x17a bytes), align: 0
  Segment part 30.
           ENTRY                   ADDRESS         REF BY
           =====                   =======         ======
           main                    00001DEB        ?call_main (?cmain)
               calls direct
               XSTACK = 00000000 ( 00000004 )
    -------------------------------------------------------------------------
XDATA_ID
  Relative segment, address: CODE 00000067 - 00000078 (0x12 bytes), align: 0
  Segment part 15.            Intra module refs:   Segment part 14
    -------------------------------------------------------------------------
XDATA_ID
  Relative segment, address: CODE 00000079 - 0000008B (0x13 bytes), align: 0
  Segment part 17.            Intra module refs:   Segment part 16
    -------------------------------------------------------------------------
XDATA_ID
  Relative segment, address: CODE 0000008C - 00000091 (0x6 bytes), align: 0
  Segment part 19.            Intra module refs:   Segment part 18
    -------------------------------------------------------------------------
XDATA_ID
  Relative segment, address: CODE 00000092 - 000000A5 (0x14 bytes), align: 0
  Segment part 21.            Intra module refs:   Segment part 20
    -------------------------------------------------------------------------
XDATA_ID
  Relative segment, address: CODE 000000A6 - 000000A9 (0x4 bytes), align: 0
  Segment part 25.            Intra module refs:   __Constant_45400000
    -------------------------------------------------------------------------
XDATA_ID
  Relative segment, address: CODE 000000AA - 000000AD (0x4 bytes), align: 0
  Segment part 27.            Intra module refs:   __Constant_40400000
    -------------------------------------------------------------------------
XDATA_ID
  Relative segment, address: CODE 000000AE - 000000B1 (0x4 bytes), align: 0
  Segment part 29.            Intra module refs:   __Constant_40800000
    -------------------------------------------------------------------------
XDATA_I
  Relative segment, address: XDATA 00000200 - 00000211 (0x12 bytes), align: 0
  Segment part 14.            Intra module refs:   main
    -------------------------------------------------------------------------
XDATA_I
  Relative segment, address: XDATA 00000212 - 00000224 (0x13 bytes), align: 0
  Segment part 16.            Intra module refs:   main
    -------------------------------------------------------------------------
XDATA_I
  Relative segment, address: XDATA 00000225 - 0000022A (0x6 bytes), align: 0
  Segment part 18.            Intra module refs:   main
    -------------------------------------------------------------------------
XDATA_I
  Relative segment, address: XDATA 0000022B - 0000023E (0x14 bytes), align: 0
  Segment part 20.            Intra module refs:   main
    -------------------------------------------------------------------------
XDATA_I
  Relative segment, address: XDATA 0000023F - 00000242 (0x4 bytes), align: 0
  Segment part 24.            Intra module refs:   main
           ENTRY                   ADDRESS         REF BY
           =====                   =======         ======
           __Constant_45400000     0000023F 
    -------------------------------------------------------------------------
XDATA_I
  Relative segment, address: XDATA 00000243 - 00000246 (0x4 bytes), align: 0
  Segment part 26.            Intra module refs:   main
           ENTRY                   ADDRESS         REF BY
           =====                   =======         ======
           __Constant_40400000     00000243 
    -------------------------------------------------------------------------
XDATA_I
  Relative segment, address: XDATA 00000247 - 0000024A (0x4 bytes), align: 0
  Segment part 28.            Intra module refs:   main
           ENTRY                   ADDRESS         REF BY
           =====                   =======         ======
           __Constant_40800000     00000247 

    *************************************************************************

  FILE NAME : C:\BSP\MG51_Series_V1.02.000_pychecked\MG51xB9AE_MG51xC9AE_Series\SampleCode\RegBased\ADC_Bandgap_VDD\IAR\Debug\Obj\putchar.r51
  PROGRAM MODULE, NAME : putchar

  SEGMENTS IN THE MODULE
  ======================
<NEAR_CODE> 1 (was NEAR_CODE)
  Relative segment, address: CODE 00002182 - 0000219A (0x19 bytes), align: 0
  Segment part 6.
           ENTRY                   ADDRESS         REF BY
           =====                   =======         ======
           putchar                 00002182        put_one_char (?printf)
               calls direct
               XSTACK = 00000000 ( 00000008 )

    *************************************************************************

  FILE NAME : C:\BSP\MG51_Series_V1.02.000_pychecked\MG51xB9AE_MG51xC9AE_Series\SampleCode\RegBased\ADC_Bandgap_VDD\IAR\Debug\Obj\sys.r51
  PROGRAM MODULE, NAME : sys

  SEGMENTS IN THE MODULE
  ======================
SFR_AN
  Relative segment, address: DATA 00000084 - 00000084 (0x1 bytes), align: 0
  Segment part 1. ROOT        Intra module refs:   MODIFY_HIRC
           ENTRY                   ADDRESS         REF BY
           =====                   =======         ======
           RCTRIM0                 00000084 
    -------------------------------------------------------------------------
SFR_AN
  Relative segment, address: DATA 00000085 - 00000085 (0x1 bytes), align: 0
  Segment part 2. ROOT        Intra module refs:   MODIFY_HIRC
           ENTRY                   ADDRESS         REF BY
           =====                   =======         ======
           RCTRIM1                 00000085 
    -------------------------------------------------------------------------
SFR_AN
  Relative segment, address: DATA 00000096 - 00000096 (0x1 bytes), align: 0
  Segment part 4. ROOT 
           ENTRY                   ADDRESS         REF BY
           =====                   =======         ======
           CKSWT                   00000096 
    -------------------------------------------------------------------------
SFR_AN
  Relative segment, address: DATA 00000097 - 00000097 (0x1 bytes), align: 0
  Segment part 5. ROOT 
           ENTRY                   ADDRESS         REF BY
           =====                   =======         ======
           CKEN                    00000097 
    -------------------------------------------------------------------------
SFR_AN
  Relative segment, address: DATA 000000AA - 000000AA (0x1 bytes), align: 0
  Segment part 11. ROOT       Intra module refs:   MODIFY_HIRC
           ENTRY                   ADDRESS         REF BY
           =====                   =======         ======
           WDCON                   000000AA 
    -------------------------------------------------------------------------
<NEAR_CODE> 1 (was NEAR_CODE)
  Relative segment, address: CODE 00001F65 - 00002091 (0x12d bytes), align: 0
  Segment part 20.
           ENTRY                   ADDRESS         REF BY
           =====                   =======         ======
           MODIFY_HIRC             00001F65        main (main)

    *************************************************************************

  FILE NAME : C:\BSP\MG51_Series_V1.02.000_pychecked\MG51xB9AE_MG51xC9AE_Series\SampleCode\RegBased\ADC_Bandgap_VDD\IAR\Debug\Obj\uart.r51
  PROGRAM MODULE, NAME : uart

  SEGMENTS IN THE MODULE
  ======================
SFR_AN
  Relative segment, address: DATA 00000088 - 00000088 (0x1 bytes), align: 0
  Segment part 2. ROOT        Intra module refs:   UART_Open
           ENTRY                   ADDRESS         REF BY
           =====                   =======         ======
           _A_TCON                 00000088 
           LOCAL                   ADDRESS         
           =====                   =======         
           TCON                    00000088 
           TCON_bit                00000088 
    -------------------------------------------------------------------------
SFR_AN
  Relative segment, address: DATA 00000089 - 00000089 (0x1 bytes), align: 0
  Segment part 3. ROOT        Intra module refs:   UART_Open
           ENTRY                   ADDRESS         REF BY
           =====                   =======         ======
           TMOD                    00000089 
    -------------------------------------------------------------------------
SFR_AN
  Relative segment, address: DATA 0000008D - 0000008D (0x1 bytes), align: 0
  Segment part 4. ROOT        Intra module refs:   UART_Open
           ENTRY                   ADDRESS         REF BY
           =====                   =======         ======
           TH1                     0000008D 
    -------------------------------------------------------------------------
SFR_AN
  Relative segment, address: DATA 0000008E - 0000008E (0x1 bytes), align: 0
  Segment part 5. ROOT        Intra module refs:   UART_Open
           ENTRY                   ADDRESS         REF BY
           =====                   =======         ======
           CKCON                   0000008E 
    -------------------------------------------------------------------------
SFR_AN
  Relative segment, address: DATA 00000098 - 00000098 (0x1 bytes), align: 0
  Segment part 7. ROOT        Intra module refs:   Enable_UART0_VCOM_printf_24M_115200
                                                   UART_Open
                                                   UART_Send_Data
           ENTRY                   ADDRESS         REF BY
           =====                   =======         ======
           _A_SCON                 00000098 
           LOCAL                   ADDRESS         
           =====                   =======         
           SCON                    00000098 
           SCON_bit                00000098 
    -------------------------------------------------------------------------
SFR_AN
  Relative segment, address: DATA 00000099 - 00000099 (0x1 bytes), align: 0
  Segment part 8. ROOT        Intra module refs:   UART_Send_Data
           ENTRY                   ADDRESS         REF BY
           =====                   =======         ======
           SBUF                    00000099 
    -------------------------------------------------------------------------
SFR_AN
  Relative segment, address: DATA 0000009A - 0000009A (0x1 bytes), align: 0
  Segment part 9. ROOT        Intra module refs:   UART_Send_Data
           ENTRY                   ADDRESS         REF BY
           =====                   =======         ======
           SBUF_1                  0000009A 
    -------------------------------------------------------------------------
SFR_AN
  Relative segment, address: DATA 0000009C - 0000009C (0x1 bytes), align: 0
  Segment part 10. ROOT       Intra module refs:   UART_Send_Data
           ENTRY                   ADDRESS         REF BY
           =====                   =======         ======
           EIE1                    0000009C 
    -------------------------------------------------------------------------
SFR_AN
  Relative segment, address: DATA 000000B1 - 000000B1 (0x1 bytes), align: 0
  Segment part 12. ROOT       Intra module refs:   Enable_UART0_VCOM_printf_24M_115200
           ENTRY                   ADDRESS         REF BY
           =====                   =======         ======
           P0M1                    000000B1 
    -------------------------------------------------------------------------
SFR_AN
  Relative segment, address: DATA 000000B2 - 000000B2 (0x1 bytes), align: 0
  Segment part 13. ROOT       Intra module refs:   Enable_UART0_VCOM_printf_24M_115200
           ENTRY                   ADDRESS         REF BY
           =====                   =======         ======
           P0M2                    000000B2 
    -------------------------------------------------------------------------
SFR_AN
  Relative segment, address: DATA 000000C4 - 000000C4 (0x1 bytes), align: 0
  Segment part 14. ROOT       Intra module refs:   UART_Open
           ENTRY                   ADDRESS         REF BY
           =====                   =======         ======
           T3CON                   000000C4 
    -------------------------------------------------------------------------
SFR_AN
  Relative segment, address: DATA 000000C5 - 000000C5 (0x1 bytes), align: 0
  Segment part 15. ROOT       Intra module refs:   UART_Open
           ENTRY                   ADDRESS         REF BY
           =====                   =======         ======
           RL3                     000000C5 
    -------------------------------------------------------------------------
SFR_AN
  Relative segment, address: DATA 000000C6 - 000000C6 (0x1 bytes), align: 0
  Segment part 16. ROOT       Intra module refs:   UART_Open
           ENTRY                   ADDRESS         REF BY
           =====                   =======         ======
           RH3                     000000C6 
    -------------------------------------------------------------------------
SFR_AN
  Relative segment, address: DATA 000000F8 - 000000F8 (0x1 bytes), align: 0
  Segment part 18. ROOT       Intra module refs:   UART_Open
                                                   UART_Send_Data
           ENTRY                   ADDRESS         REF BY
           =====                   =======         ======
           _A_SCON_1               000000F8 
           LOCAL                   ADDRESS         
           =====                   =======         
           SCON_1                  000000F8 
           SCON_1_bit              000000F8 
    -------------------------------------------------------------------------
BIT_N
  Relative segment, address: BIT 00000021.1 - 00000021.1 (0x1 bits), align: 0
  Segment part 24.            Intra module refs:   Enable_UART0_VCOM_printf_24M_115200
           ENTRY                   ADDRESS         REF BY
           =====                   =======         ======
           PRINTFG                 00000021.1
    -------------------------------------------------------------------------
<NEAR_CODE> 1 (was NEAR_CODE)
  Relative segment, address: CODE 00001BEC - 00001D9A (0x1af bytes), align: 0
  Segment part 33.            Intra module refs:   Enable_UART0_VCOM_printf_24M_115200
           ENTRY                   ADDRESS         REF BY
           =====                   =======         ======
           UART_Open               00001BEC 
               XSTACK = 00000004 ( 00000013 )
    -------------------------------------------------------------------------
<NEAR_CODE> 1 (was NEAR_CODE)
  Relative segment, address: CODE 00001D9B - 00001DBF (0x25 bytes), align: 0
  Segment part 35.
           ENTRY                   ADDRESS         REF BY
           =====                   =======         ======
           UART_Send_Data          00001D9B        putchar (putchar)
    -------------------------------------------------------------------------
<NEAR_CODE> 1 (was NEAR_CODE)
  Relative segment, address: CODE 00001DC0 - 00001DEA (0x2b bytes), align: 0
  Segment part 36.
           ENTRY                   ADDRESS         REF BY
           =====                   =======         ======
           Enable_UART0_VCOM_printf_24M_115200
                                   00001DC0        main (main)
               calls direct
               XSTACK = 00000000 ( 00000004 )
               ISTACK = 00000000 ( 00000002 )
    -------------------------------------------------------------------------
XDATA_I
  Relative segment, address: XDATA 0000024B - 0000024E (0x4 bytes), align: 0
  Segment part 29.            Intra module refs:   Enable_UART0_VCOM_printf_24M_115200
           ENTRY                   ADDRESS         REF BY
           =====                   =======         ======
           __Constant_1c200        0000024B 
    -------------------------------------------------------------------------
XDATA_ID
  Relative segment, address: CODE 000000B2 - 000000B5 (0x4 bytes), align: 0
  Segment part 30.            Intra module refs:   __Constant_1c200
    -------------------------------------------------------------------------
XDATA_I
  Relative segment, address: XDATA 0000024F - 00000252 (0x4 bytes), align: 0
  Segment part 31.            Intra module refs:   Enable_UART0_VCOM_printf_24M_115200
           ENTRY                   ADDRESS         REF BY
           =====                   =======         ======
           __Constant_16e3600      0000024F 
    -------------------------------------------------------------------------
XDATA_ID
  Relative segment, address: CODE 000000B6 - 000000B9 (0x4 bytes), align: 0
  Segment part 32.            Intra module refs:   __Constant_16e3600

    *************************************************************************

  FILE NAME : C:\Program Files (x86)\IAR Systems\Embedded Workbench 8.0\8051\LIB\CLIB\cl-pli-nlxd-1e16x01.r51
  LIBRARY MODULE, NAME : ?cexit

  SEGMENTS IN THE MODULE
  ======================
CSTART
  Relative segment, address: CODE 00000026 - 0000002A (0x5 bytes), align: 0
  Segment part 0.
           ENTRY                   ADDRESS         REF BY
           =====                   =======         ======
           exit                    00000026        ?call_main (?cmain)
           ?C_EXIT                 00000026 
           ?ROM_MONITOR_NOPS       00000026 

    -------------------------------------------------------------------------
  LIBRARY MODULE, NAME : ?cmain

  SEGMENTS IN THE MODULE
  ======================
CSTART
  Relative segment, address: CODE 0000002B, align: 0
  Segment part 5.
           ENTRY                   ADDRESS         REF BY
           =====                   =======         ======
           ?cmain                  0000002B        __call_main (CSTARTUP)
               calls direct
    -------------------------------------------------------------------------
CSTART
  Relative segment, address: CODE 0000002B - 0000003A (0x10 bytes), align: 0
  Segment part 16.
           ENTRY                   ADDRESS         REF BY
           =====                   =======         ======
           __INIT_XDATA_Z          0000002B        Bandgap_Voltage (main)
                                                   VDD_Voltage (main)
    -------------------------------------------------------------------------
CSTART
  Relative segment, address: CODE 0000003B - 00000060 (0x26 bytes), align: 0
  Segment part 33.
           ENTRY                   ADDRESS         REF BY
           =====                   =======         ======
           __INIT_XDATA_I          0000003B        Segment part 10 (?largewr)
                                                   Segment part 12 (?largewr)
                                                   Segment part 14 (main)
                                                   Segment part 16 (main)
                                                   Segment part 18 (main)
                                                   Segment part 20 (main)
                                                   Segment part 6 (?largewr)
                                                   Segment part 8 (?largewr)
                                                   __Constant_0 (?largewr)
                                                   __Constant_16e3600 (uart)
                                                   __Constant_1c200 (uart)
                                                   __Constant_2edbe700 (?largewr)
                                                   __Constant_3f800000 (?largewr)
                                                   __Constant_40400000 (main)
                                                   __Constant_40800000 (main)
                                                   __Constant_40a00000 (?largewr)
                                                   __Constant_41200000 (?largewr)
                                                   __Constant_45400000 (main)
                                                   __Constant_501502f9 (?largewr)
                                                   __Constant_51ba43b7 (?largewr)
                                                   __Constant_7f800000 (?largewr)
    -------------------------------------------------------------------------
CSTART
  Relative segment, address: CODE 00000061 - 00000066 (0x6 bytes), align: 0
  Segment part 38.            Intra module refs:   ?cmain
           ENTRY                   ADDRESS         REF BY
           =====                   =======         ======
           ?call_main              00000061 

    -------------------------------------------------------------------------
  LIBRARY MODULE, NAME : ?SL_GE_X

  SEGMENTS IN THE MODULE
  ======================
RCODE
  Relative segment, address: CODE 0000010F - 00000134 (0x26 bytes), align: 0
  Segment part 1.
           ENTRY                   ADDRESS         REF BY
           =====                   =======         ======
           ?SL_GE_X                0000010F        _large_write (?largewr)

    -------------------------------------------------------------------------
  LIBRARY MODULE, NAME : ?L_TO_FLT

  SEGMENTS IN THE MODULE
  ======================
RCODE
  Relative segment, address: CODE 00000135 - 00000137 (0x3 bytes), align: 0
  Segment part 0.
           ENTRY                   ADDRESS         REF BY
           =====                   =======         ======
           ?L_TO_FLT               00000135        float_conversion (?largewr)
    -------------------------------------------------------------------------
RCODE
  Relative segment, address: CODE 00000138 - 0000014C (0x15 bytes), align: 0
  Segment part 1.             Intra module refs:   ?L_TO_FLT
           ENTRY                   ADDRESS         REF BY
           =====                   =======         ======
           ?L_TO_FLT_REW           00000138 
    -------------------------------------------------------------------------
RCODE
  Relative segment, address: CODE 0000014D - 0000014F (0x3 bytes), align: 0
  Segment part 2.             Intra module refs:   ?L_TO_FLT_REW
           ENTRY                   ADDRESS         REF BY
           =====                   =======         ======
           ?UL_TO_FLT_REW          0000014D 
    -------------------------------------------------------------------------
RCODE
  Relative segment, address: CODE 00000150 - 000001AC (0x5d bytes), align: 0
  Segment part 3.             Intra module refs:   ?L_TO_FLT_REW
                                                   ?UL_TO_FLT_REW
           ENTRY                   ADDRESS         REF BY
           =====                   =======         ======
           ?UL_TO_FLT              00000150        main (main)

    -------------------------------------------------------------------------
  LIBRARY MODULE, NAME : ?FLT_TO_L

  SEGMENTS IN THE MODULE
  ======================
RCODE
  Relative segment, address: CODE 000001AD - 000001E0 (0x34 bytes), align: 0
  Segment part 5.
           ENTRY                   ADDRESS         REF BY
           =====                   =======         ======
           ?FLT_TO_L               000001AD        float_conversion (?largewr)
    -------------------------------------------------------------------------
RCODE
  Relative segment, address: CODE 000001E1 - 000001EC (0xc bytes), align: 0
  Segment part 6.             Intra module refs:   ?FLT_TO_L
    -------------------------------------------------------------------------
RCODE
  Relative segment, address: CODE 000001ED - 0000023B (0x4f bytes), align: 0
  Segment part 7.             Intra module refs:   ?FLT_TO_L

    -------------------------------------------------------------------------
  LIBRARY MODULE, NAME : ?FLT_TEST_ZERO

  SEGMENTS IN THE MODULE
  ======================
RCODE
  Relative segment, address: CODE 0000023C - 00000244 (0x9 bytes), align: 0
  Segment part 1.
           ENTRY                   ADDRESS         REF BY
           =====                   =======         ======
           ?FLT_TEST_ZERO_REW      0000023C        ?FLT_ADD (?FLT_ADD)
                                                   ?FLT_DIV (?FLT_DIV)
                                                   ?FLT_EQ (?FLT_EQ)
                                                   ?FLT_GE (?FLT_GE)
                                                   ?FLT_LT (?FLT_LT)
                                                   ?FLT_MUL (?FLT_MUL)

    -------------------------------------------------------------------------
  LIBRARY MODULE, NAME : ?FLT_TEST_ZERO_R1

  SEGMENTS IN THE MODULE
  ======================
RCODE
  Relative segment, address: CODE 00000245 - 0000024D (0x9 bytes), align: 0
  Segment part 1.
           ENTRY                   ADDRESS         REF BY
           =====                   =======         ======
           ?FLT_TEST_ZERO_R1_REW   00000245        ?FLT_ADD (?FLT_ADD)
                                                   ?FLT_DIV (?FLT_DIV)
                                                   ?FLT_EQ (?FLT_EQ)
                                                   ?FLT_GE (?FLT_GE)
                                                   ?FLT_LT (?FLT_LT)
                                                   ?FLT_MUL (?FLT_MUL)

    -------------------------------------------------------------------------
  LIBRARY MODULE, NAME : ?FLT_TEST_INF

  SEGMENTS IN THE MODULE
  ======================
RCODE
  Relative segment, address: CODE 0000024E - 00000250 (0x3 bytes), align: 0
  Segment part 0.
           ENTRY                   ADDRESS         REF BY
           =====                   =======         ======
           ?FLT_TEST_INF_REW       0000024E        ?FLT_ADD (?FLT_ADD)
                                                   ?FLT_MUL (?FLT_MUL)
    -------------------------------------------------------------------------
RCODE
  Relative segment, address: CODE 00000251 - 00000261 (0x11 bytes), align: 0
  Segment part 1.             Intra module refs:   ?FLT_TEST_INF_REW
           ENTRY                   ADDRESS         REF BY
           =====                   =======         ======
           ?FLT_TEST_INF           00000251        ?FLT_DIV (?FLT_DIV)

    -------------------------------------------------------------------------
  LIBRARY MODULE, NAME : ?FLT_TEST_INF_R1

  SEGMENTS IN THE MODULE
  ======================
RCODE
  Relative segment, address: CODE 00000262 - 00000264 (0x3 bytes), align: 0
  Segment part 0.
           ENTRY                   ADDRESS         REF BY
           =====                   =======         ======
           ?FLT_TEST_INF_R1_REW    00000262        ?FLT_ADD (?FLT_ADD)
                                                   ?FLT_MUL (?FLT_MUL)
    -------------------------------------------------------------------------
RCODE
  Relative segment, address: CODE 00000265 - 00000275 (0x11 bytes), align: 0
  Segment part 1.             Intra module refs:   ?FLT_TEST_INF_R1_REW
           ENTRY                   ADDRESS         REF BY
           =====                   =======         ======
           ?FLT_TEST_INF_R1        00000265        ?FLT_DIV (?FLT_DIV)

    -------------------------------------------------------------------------
  LIBRARY MODULE, NAME : ?FLT_TEST_NAN

  SEGMENTS IN THE MODULE
  ======================
RCODE
  Relative segment, address: CODE 00000276 - 00000284 (0xf bytes), align: 0
  Segment part 1.
           ENTRY                   ADDRESS         REF BY
           =====                   =======         ======
           ?FLT_TEST_NAN           00000276        ?FLT_ADD (?FLT_ADD)
                                                   ?FLT_DIV (?FLT_DIV)
                                                   ?FLT_EQ (?FLT_EQ)
                                                   ?FLT_GE (?FLT_GE)
                                                   ?FLT_LT (?FLT_LT)
                                                   ?FLT_MUL (?FLT_MUL)
                                                   ?FLT_SUB (?FLT_ADD)

    -------------------------------------------------------------------------
  LIBRARY MODULE, NAME : ?FLT_TEST_NAN_R1

  SEGMENTS IN THE MODULE
  ======================
RCODE
  Relative segment, address: CODE 00000285 - 00000293 (0xf bytes), align: 0
  Segment part 1.
           ENTRY                   ADDRESS         REF BY
           =====                   =======         ======
           ?FLT_TEST_NAN_R1        00000285        ?FLT_ADD (?FLT_ADD)
                                                   ?FLT_DIV (?FLT_DIV)
                                                   ?FLT_EQ (?FLT_EQ)
                                                   ?FLT_GE (?FLT_GE)
                                                   ?FLT_LT (?FLT_LT)
                                                   ?FLT_MUL (?FLT_MUL)
                                                   ?FLT_SUB (?FLT_ADD)

    -------------------------------------------------------------------------
  LIBRARY MODULE, NAME : ?FLT_EQ

  SEGMENTS IN THE MODULE
  ======================
RCODE
  Relative segment, address: CODE 00000294 - 000002BF (0x2c bytes), align: 0
  Segment part 1.
           ENTRY                   ADDRESS         REF BY
           =====                   =======         ======
           ?FLT_EQ                 00000294        float_conversion (?largewr)

    -------------------------------------------------------------------------
  LIBRARY MODULE, NAME : ?FLT_GE

  SEGMENTS IN THE MODULE
  ======================
RCODE
  Relative segment, address: CODE 000002C0 - 0000030E (0x4f bytes), align: 0
  Segment part 1.
           ENTRY                   ADDRESS         REF BY
           =====                   =======         ======
           ?FLT_GE                 000002C0        float_conversion (?largewr)

    -------------------------------------------------------------------------
  LIBRARY MODULE, NAME : ?FLT_LT

  SEGMENTS IN THE MODULE
  ======================
RCODE
  Relative segment, address: CODE 0000030F - 0000035A (0x4c bytes), align: 0
  Segment part 1.
           ENTRY                   ADDRESS         REF BY
           =====                   =======         ======
           ?FLT_LT                 0000030F        _large_write (?largewr)
                                                   float_conversion (?largewr)

    -------------------------------------------------------------------------
  LIBRARY MODULE, NAME : ?FLT_MUL

  SEGMENTS IN THE MODULE
  ======================
RCODE
  Relative segment, address: CODE 0000035B - 000004DA (0x180 bytes), align: 0
  Segment part 1.
           ENTRY                   ADDRESS         REF BY
           =====                   =======         ======
           ?FLT_MUL                0000035B        float_conversion (?largewr)
                                                   main (main)

    -------------------------------------------------------------------------
  LIBRARY MODULE, NAME : ?FLT_ADD

  SEGMENTS IN THE MODULE
  ======================
RCODE
  Relative segment, address: CODE 000004DB - 000004FF (0x25 bytes), align: 0
  Segment part 1.
           ENTRY                   ADDRESS         REF BY
           =====                   =======         ======
           ?FLT_SUB                000004DB        float_conversion (?largewr)
    -------------------------------------------------------------------------
RCODE
  Relative segment, address: CODE 00000500 - 00000719 (0x21a bytes), align: 0
  Segment part 3.             Intra module refs:   ?FLT_SUB
           ENTRY                   ADDRESS         REF BY
           =====                   =======         ======
           ?FLT_ADD                00000500 

    -------------------------------------------------------------------------
  LIBRARY MODULE, NAME : ?FLT_DIV

  SEGMENTS IN THE MODULE
  ======================
RCODE
  Relative segment, address: CODE 0000071A - 000008FF (0x1e6 bytes), align: 0
  Segment part 1.
           ENTRY                   ADDRESS         REF BY
           =====                   =======         ======
           ?FLT_DIV                0000071A        float_conversion (?largewr)
                                                   main (main)

    -------------------------------------------------------------------------
  LIBRARY MODULE, NAME : ?UL_DIV_MOD

  SEGMENTS IN THE MODULE
  ======================
RCODE
  Relative segment, address: CODE 00000900 - 0000096E (0x6f bytes), align: 0
  Segment part 1.
           ENTRY                   ADDRESS         REF BY
           =====                   =======         ======
           ?UL_DIV_MOD             00000900        UART_Open (uart)
                                                   _large_write (?largewr)

    -------------------------------------------------------------------------
  LIBRARY MODULE, NAME : ?L_NEG

  SEGMENTS IN THE MODULE
  ======================
RCODE
  Relative segment, address: CODE 0000096F - 00000971 (0x3 bytes), align: 0
  Segment part 0.
           ENTRY                   ADDRESS         REF BY
           =====                   =======         ======
           ?L_NEG_REW              0000096F        ?L_TO_FLT_REW (?L_TO_FLT)
    -------------------------------------------------------------------------
RCODE
  Relative segment, address: CODE 00000972 - 00000982 (0x11 bytes), align: 0
  Segment part 1.             Intra module refs:   ?L_NEG_REW
           ENTRY                   ADDRESS         REF BY
           =====                   =======         ======
           ?L_NEG                  00000972        _large_write (?largewr)

    -------------------------------------------------------------------------
  LIBRARY MODULE, NAME : ?UL_SHR

  SEGMENTS IN THE MODULE
  ======================
RCODE
  Relative segment, address: CODE 00000983 - 00000987 (0x5 bytes), align: 0
  Segment part 1.             Intra module refs:   Segment part 2
           ENTRY                   ADDRESS         REF BY
           =====                   =======         ======
           ?UL_SHR                 00000983        UART_Open (uart)
    -------------------------------------------------------------------------
RCODE
  Relative segment, address: CODE 00000988 - 0000099B (0x14 bytes), align: 0
  Segment part 2.             Intra module refs:   ?UL_SHR

    -------------------------------------------------------------------------
  LIBRARY MODULE, NAME : ?L_MOV_X

  SEGMENTS IN THE MODULE
  ======================
RCODE
  Relative segment, address: CODE 0000099C - 000009AA (0xf bytes), align: 0
  Segment part 0.
           ENTRY                   ADDRESS         REF BY
           =====                   =======         ======
           ?L_MOV_X                0000099C        UART_Open (uart)
                                                   _large_write (?largewr)
                                                   float_conversion (?largewr)
                                                   main (main)

    -------------------------------------------------------------------------
  LIBRARY MODULE, NAME : ?L_MOV_TO_X

  SEGMENTS IN THE MODULE
  ======================
RCODE
  Relative segment, address: CODE 000009AB - 000009B9 (0xf bytes), align: 0
  Segment part 2.
           ENTRY                   ADDRESS         REF BY
           =====                   =======         ======
           ?L_MOV_TO_X             000009AB        _large_write (?largewr)
                                                   main (main)

    -------------------------------------------------------------------------
  LIBRARY MODULE, NAME : ?XLOAD_R2345

  SEGMENTS IN THE MODULE
  ======================
RCODE
  Relative segment, address: CODE 000009BA - 000009C5 (0xc bytes), align: 0
  Segment part 0.
           ENTRY                   ADDRESS         REF BY
           =====                   =======         ======
           ?XLOAD_R2345            000009BA        Enable_UART0_VCOM_printf_24M_115200 (uart)
                                                   _large_write (?largewr)

    -------------------------------------------------------------------------
  LIBRARY MODULE, NAME : ?XLOAD_R0123

  SEGMENTS IN THE MODULE
  ======================
RCODE
  Relative segment, address: CODE 000009C6 - 000009D1 (0xc bytes), align: 0
  Segment part 0.
           ENTRY                   ADDRESS         REF BY
           =====                   =======         ======
           ?XLOAD_R0123            000009C6        _large_write (?largewr)

    -------------------------------------------------------------------------
  LIBRARY MODULE, NAME : ?XSTORE_R0123

  SEGMENTS IN THE MODULE
  ======================
RCODE
  Relative segment, address: CODE 000009D2 - 000009DD (0xc bytes), align: 0
  Segment part 0.
           ENTRY                   ADDRESS         REF BY
           =====                   =======         ======
           ?XSTORE_R0123           000009D2        _large_write (?largewr)

    -------------------------------------------------------------------------
  LIBRARY MODULE, NAME : ?MOVE_LONG8_XDATA_IDATA

  SEGMENTS IN THE MODULE
  ======================
RCODE
  Relative segment, address: CODE 000009DE - 000009EA (0xd bytes), align: 0
  Segment part 0.
           ENTRY                   ADDRESS         REF BY
           =====                   =======         ======
           ?MOVE_LONG8_XDATA_IDATA
                                   000009DE        ?PUSH_XSTACK_I (?PUSH_XSTACK_I)

    -------------------------------------------------------------------------
  LIBRARY MODULE, NAME : ?MOVE_LONG8_XDATA_XDATA

  SEGMENTS IN THE MODULE
  ======================
RCODE
  Relative segment, address: CODE 000009EB - 00000A0B (0x21 bytes), align: 0
  Segment part 0.
           ENTRY                   ADDRESS         REF BY
           =====                   =======         ======
           ?MOVE_LONG8_XDATA_XDATA
                                   000009EB        ?PUSH_XSTACK8_X (?PUSH_XSTACK8_X)

    -------------------------------------------------------------------------
  LIBRARY MODULE, NAME : ?S_DIV_MOD

  SEGMENTS IN THE MODULE
  ======================
RCODE
  Relative segment, address: CODE 00000A0C - 00000A4C (0x41 bytes), align: 0
  Segment part 0.
           ENTRY                   ADDRESS         REF BY
           =====                   =======         ======
           ?S_DIV_MOD              00000A45        float_conversion (?largewr)
    -------------------------------------------------------------------------
RCODE
  Relative segment, address: CODE 00000A4D - 00000AA5 (0x59 bytes), align: 0
  Segment part 1.             Intra module refs:   ?S_DIV_MOD
           ENTRY                   ADDRESS         REF BY
           =====                   =======         ======
           ?US_DIV_MOD             00000A4D 

    -------------------------------------------------------------------------
  LIBRARY MODULE, NAME : ?S_SHL

  SEGMENTS IN THE MODULE
  ======================
RCODE
  Relative segment, address: CODE 00000AA6 - 00000AA8 (0x3 bytes), align: 0
  Segment part 0.
           ENTRY                   ADDRESS         REF BY
           =====                   =======         ======
           ?S_SHL                  00000AA6        READ_BANDGAP (adc)
                                                   main (main)
    -------------------------------------------------------------------------
RCODE
  Relative segment, address: CODE 00000AA9 - 00000AAB (0x3 bytes), align: 0
  Segment part 1.             Intra module refs:   Segment part 2
           ENTRY                   ADDRESS         REF BY
           =====                   =======         ======
           ?S_SHL_REW              00000AA9 
    -------------------------------------------------------------------------
RCODE
  Relative segment, address: CODE 00000AAC - 00000AB8 (0xd bytes), align: 0
  Segment part 2.             Intra module refs:   ?S_SHL
                                                   ?S_SHL_REW

    -------------------------------------------------------------------------
  LIBRARY MODULE, NAME : ?ALLOC_XSTACK8

  SEGMENTS IN THE MODULE
  ======================
RCODE
  Relative segment, address: CODE 00000AB9 - 00000ACE (0x16 bytes), align: 0
  Segment part 0.
           ENTRY                   ADDRESS         REF BY
           =====                   =======         ======
           ?ALLOC_XSTACK8          00000AB9        UART_Open (uart)
                                                   _large_write (?largewr)
                                                   float_conversion (?largewr)
                                                   printf (?printf)

    -------------------------------------------------------------------------
  LIBRARY MODULE, NAME : ?DEALLOC_XSTACK8

  SEGMENTS IN THE MODULE
  ======================
RCODE
  Relative segment, address: CODE 00000ACF - 00000AE9 (0x1b bytes), align: 0
  Segment part 0.
           ENTRY                   ADDRESS         REF BY
           =====                   =======         ======
           ?DEALLOC_XSTACK8        00000ACF        Enable_UART0_VCOM_printf_24M_115200 (uart)
                                                   Segment part 31 (?largewr)
                                                   UART_Open (uart)
                                                   _large_write (?largewr)
                                                   main (main)
                                                   printf (?printf)

    -------------------------------------------------------------------------
  LIBRARY MODULE, NAME : ?ADD_XSTACK_DISP8

  SEGMENTS IN THE MODULE
  ======================
RCODE
  Relative segment, address: CODE 00000AEA - 00000B04 (0x1b bytes), align: 0
  Segment part 1.
           ENTRY                   ADDRESS         REF BY
           =====                   =======         ======
           ?ADD_XSTACK_DISP0_8     00000AEA        ?PUSH_XSTACK_I (?PUSH_XSTACK_I)

    -------------------------------------------------------------------------
  LIBRARY MODULE, NAME : ?XSTACK_DISP8

  SEGMENTS IN THE MODULE
  ======================
RCODE
  Relative segment, address: CODE 00000B05 - 00000B0E (0xa bytes), align: 0
  Segment part 1.
           ENTRY                   ADDRESS         REF BY
           =====                   =======         ======
           ?XSTACK_DISP0_8         00000B05        UART_Open (uart)
                                                   _large_write (?largewr)
                                                   float_conversion (?largewr)

    -------------------------------------------------------------------------
  LIBRARY MODULE, NAME : ?XSTACK_DISP8_RP

  SEGMENTS IN THE MODULE
  ======================
RCODE
  Relative segment, address: CODE 00000B0F - 00000B16 (0x8 bytes), align: 0
  Segment part 0.
           ENTRY                   ADDRESS         REF BY
           =====                   =======         ======
           ?XSTACK_DISP100_8       00000B0F        _large_write (?largewr)
                                                   printf (?printf)

    -------------------------------------------------------------------------
  LIBRARY MODULE, NAME : ?CALL_IND

  SEGMENTS IN THE MODULE
  ======================
RCODE
[...]
  Relative segment, address: CODE 00001B20 - 00001B24 (0x5 bytes), align: 0
  Segment part 73.            Intra module refs:   _large_write
    -------------------------------------------------------------------------
<NEAR_CODE> 1 (was NEAR_CODE)
  Relative segment, address: CODE 00001B25 - 00001B2A (0x6 bytes), align: 0
  Segment part 74.            Intra module refs:   _large_write
    -------------------------------------------------------------------------
<NEAR_CODE> 1 (was NEAR_CODE)
  Relative segment, address: CODE 00001B2B - 00001B2E (0x4 bytes), align: 0
  Segment part 75.            Intra module refs:   Segment part 74
                                                   _large_write
    -------------------------------------------------------------------------
<NEAR_CODE> 1 (was NEAR_CODE)
  Relative segment, address: CODE 00001B2F - 00001B35 (0x7 bytes), align: 0
  Segment part 76.            Intra module refs:   _large_write
    -------------------------------------------------------------------------
<NEAR_CODE> 1 (was NEAR_CODE)
  Relative segment, address: CODE 00001B36 - 00001B39 (0x4 bytes), align: 0
  Segment part 77.            Intra module refs:   _large_write
    -------------------------------------------------------------------------
<NEAR_CODE> 1 (was NEAR_CODE)
  Relative segment, address: CODE 00001B3A - 00001B43 (0xa bytes), align: 0
  Segment part 78.            Intra module refs:   Segment part 77
                                                   Segment part 79
    -------------------------------------------------------------------------
<NEAR_CODE> 1 (was NEAR_CODE)
  Relative segment, address: CODE 00001B44 - 00001B4F (0xc bytes), align: 0
  Segment part 79.            Intra module refs:   _large_write
    -------------------------------------------------------------------------
<NEAR_CODE> 1 (was NEAR_CODE)
  Relative segment, address: CODE 00001B50 - 00001B55 (0x6 bytes), align: 0
  Segment part 80.            Intra module refs:   Segment part 34
                                                   Segment part 35
    -------------------------------------------------------------------------
<NEAR_CODE> 1 (was NEAR_CODE)
  Relative segment, address: CODE 00001B56 - 00001B5B (0x6 bytes), align: 0
  Segment part 81.            Intra module refs:   Segment part 57
                                                   Segment part 63
                                                   Segment part 79
                                                   Segment part 80
    -------------------------------------------------------------------------
<NEAR_CODE> 1 (was NEAR_CODE)
  Relative segment, address: CODE 00001B5C - 00001B63 (0x8 bytes), align: 0
  Segment part 82.            Intra module refs:   _large_write
    -------------------------------------------------------------------------
<NEAR_CODE> 1 (was NEAR_CODE)
  Relative segment, address: CODE 00001B64 - 00001B69 (0x6 bytes), align: 0
  Segment part 83.            Intra module refs:   Segment part 82
                                                   _large_write
    -------------------------------------------------------------------------
<NEAR_CODE> 1 (was NEAR_CODE)
  Relative segment, address: CODE 00001B6A - 00001B71 (0x8 bytes), align: 0
  Segment part 84.            Intra module refs:   _large_write
    -------------------------------------------------------------------------
<NEAR_CODE> 1 (was NEAR_CODE)
  Relative segment, address: CODE 00001B72 - 00001B79 (0x8 bytes), align: 0
  Segment part 85.            Intra module refs:   _large_write
    -------------------------------------------------------------------------
<NEAR_CODE> 1 (was NEAR_CODE)
  Relative segment, address: CODE 00001B7A - 00001B7D (0x4 bytes), align: 0
  Segment part 86.            Intra module refs:   _large_write
    -------------------------------------------------------------------------
<NEAR_CODE> 1 (was NEAR_CODE)
  Relative segment, address: CODE 00001B7E - 00001B8C (0xf bytes), align: 0
  Segment part 87.            Intra module refs:   Segment part 86
                                                   Segment part 88
    -------------------------------------------------------------------------
<NEAR_CODE> 1 (was NEAR_CODE)
  Relative segment, address: CODE 00001B8D - 00001B91 (0x5 bytes), align: 0
  Segment part 88.            Intra module refs:   _large_write
    -------------------------------------------------------------------------
<NEAR_CODE> 1 (was NEAR_CODE)
  Relative segment, address: CODE 00001B92 - 00001B95 (0x4 bytes), align: 0
  Segment part 89.            Intra module refs:   _large_write
    -------------------------------------------------------------------------
<NEAR_CODE> 1 (was NEAR_CODE)
  Relative segment, address: CODE 00001B96 - 00001B9C (0x7 bytes), align: 0
  Segment part 90.            Intra module refs:   Segment part 89
                                                   _large_write
    -------------------------------------------------------------------------
<NEAR_CODE> 1 (was NEAR_CODE)
  Relative segment, address: CODE 00001B9D - 00001BA3 (0x7 bytes), align: 0
  Segment part 91.            Intra module refs:   _large_write
    -------------------------------------------------------------------------
<NEAR_CODE> 1 (was NEAR_CODE)
  Relative segment, address: CODE 00001BA4 - 00001BAB (0x8 bytes), align: 0
  Segment part 92.            Intra module refs:   Segment part 91
                                                   Segment part 99
                                                   float_conversion
    -------------------------------------------------------------------------
<NEAR_CODE> 1 (was NEAR_CODE)
  Relative segment, address: CODE 00001BAC - 00001BAF (0x4 bytes), align: 0
  Segment part 93.            Intra module refs:   Segment part 75
                                                   Segment part 76
                                                   Segment part 91
    -------------------------------------------------------------------------
<NEAR_CODE> 1 (was NEAR_CODE)
  Relative segment, address: CODE 00001BB0 - 00001BB4 (0x5 bytes), align: 0
  Segment part 94.            Intra module refs:   Segment part 78
                                                   Segment part 93
    -------------------------------------------------------------------------
<NEAR_CODE> 1 (was NEAR_CODE)
  Relative segment, address: CODE 00001BB5 - 00001BBA (0x6 bytes), align: 0
  Segment part 95.            Intra module refs:   float_conversion
    -------------------------------------------------------------------------
<NEAR_CODE> 1 (was NEAR_CODE)
  Relative segment, address: CODE 00001BBB - 00001BBD (0x3 bytes), align: 0
  Segment part 96.            Intra module refs:   Segment part 95
                                                   _large_write
    -------------------------------------------------------------------------
<NEAR_CODE> 1 (was NEAR_CODE)
  Relative segment, address: CODE 00001BBE - 00001BC4 (0x7 bytes), align: 0
  Segment part 97.            Intra module refs:   Segment part 96
                                                   float_conversion
    -------------------------------------------------------------------------
<NEAR_CODE> 1 (was NEAR_CODE)
  Relative segment, address: CODE 00001BC5 - 00001BC8 (0x4 bytes), align: 0
  Segment part 98.            Intra module refs:   _large_write
    -------------------------------------------------------------------------
<NEAR_CODE> 1 (was NEAR_CODE)
  Relative segment, address: CODE 00001BC9 - 00001BD3 (0xb bytes), align: 0
  Segment part 99.            Intra module refs:   Segment part 101
                                                   Segment part 98
    -------------------------------------------------------------------------
<NEAR_CODE> 1 (was NEAR_CODE)
  Relative segment, address: CODE 00001BD4 - 00001BDF (0xc bytes), align: 0
  Segment part 100.           Intra module refs:   Segment part 64
                                                   Segment part 99
    -------------------------------------------------------------------------
<NEAR_CODE> 1 (was NEAR_CODE)
  Relative segment, address: CODE 00001BE0 - 00001BEB (0xc bytes), align: 0
  Segment part 101.           Intra module refs:   _large_write
    -------------------------------------------------------------------------
XDATA_ID
  Relative segment, address: CODE 000000BA - 000000CA (0x11 bytes), align: 0
  Segment part 7.             Intra module refs:   Segment part 6
    -------------------------------------------------------------------------
XDATA_ID
  Relative segment, address: CODE 000000CB - 000000D9 (0xf bytes), align: 0
  Segment part 9.             Intra module refs:   Segment part 8
    -------------------------------------------------------------------------
XDATA_ID
  Relative segment, address: CODE 000000DA - 000000EA (0x11 bytes), align: 0
  Segment part 11.            Intra module refs:   Segment part 10
    -------------------------------------------------------------------------
XDATA_ID
  Relative segment, address: CODE 000000EB - 000000EE (0x4 bytes), align: 0
  Segment part 13.            Intra module refs:   Segment part 12
    -------------------------------------------------------------------------
XDATA_ID
  Relative segment, address: CODE 000000EF - 000000F2 (0x4 bytes), align: 0
  Segment part 15.            Intra module refs:   __Constant_7f800000
    -------------------------------------------------------------------------
XDATA_ID
  Relative segment, address: CODE 000000F3 - 000000F6 (0x4 bytes), align: 0
  Segment part 17.            Intra module refs:   __Constant_3f800000
    -------------------------------------------------------------------------
XDATA_ID
  Relative segment, address: CODE 000000F7 - 000000FA (0x4 bytes), align: 0
  Segment part 19.            Intra module refs:   __Constant_0
    -------------------------------------------------------------------------
XDATA_ID
  Relative segment, address: CODE 000000FB - 000000FE (0x4 bytes), align: 0
  Segment part 21.            Intra module refs:   __Constant_501502f9
    -------------------------------------------------------------------------
XDATA_ID
  Relative segment, address: CODE 000000FF - 00000102 (0x4 bytes), align: 0
  Segment part 23.            Intra module refs:   __Constant_51ba43b7
    -------------------------------------------------------------------------
XDATA_ID
  Relative segment, address: CODE 00000103 - 00000106 (0x4 bytes), align: 0
  Segment part 25.            Intra module refs:   __Constant_41200000
    -------------------------------------------------------------------------
XDATA_ID
  Relative segment, address: CODE 00000107 - 0000010A (0x4 bytes), align: 0
  Segment part 27.            Intra module refs:   __Constant_2edbe700
    -------------------------------------------------------------------------
XDATA_ID
  Relative segment, address: CODE 0000010B - 0000010E (0x4 bytes), align: 0
  Segment part 29.            Intra module refs:   __Constant_40a00000
    -------------------------------------------------------------------------
XDATA_I
  Relative segment, address: XDATA 00000253 - 00000263 (0x11 bytes), align: 0
  Segment part 6.             Intra module refs:   _large_write
    -------------------------------------------------------------------------
XDATA_I
  Relative segment, address: XDATA 00000264 - 00000272 (0xf bytes), align: 0
  Segment part 8.             Intra module refs:   _large_write
    -------------------------------------------------------------------------
XDATA_I
  Relative segment, address: XDATA 00000273 - 00000283 (0x11 bytes), align: 0
  Segment part 10.            Intra module refs:   _large_write
    -------------------------------------------------------------------------
XDATA_I
  Relative segment, address: XDATA 00000284 - 00000287 (0x4 bytes), align: 0
  Segment part 12.            Intra module refs:   _large_write
    -------------------------------------------------------------------------
XDATA_I
  Relative segment, address: XDATA 00000288 - 0000028B (0x4 bytes), align: 0
  Segment part 14.            Intra module refs:   float_conversion
           ENTRY                   ADDRESS         REF BY
           =====                   =======         ======
           __Constant_7f800000     00000288 
    -------------------------------------------------------------------------
XDATA_I
  Relative segment, address: XDATA 0000028C - 0000028F (0x4 bytes), align: 0
  Segment part 16.            Intra module refs:   float_conversion
           ENTRY                   ADDRESS         REF BY
           =====                   =======         ======
           __Constant_3f800000     0000028C 
    -------------------------------------------------------------------------
XDATA_I
  Relative segment, address: XDATA 00000290 - 00000293 (0x4 bytes), align: 0
  Segment part 18.            Intra module refs:   _large_write
                                                   float_conversion
           ENTRY                   ADDRESS         REF BY
           =====                   =======         ======
           __Constant_0            00000290 
    -------------------------------------------------------------------------
XDATA_I
  Relative segment, address: XDATA 00000294 - 00000297 (0x4 bytes), align: 0
  Segment part 20.            Intra module refs:   float_conversion
           ENTRY                   ADDRESS         REF BY
           =====                   =======         ======
           __Constant_501502f9     00000294 
    -------------------------------------------------------------------------
XDATA_I
  Relative segment, address: XDATA 00000298 - 0000029B (0x4 bytes), align: 0
  Segment part 22.            Intra module refs:   float_conversion
           ENTRY                   ADDRESS         REF BY
           =====                   =======         ======
           __Constant_51ba43b7     00000298 
    -------------------------------------------------------------------------
XDATA_I
  Relative segment, address: XDATA 0000029C - 0000029F (0x4 bytes), align: 0
  Segment part 24.            Intra module refs:   float_conversion
           ENTRY                   ADDRESS         REF BY
           =====                   =======         ======
           __Constant_41200000     0000029C 
    -------------------------------------------------------------------------
XDATA_I
  Relative segment, address: XDATA 000002A0 - 000002A3 (0x4 bytes), align: 0
  Segment part 26.            Intra module refs:   float_conversion
           ENTRY                   ADDRESS         REF BY
           =====                   =======         ======
           __Constant_2edbe700     000002A0 
    -------------------------------------------------------------------------
XDATA_I
  Relative segment, address: XDATA 000002A4 - 000002A7 (0x4 bytes), align: 0
  Segment part 28.            Intra module refs:   float_conversion
           ENTRY                   ADDRESS         REF BY
           =====                   =======         ======
           __Constant_40a00000     000002A4 

    -------------------------------------------------------------------------
  LIBRARY MODULE, NAME : ?printf

  SEGMENTS IN THE MODULE
  ======================
<NEAR_CODE> 1 (was NEAR_CODE)
  Relative segment, address: CODE 0000212D - 0000213A (0xe bytes), align: 0
  Segment part 6.             Intra module refs:   printf
           LOCAL                   ADDRESS         
           =====                   =======         
           put_one_char            0000212D 
               calls direct, is indirectly called
               ISTACK = 00000000 ( 00000001 )
    -------------------------------------------------------------------------
<NEAR_CODE> 1 (was NEAR_CODE)
  Relative segment, address: CODE 0000213B - 00002181 (0x47 bytes), align: 0
  Segment part 7.
           ENTRY                   ADDRESS         REF BY
           =====                   =======         ======
           printf                  0000213B        main (main)
               calls direct
               XSTACK = 00000000 ( 0000000F )




                ****************************************
                *                                      *
                *      SEGMENTS IN ADDRESS ORDER       *
                *                                      *
                ****************************************


SEGMENT              SPACE    START ADDRESS   END ADDRESS     SIZE  TYPE  ALIGN
=======              =====    =============   ===========     ====  ====  =====
INTVEC               CODE          00000000 - 00000002           3   com    0
CSTART               CODE          00000003 - 00000066          64   rel    0
PDATA_ID             CODE               00000067                     dse    0
IXDATA_ID            CODE               00000067                     dse    0
IDATA_ID             CODE               00000067                     dse    0
DATA_ID              CODE               00000067                     dse    0
BDATA_ID             CODE               00000067                     dse    0
BIT_ID               CODE               00000067                     dse    0
XDATA_ID             CODE          00000067 - 0000010E          A8   rel    0
RCODE                CODE          0000010F - 00000C02         AF4   rel    0
<NEAR_CODE> 1        CODE          00000C03 - 0000219A        1598   rel    0
REGISTERS            DATA          00000000 - 00000007           8   rel    0
VREG                 DATA          00000008 - 0000000F           8   rel    0
PSP                  DATA               00000010                     dse    0
XSP                  DATA          00000010 - 00000011           2   rel    0
BREG                 BIT        00000020.0  -  00000020.7        8   rel    0
BIT_N                BIT        00000021.0  -  00000021.1        2   rel    0
SFR_AN               DATA          00000084 - 00000085           2   rel    0
                     DATA          00000087 - 00000089           3 
                     DATA          0000008D - 0000008E           2 
                     DATA          00000091 - 00000091           1 
                     DATA          00000096 - 0000009A           5 
                     DATA          0000009C - 0000009C           1 
                     DATA          0000009F - 0000009F           1 
                     DATA          000000A4 - 000000A4           1 
                     DATA          000000A6 - 000000A8           3 
                     DATA          000000AA - 000000AA           1 
                     DATA          000000AE - 000000AF           2 
                     DATA          000000B1 - 000000B2           2 
                     DATA          000000C2 - 000000C7           6 
                     DATA          000000CE - 000000CF           2 
                     DATA          000000E1 - 000000E2           2 
                     DATA          000000E8 - 000000E8           1 
                     DATA          000000F8 - 000000F8           1 
XSTACK               XDATA         00000001 - 000001FF         1FF   rel    0
XDATA_I              XDATA         00000200 - 000002A7          A8   rel    0
XDATA_Z              XDATA         000002A8 - 000002AF           8   rel    0
ISTACK               IDATA         000000C0 - 000000FF          40   rel    0

                ****************************************
                *                                      *
                *        END OF CROSS REFERENCE        *
                *                                      *
                ****************************************

 8 603 bytes of CODE  memory
    18 bytes of DATA  memory (+ 36 absolute )
   687 bytes of XDATA memory
    64 bytes of IDATA memory
    10 bits  of BIT   memory

Errors: none
Warnings: none

