ASxxxx Linker V03.00 + NoICE + sdld,  page 1.
Hexadecimal  [32-Bits]

Area                                    Addr        Size        Decimal Bytes (Attributes)
--------------------------------        ----        ----        ------- ----- ------------
.  .ABS.                            00000000    00000000 =           0. bytes (ABS,CON)

      Value  Global                              Global Defined In Module
      -----  --------------------------------   ------------------------
     00000000  .__.ABS.                           _startup
     00000000  l_BIT_BANK                      
     00000000  l_CABS                          
     00000000  l_CONST                         
     00000000  l_GSINIT                        
     00000000  l_GSINIT1                       
     00000000  l_GSINIT5                       
     00000000  l_IABS                          
     00000000  l_INITIALIZED                   
     00000000  l_INITIALIZER                   
     00000000  l_ISEG                          
     00000000  l_OSEG                          
     00000000  l_PSEG                          
     00000000  l_REG_BANK_1                    
     00000000  l_REG_BANK_2                    
     00000000  l_REG_BANK_3                    
     00000000  l_RSEG                          
     00000000  l_RSEG0                         
     00000000  l_RSEG1                         
     00000000  l_XABS                          
     00000000  l_XINIT                         
     00000000  l_XISEG                         
     00000000  l__CODE                         
     00000000  s_.debug_abbrev                 
     00000000  s_.debug_frame                  
     00000000  s_.debug_info                   
     00000000  s_.debug_line                   
     00000000  s_.debug_loc                    
     00000000  s_.debug_pubnames               
     00000000  s_BSEG                          
     00000000  s_CABS                          
     00000000  s_HOME                          
     00000000  s_IABS                          
     00000000  s_ISEG                          
     00000000  s_REG_BANK_0                    
     00000000  s_RSEG                          
     00000000  s_RSEG0                         
     00000000  s_RSEG1                         
     00000000  s_XABS                          
     00000000  s__CODE                         
     00000001  l_BSEG_BYTES                    
     00000001  l_SSEG                          
     00000001  s_PSEG                          
     00000001  s_XSEG                          
     00000003  l_GSFINAL                       
     00000003  l_GSINIT0                       
     00000005  l_BSEG                          
     00000008  l_REG_BANK_0                    
     00000008  s_REG_BANK_1                    
     0000000A  l_GSINIT2                       
ASxxxx Linker V03.00 + NoICE + sdld,  page 2.
Hexadecimal  [32-Bits]

Area                                    Addr        Size        Decimal Bytes (Attributes)
--------------------------------        ----        ----        ------- ----- ------------
.  .ABS.                            00000000    00000000 =           0. bytes (ABS,CON)

      Value  Global                              Global Defined In Module
      -----  --------------------------------   ------------------------
     00000010  s_REG_BANK_2                    
     00000018  s_REG_BANK_3                    
     0000001F  l_DSEG                          
     00000020  s_BSEG_BYTES                    
     00000021  s_BIT_BANK                      
     00000021  s_DSEG                          
     00000022  l_GSINIT3                       
     0000002A  l_GSINIT4                       
     00000040  s_OSEG                          
     00000040  s_SSEG                          
     00000041  s_INITIALIZED                   
     00000041  s_INITIALIZER                   
     00000080  G$MOSI$0_0$0                       main
     00000080  G$P0$0_0$0                         main
     00000080  G$P00$0_0$0                        main
     00000080  _MOSI                              main
     00000080  _P0                                main
     00000080  _P00                               main
     00000081  G$MISO$0_0$0                       main
     00000081  G$P01$0_0$0                        main
     00000081  G$SP$0_0$0                         main
     00000081  _MISO                              main
     00000081  _P01                               main
     00000081  _SP                                main
     00000081  l_HOME                          
     00000081  s_GSINIT0                       
     00000082  G$DPL$0_0$0                        main
     00000082  G$P02$0_0$0                        main
     00000082  G$RXD_1$0_0$0                      main
     00000082  _DPL                               main
     00000082  _P02                               main
     00000082  _RXD_1                             main
     00000083  G$DPH$0_0$0                        main
     00000083  G$P03$0_0$0                        main
     00000083  _DPH                               main
     00000083  _P03                               main
     00000083  l_XSEG                          
     00000084  G$P04$0_0$0                        main
     00000084  G$RCTRIM0$0_0$0                    main
     00000084  G$STADC$0_0$0                      main
     00000084  _P04                               main
     00000084  _RCTRIM0                           main
     00000084  _STADC                             main
     00000084  s_GSINIT1                       
     00000084  s_GSINIT2                       
     00000084  s_XISEG                         
     00000085  G$P05$0_0$0                        main
     00000085  G$RCTRIM1$0_0$0                    main
     00000085  _P05                               main
     00000085  _RCTRIM1                           main
     00000086  G$P06$0_0$0                        main
ASxxxx Linker V03.00 + NoICE + sdld,  page 3.
Hexadecimal  [32-Bits]

Area                                    Addr        Size        Decimal Bytes (Attributes)
--------------------------------        ----        ----        ------- ----- ------------
.  .ABS.                            00000000    00000000 =           0. bytes (ABS,CON)

      Value  Global                              Global Defined In Module
      -----  --------------------------------   ------------------------
     00000086  G$RWK$0_0$0                        main
     00000086  G$TXD$0_0$0                        main
     00000086  _P06                               main
     00000086  _RWK                               main
     00000086  _TXD                               main
     00000087  G$P07$0_0$0                        main
     00000087  G$PCON$0_0$0                       main
     00000087  G$RXD$0_0$0                        main
     00000087  _P07                               main
     00000087  _PCON                              main
     00000087  _RXD                               main
     00000088  G$IT0$0_0$0                        main
     00000088  G$TCON$0_0$0                       main
     00000088  _IT0                               main
     00000088  _TCON                              main
     00000089  G$IE0$0_0$0                        main
     00000089  G$TMOD$0_0$0                       main
     00000089  _IE0                               main
     00000089  _TMOD                              main
     0000008A  G$IT1$0_0$0                        main
     0000008A  G$TL0$0_0$0                        main
     0000008A  _IT1                               main
     0000008A  _TL0                               main
     0000008B  G$IE1$0_0$0                        main
     0000008B  G$TL1$0_0$0                        main
     0000008B  _IE1                               main
     0000008B  _TL1                               main
     0000008C  G$TH0$0_0$0                        main
     0000008C  G$TR0$0_0$0                        main
     0000008C  _TH0                               main
     0000008C  _TR0                               main
     0000008D  G$TF0$0_0$0                        main
     0000008D  G$TH1$0_0$0                        main
     0000008D  _TF0                               main
     0000008D  _TH1                               main
     0000008E  G$CKCON$0_0$0                      main
     0000008E  G$TR1$0_0$0                        main
     0000008E  _CKCON                             main
     0000008E  _TR1                               main
     0000008E  s_GSINIT3                       
     0000008F  G$TF1$0_0$0                        main
     0000008F  G$WKCON$0_0$0                      main
     0000008F  _TF1                               main
     0000008F  _WKCON                             main
     00000090  G$P1$0_0$0                         main
     00000090  G$P10$0_0$0                        main
     00000090  _P1                                main
     00000090  _P10                               main
     00000091  G$P11$0_0$0                        main
     00000091  G$SFRS$0_0$0                       main
     00000091  _P11                               main
ASxxxx Linker V03.00 + NoICE + sdld,  page 4.
Hexadecimal  [32-Bits]

Area                                    Addr        Size        Decimal Bytes (Attributes)
--------------------------------        ----        ----        ------- ----- ------------
.  .ABS.                            00000000    00000000 =           0. bytes (ABS,CON)

      Value  Global                              Global Defined In Module
      -----  --------------------------------   ------------------------
     00000091  _SFRS                              main
     00000092  G$CAPCON0$0_0$0                    main
     00000092  G$P12$0_0$0                        main
     00000092  _CAPCON0                           main
     00000092  _P12                               main
     00000093  G$CAPCON1$0_0$0                    main
     00000093  G$P13$0_0$0                        main
     00000093  G$SCL$0_0$0                        main
     00000093  _CAPCON1                           main
     00000093  _P13                               main
     00000093  _SCL                               main
     00000094  G$CAPCON2$0_0$0                    main
     00000094  G$P14$0_0$0                        main
     00000094  G$SDA$0_0$0                        main
     00000094  _CAPCON2                           main
     00000094  _P14                               main
     00000094  _SDA                               main
     00000095  G$CKDIV$0_0$0                      main
     00000095  G$P15$0_0$0                        main
     00000095  _CKDIV                             main
     00000095  _P15                               main
     00000096  G$CKSWT$0_0$0                      main
     00000096  G$P16$0_0$0                        main
     00000096  G$TXD_1$0_0$0                      main
     00000096  _CKSWT                             main
     00000096  _P16                               main
     00000096  _TXD_1                             main
     00000097  G$CKEN$0_0$0                       main
     00000097  G$P17$0_0$0                        main
     00000097  _CKEN                              main
     00000097  _P17                               main
     00000098  G$RI$0_0$0                         main
     00000098  G$SCON$0_0$0                       main
     00000098  _RI                                main
     00000098  _SCON                              main
     00000099  G$SBUF$0_0$0                       main
     00000099  G$TI$0_0$0                         main
     00000099  _SBUF                              main
     00000099  _TI                                main
     0000009A  G$RB8$0_0$0                        main
     0000009A  G$SBUF_1$0_0$0                     main
     0000009A  _RB8                               main
     0000009A  _SBUF_1                            main
     0000009B  G$EIE$0_0$0                        main
     0000009B  G$TB8$0_0$0                        main
     0000009B  _EIE                               main
     0000009B  _TB8                               main
     0000009C  G$EIE1$0_0$0                       main
     0000009C  G$REN$0_0$0                        main
     0000009C  _EIE1                              main
     0000009C  _REN                               main
ASxxxx Linker V03.00 + NoICE + sdld,  page 5.
Hexadecimal  [32-Bits]

Area                                    Addr        Size        Decimal Bytes (Attributes)
--------------------------------        ----        ----        ------- ----- ------------
.  .ABS.                            00000000    00000000 =           0. bytes (ABS,CON)

      Value  Global                              Global Defined In Module
      -----  --------------------------------   ------------------------
     0000009D  G$SM2$0_0$0                        main
     0000009D  _SM2                               main
     0000009E  G$SM1$0_0$0                        main
     0000009E  _SM1                               main
     0000009F  G$CHPCON$0_0$0                     main
     0000009F  G$FE$0_0$0                         main
     0000009F  G$SM0$0_0$0                        main
     0000009F  _CHPCON                            main
     0000009F  _FE                                main
     0000009F  _SM0                               main
     000000A0  G$P2$0_0$0                         main
     000000A0  G$P20$0_0$0                        main
     000000A0  _P2                                main
     000000A0  _P20                               main
     000000A0  __XPAGE                            
     000000A2  G$AUXR1$0_0$0                      main
     000000A2  _AUXR1                             main
     000000A3  G$BODCON0$0_0$0                    main
     000000A3  _BODCON0                           main
     000000A4  G$IAPTRG$0_0$0                     main
     000000A4  _IAPTRG                            main
     000000A5  G$IAPUEN$0_0$0                     main
     000000A5  _IAPUEN                            main
     000000A6  G$IAPAL$0_0$0                      main
     000000A6  _IAPAL                             main
     000000A7  G$IAPAH$0_0$0                      main
     000000A7  _IAPAH                             main
     000000A8  G$EX0$0_0$0                        main
     000000A8  G$IE$0_0$0                         main
     000000A8  _EX0                               main
     000000A8  _IE                                main
     000000A9  G$ET0$0_0$0                        main
     000000A9  G$SADDR$0_0$0                      main
     000000A9  _ET0                               main
     000000A9  _SADDR                             main
     000000AA  G$EX1$0_0$0                        main
     000000AA  G$WDCON$0_0$0                      main
     000000AA  _EX1                               main
     000000AA  _WDCON                             main
     000000AB  G$BODCON1$0_0$0                    main
     000000AB  G$ET1$0_0$0                        main
     000000AB  _BODCON1                           main
     000000AB  _ET1                               main
     000000AC  G$ES$0_0$0                         main
     000000AC  G$P3M1$0_0$0                       main
     000000AC  G$P3S$0_0$0                        main
     000000AC  _ES                                main
     000000AC  _P3M1                              main
     000000AC  _P3S                               main
     000000AD  G$EBOD$0_0$0                       main
     000000AD  G$P3M2$0_0$0                       main
ASxxxx Linker V03.00 + NoICE + sdld,  page 6.
Hexadecimal  [32-Bits]

Area                                    Addr        Size        Decimal Bytes (Attributes)
--------------------------------        ----        ----        ------- ----- ------------
.  .ABS.                            00000000    00000000 =           0. bytes (ABS,CON)

      Value  Global                              Global Defined In Module
      -----  --------------------------------   ------------------------
     000000AD  G$P3SR$0_0$0                       main
     000000AD  _EBOD                              main
     000000AD  _P3M2                              main
     000000AD  _P3SR                              main
     000000AE  G$EADC$0_0$0                       main
     000000AE  G$IAPFD$0_0$0                      main
     000000AE  _EADC                              main
     000000AE  _IAPFD                             main
     000000AF  G$EA$0_0$0                         main
     000000AF  G$IAPCN$0_0$0                      main
     000000AF  _EA                                main
     000000AF  _IAPCN                             main
     000000B0  G$P3$0_0$0                         main
     000000B0  G$P30$0_0$0                        main
     000000B0  _P3                                main
     000000B0  _P30                               main
     000000B0  s_GSINIT4                       
     000000B1  G$P0M1$0_0$0                       main
     000000B1  G$P0S$0_0$0                        main
     000000B1  _P0M1                              main
     000000B1  _P0S                               main
     000000B2  G$P0M2$0_0$0                       main
     000000B2  G$P0SR$0_0$0                       main
     000000B2  _P0M2                              main
     000000B2  _P0SR                              main
     000000B3  G$P1M1$0_0$0                       main
     000000B3  G$P1S$0_0$0                        main
     000000B3  _P1M1                              main
     000000B3  _P1S                               main
     000000B4  G$P1M2$0_0$0                       main
     000000B4  G$P1SR$0_0$0                       main
     000000B4  _P1M2                              main
     000000B4  _P1SR                              main
     000000B5  G$P2S$0_0$0                        main
     000000B5  _P2S                               main
     000000B7  G$IPH$0_0$0                        main
     000000B7  G$PWMINTC$0_0$0                    main
     000000B7  _IPH                               main
     000000B7  _PWMINTC                           main
     000000B8  G$IP$0_0$0                         main
     000000B8  G$PX0$0_0$0                        main
     000000B8  _IP                                main
     000000B8  _PX0                               main
     000000B9  G$PT0$0_0$0                        main
     000000B9  G$SADEN$0_0$0                      main
     000000B9  _PT0                               main
     000000B9  _SADEN                             main
     000000BA  G$PX1$0_0$0                        main
     000000BA  G$SADEN_1$0_0$0                    main
     000000BA  _PX1                               main
     000000BA  _SADEN_1                           main
ASxxxx Linker V03.00 + NoICE + sdld,  page 7.
Hexadecimal  [32-Bits]

Area                                    Addr        Size        Decimal Bytes (Attributes)
--------------------------------        ----        ----        ------- ----- ------------
.  .ABS.                            00000000    00000000 =           0. bytes (ABS,CON)

      Value  Global                              Global Defined In Module
      -----  --------------------------------   ------------------------
     000000BB  G$PT1$0_0$0                        main
     000000BB  G$SADDR_1$0_0$0                    main
     000000BB  _PT1                               main
     000000BB  _SADDR_1                           main
     000000BC  G$I2DAT$0_0$0                      main
     000000BC  G$PS$0_0$0                         main
     000000BC  _I2DAT                             main
     000000BC  _PS                                main
     000000BD  G$I2STAT$0_0$0                     main
     000000BD  G$PBOD$0_0$0                       main
     000000BD  _I2STAT                            main
     000000BD  _PBOD                              main
     000000BE  G$I2CLK$0_0$0                      main
     000000BE  G$PADC$0_0$0                       main
     000000BE  _I2CLK                             main
     000000BE  _PADC                              main
     000000BF  G$I2TOC$0_0$0                      main
     000000BF  _I2TOC                             main
     000000C0  G$I2CON$0_0$0                      main
     000000C0  G$I2CPX$0_0$0                      main
     000000C0  _I2CON                             main
     000000C0  _I2CPX                             main
     000000C1  G$I2ADDR$0_0$0                     main
     000000C1  _I2ADDR                            main
     000000C2  G$AA$0_0$0                         main
     000000C2  G$ADCRL$0_0$0                      main
     000000C2  _AA                                main
     000000C2  _ADCRL                             main
     000000C3  G$ADCRH$0_0$0                      main
     000000C3  G$SI$0_0$0                         main
     000000C3  _ADCRH                             main
     000000C3  _SI                                main
     000000C4  G$PWM4H$0_0$0                      main
     000000C4  G$STO$0_0$0                        main
     000000C4  G$T3CON$0_0$0                      main
     000000C4  _PWM4H                             main
     000000C4  _STO                               main
     000000C4  _T3CON                             main
     000000C5  G$PWM5H$0_0$0                      main
     000000C5  G$RL3$0_0$0                        main
     000000C5  G$STA$0_0$0                        main
     000000C5  _PWM5H                             main
     000000C5  _RL3                               main
     000000C5  _STA                               main
     000000C6  G$I2CEN$0_0$0                      main
     000000C6  G$PIOCON1$0_0$0                    main
     000000C6  G$RH3$0_0$0                        main
     000000C6  _I2CEN                             main
     000000C6  _PIOCON1                           main
     000000C6  _RH3                               main
     000000C7  G$TA$0_0$0                         main
ASxxxx Linker V03.00 + NoICE + sdld,  page 8.
Hexadecimal  [32-Bits]

Area                                    Addr        Size        Decimal Bytes (Attributes)
--------------------------------        ----        ----        ------- ----- ------------
.  .ABS.                            00000000    00000000 =           0. bytes (ABS,CON)

      Value  Global                              Global Defined In Module
      -----  --------------------------------   ------------------------
     000000C7  _TA                                main
     000000C8  G$CM_RL2$0_0$0                     main
     000000C8  G$T2CON$0_0$0                      main
     000000C8  _CM_RL2                            main
     000000C8  _T2CON                             main
     000000C9  G$T2MOD$0_0$0                      main
     000000C9  _T2MOD                             main
     000000CA  G$RCMP2L$0_0$0                     main
     000000CA  G$TR2$0_0$0                        main
     000000CA  _RCMP2L                            main
     000000CA  _TR2                               main
     000000CB  G$RCMP2H$0_0$0                     main
     000000CB  _RCMP2H                            main
     000000CC  G$PWM4L$0_0$0                      main
     000000CC  G$TL2$0_0$0                        main
     000000CC  _PWM4L                             main
     000000CC  _TL2                               main
     000000CD  G$PWM5L$0_0$0                      main
     000000CD  G$TH2$0_0$0                        main
     000000CD  _PWM5L                             main
     000000CD  _TH2                               main
     000000CE  G$ADCMPL$0_0$0                     main
     000000CE  _ADCMPL                            main
     000000CF  G$ADCMPH$0_0$0                     main
     000000CF  G$TF2$0_0$0                        main
     000000CF  _ADCMPH                            main
     000000CF  _TF2                               main
     000000D0  G$P$0_0$0                          main
     000000D0  G$PSW$0_0$0                        main
     000000D0  _P                                 main
     000000D0  _PSW                               main
     000000D1  G$PWMPH$0_0$0                      main
     000000D1  _PWMPH                             main
     000000D2  G$OV$0_0$0                         main
     000000D2  G$PWM0H$0_0$0                      main
     000000D2  _OV                                main
     000000D2  _PWM0H                             main
     000000D3  G$PWM1H$0_0$0                      main
     000000D3  G$RS0$0_0$0                        main
     000000D3  _PWM1H                             main
     000000D3  _RS0                               main
     000000D4  G$PWM2H$0_0$0                      main
     000000D4  G$RS1$0_0$0                        main
     000000D4  _PWM2H                             main
     000000D4  _RS1                               main
     000000D5  G$F0$0_0$0                         main
     000000D5  G$PWM3H$0_0$0                      main
     000000D5  _F0                                main
     000000D5  _PWM3H                             main
     000000D6  G$AC$0_0$0                         main
     000000D6  G$PNP$0_0$0                        main
ASxxxx Linker V03.00 + NoICE + sdld,  page 9.
Hexadecimal  [32-Bits]

Area                                    Addr        Size        Decimal Bytes (Attributes)
--------------------------------        ----        ----        ------- ----- ------------
.  .ABS.                            00000000    00000000 =           0. bytes (ABS,CON)

      Value  Global                              Global Defined In Module
      -----  --------------------------------   ------------------------
     000000D6  _AC                                main
     000000D6  _PNP                               main
     000000D7  G$CY$0_0$0                         main
     000000D7  G$FBD$0_0$0                        main
     000000D7  _CY                                main
     000000D7  _FBD                               main
     000000D8  G$PWMCON0$0_0$0                    main
     000000D8  _PWMCON0                           main
     000000D9  G$PWMPL$0_0$0                      main
     000000D9  _PWMPL                             main
     000000DA  G$PWM0L$0_0$0                      main
     000000DA  _PWM0L                             main
     000000DA  s_GSFINAL                       
     000000DA  s_GSINIT                        
     000000DA  s_GSINIT5                       
     000000DB  G$PWM1L$0_0$0                      main
     000000DB  _PWM1L                             main
     000000DC  G$CLRPWM$0_0$0                     main
     000000DC  G$PWM2L$0_0$0                      main
     000000DC  _CLRPWM                            main
     000000DC  _PWM2L                             main
     000000DC  l_.debug_loc                    
     000000DD  G$PWM3L$0_0$0                      main
     000000DD  G$PWMF$0_0$0                       main
     000000DD  _PWM3L                             main
     000000DD  _PWMF                              main
     000000DD  s_CSEG                          
     000000DE  G$LOAD$0_0$0                       main
     000000DE  G$PIOCON0$0_0$0                    main
     000000DE  _LOAD                              main
     000000DE  _PIOCON0                           main
     000000DF  G$PWMCON1$0_0$0                    main
     000000DF  G$PWMRUN$0_0$0                     main
     000000DF  _PWMCON1                           main
     000000DF  _PWMRUN                            main
     000000E0  G$ACC$0_0$0                        main
     000000E0  _ACC                               main
     000000E1  G$ADCCON1$0_0$0                    main
     000000E1  _ADCCON1                           main
     000000E2  G$ADCCON2$0_0$0                    main
     000000E2  _ADCCON2                           main
     000000E3  G$ADCDLY$0_0$0                     main
     000000E3  _ADCDLY                            main
     000000E4  G$C0L$0_0$0                        main
     000000E4  _C0L                               main
     000000E5  G$C0H$0_0$0                        main
     000000E5  _C0H                               main
     000000E6  G$C1L$0_0$0                        main
     000000E6  _C1L                               main
     000000E7  G$C1H$0_0$0                        main
     000000E7  _C1H                               main
ASxxxx Linker V03.00 + NoICE + sdld,  page 10.
Hexadecimal  [32-Bits]

Area                                    Addr        Size        Decimal Bytes (Attributes)
--------------------------------        ----        ----        ------- ----- ------------
.  .ABS.                            00000000    00000000 =           0. bytes (ABS,CON)

      Value  Global                              Global Defined In Module
      -----  --------------------------------   ------------------------
     000000E8  G$ADCCON0$0_0$0                    main
     000000E8  G$ADCHS0$0_0$0                     main
     000000E8  _ADCCON0                           main
     000000E8  _ADCHS0                            main
     000000E9  G$ADCHS1$0_0$0                     main
     000000E9  G$PICON$0_0$0                      main
     000000E9  _ADCHS1                            main
     000000E9  _PICON                             main
     000000EA  G$ADCHS2$0_0$0                     main
     000000EA  G$PINEN$0_0$0                      main
     000000EA  _ADCHS2                            main
     000000EA  _PINEN                             main
     000000EB  G$ADCHS3$0_0$0                     main
     000000EB  G$PIPEN$0_0$0                      main
     000000EB  _ADCHS3                            main
     000000EB  _PIPEN                             main
     000000EC  G$ETGSEL0$0_0$0                    main
     000000EC  G$PIF$0_0$0                        main
     000000EC  _ETGSEL0                           main
     000000EC  _PIF                               main
     000000ED  G$C2L$0_0$0                        main
     000000ED  G$ETGSEL1$0_0$0                    main
     000000ED  _C2L                               main
     000000ED  _ETGSEL1                           main
     000000EE  G$ADCS$0_0$0                       main
     000000EE  G$C2H$0_0$0                        main
     000000EE  _ADCS                              main
     000000EE  _C2H                               main
     000000EF  G$ADCF$0_0$0                       main
     000000EF  G$EIP$0_0$0                        main
     000000EF  _ADCF                              main
     000000EF  _EIP                               main
     000000F0  G$B$0_0$0                          main
     000000F0  _B                                 main
     000000F1  G$CAPCON3$0_0$0                    main
     000000F1  _CAPCON3                           main
     000000F2  G$CAPCON4$0_0$0                    main
     000000F2  _CAPCON4                           main
     000000F3  G$SPCR$0_0$0                       main
     000000F3  G$SPCR2$0_0$0                      main
     000000F3  _SPCR                              main
     000000F3  _SPCR2                             main
     000000F4  G$SPSR$0_0$0                       main
     000000F4  _SPSR                              main
     000000F5  G$SPDR$0_0$0                       main
     000000F5  _SPDR                              main
     000000F6  G$AINDIDS$0_0$0                    main
     000000F6  _AINDIDS                           main
     000000F7  G$EIPH$0_0$0                       main
     000000F7  _EIPH                              main
     000000F8  G$RI_1$0_0$0                       main
ASxxxx Linker V03.00 + NoICE + sdld,  page 11.
Hexadecimal  [32-Bits]

Area                                    Addr        Size        Decimal Bytes (Attributes)
--------------------------------        ----        ----        ------- ----- ------------
.  .ABS.                            00000000    00000000 =           0. bytes (ABS,CON)

      Value  Global                              Global Defined In Module
      -----  --------------------------------   ------------------------
     000000F8  G$SCON_1$0_0$0                     main
     000000F8  _RI_1                              main
     000000F8  _SCON_1                            main
     000000F9  G$PDTEN$0_0$0                      main
     000000F9  G$TI_1$0_0$0                       main
     000000F9  _PDTEN                             main
     000000F9  _TI_1                              main
     000000FA  G$PDTCNT$0_0$0                     main
     000000FA  G$RB8_1$0_0$0                      main
     000000FA  _PDTCNT                            main
     000000FA  _RB8_1                             main
     000000FB  G$PMEN$0_0$0                       main
     000000FB  G$TB8_1$0_0$0                      main
     000000FB  _PMEN                              main
     000000FB  _TB8_1                             main
     000000FC  G$PMD$0_0$0                        main
     000000FC  G$REN_1$0_0$0                      main
     000000FC  _PMD                               main
     000000FC  _REN_1                             main
     000000FD  G$SM2_1$0_0$0                      main
     000000FD  _SM2_1                             main
     000000FE  G$EIP1$0_0$0                       main
     000000FE  G$SM1_1$0_0$0                      main
     000000FE  _EIP1                              main
     000000FE  _SM1_1                             main
     000000FF  G$EIPH1$0_0$0                      main
     000000FF  G$FE_1$0_0$0                       main
     000000FF  G$SM0_1$0_0$0                      main
     000000FF  _EIPH1                             main
     000000FF  _FE_1                              main
     000000FF  _SM0_1                             main
     00000100  l_IRAM                          
     00000129  l_.debug_abbrev                 
     000001E4  l_.debug_frame                  
     00000789  l_CSEG                          
     00000866  s_CONST                         
     00000866  s_XINIT                         
     00000917  l_.debug_line                   
     00001492  l_.debug_pubnames               
     000028C5  l_.debug_info                   
ASxxxx Linker V03.00 + NoICE + sdld,  page 12.
Hexadecimal  [32-Bits]

Area                                    Addr        Size        Decimal Bytes (Attributes)
--------------------------------        ----        ----        ------- ----- ------------
REG_BANK_0                          00000000    00000008 =           8. bytes (REL,OVR)

      Value  Global                              Global Defined In Module
      -----  --------------------------------   ------------------------
ASxxxx Linker V03.00 + NoICE + sdld,  page 13.
Hexadecimal  [32-Bits]

Area                                    Addr        Size        Decimal Bytes (Attributes)
--------------------------------        ----        ----        ------- ----- ------------
BSEG_BYTES                          00000020    00000001 =           1. bytes (REL,CON)

      Value  Global                              Global Defined In Module
      -----  --------------------------------   ------------------------
ASxxxx Linker V03.00 + NoICE + sdld,  page 14.
Hexadecimal  [32-Bits]

Area                                    Addr        Size        Decimal Bytes (Attributes)
--------------------------------        ----        ----        ------- ----- ------------
DSEG                                00000021    0000001F =          31. bytes (REL,CON)

      Value  Global                              Global Defined In Module
      -----  --------------------------------   ------------------------
     00000021  G$bufhead$0_0$0                    isp_uart1
     00000021  _bufhead                           isp_uart1
     00000022  G$flash_address$0_0$0              isp_uart1
     00000022  _flash_address                     isp_uart1
     00000024  G$AP_size$0_0$0                    isp_uart1
     00000024  _AP_size                           isp_uart1
     00000026  G$g_timer1Counter$0_0$0            isp_uart1
     00000026  _g_timer1Counter                   isp_uart1
     00000027  G$count$0_0$0                      isp_uart1
     00000027  _count                             isp_uart1
     00000028  G$g_timer0Counter$0_0$0            isp_uart1
     00000028  _g_timer0Counter                   isp_uart1
     0000002A  G$g_checksum$0_0$0                 isp_uart1
     0000002A  _g_checksum                        isp_uart1
     0000002E  G$g_totalchecksum$0_0$0            isp_uart1
     0000002E  _g_totalchecksum                   isp_uart1
     00000032  G$PID_highB$0_0$0                  isp_uart1
     00000032  _PID_highB                         isp_uart1
     00000033  G$PID_lowB$0_0$0                   isp_uart1
     00000033  _PID_lowB                          isp_uart1
     00000034  G$DID_highB$0_0$0                  isp_uart1
     00000034  _DID_highB                         isp_uart1
     00000035  G$DID_lowB$0_0$0                   isp_uart1
     00000035  _DID_lowB                          isp_uart1
     00000036  G$CONF0$0_0$0                      isp_uart1
     00000036  _CONF0                             isp_uart1
     00000037  G$CONF1$0_0$0                      isp_uart1
     00000037  _CONF1                             isp_uart1
     00000038  G$CONF2$0_0$0                      isp_uart1
     00000038  _CONF2                             isp_uart1
     00000039  G$CONF4$0_0$0                      isp_uart1
     00000039  _CONF4                             isp_uart1
     0000003A  G$recv_CONF0$0_0$0                 isp_uart1
     0000003A  _recv_CONF0                        isp_uart1
     0000003B  G$recv_CONF1$0_0$0                 isp_uart1
     0000003B  _recv_CONF1                        isp_uart1
     0000003C  G$recv_CONF2$0_0$0                 isp_uart1
     0000003C  _recv_CONF2                        isp_uart1
     0000003D  G$recv_CONF4$0_0$0                 isp_uart1
     0000003D  _recv_CONF4                        isp_uart1
     0000003E  G$hircmap0$0_0$0                   isp_uart1
     0000003E  _hircmap0                          isp_uart1
     0000003F  G$hircmap1$0_0$0                   isp_uart1
     0000003F  _hircmap1                          isp_uart1

ASxxxx Linker V03.00 + NoICE + sdld,  page 15.
Hexadecimal  [32-Bits]

Area                                    Addr        Size        Decimal Bytes (Attributes)
--------------------------------        ----        ----        ------- ----- ------------
SSEG                                00000040    00000001 =           1. bytes (REL,OVR)

      Value  Global                              Global Defined In Module
      -----  --------------------------------   ------------------------
     00000040  __start__stack                     main

ASxxxx Linker V03.00 + NoICE + sdld,  page 16.
Hexadecimal  [32-Bits]

Area                                    Addr        Size        Decimal Bytes (Attributes)
--------------------------------        ----        ----        ------- ----- ------------
XSEG                                00000001    00000083 =         131. bytes (REL,CON,XDATA)

      Value  Global                              Global Defined In Module
      -----  --------------------------------   ------------------------
D:   00000001  G$uart_rcvbuf$0_0$0                isp_uart1
D:   00000001  _uart_rcvbuf                       isp_uart1
D:   00000041  G$uart_txbuf$0_0$0                 isp_uart1
D:   00000041  _uart_txbuf                        isp_uart1
D:   00000081  Lmain.UART1_ISR$vo8temp$1_0$162    main
D:   00000082  Lmain.main$vo16temp$1_0$174        main
ASxxxx Linker V03.00 + NoICE + sdld,  page 17.
Hexadecimal  [32-Bits]

Area                                    Addr        Size        Decimal Bytes (Attributes)
--------------------------------        ----        ----        ------- ----- ------------
HOME                                00000000    00000081 =         129. bytes (REL,CON,CODE)

      Value  Global                              Global Defined In Module
      -----  --------------------------------   ------------------------
C:   00000000  A$main$801                         main
C:   00000003  A$main$802                         main
C:   0000000B  A$main$804                         main
C:   00000013  A$main$806                         main
C:   0000001B  A$main$808                         main
C:   00000023  A$main$810                         main
C:   0000002B  A$main$812                         main
C:   00000033  A$main$814                         main
C:   0000003B  A$main$816                         main
C:   00000043  A$main$818                         main
C:   0000004B  A$main$820                         main
C:   00000053  A$main$822                         main
C:   0000005B  A$main$824                         main
C:   00000063  A$main$826                         main
C:   0000006B  A$main$828                         main
C:   00000073  A$main$830                         main
C:   0000007B  A$main$832                         main
C:   0000007E  A$main$854                         main
C:   0000007E  __sdcc_program_startup             main

ASxxxx Linker V03.00 + NoICE + sdld,  page 18.
Hexadecimal  [32-Bits]

Area                                    Addr        Size        Decimal Bytes (Attributes)
--------------------------------        ----        ----        ------- ----- ------------
GSINIT0                             00000081    00000003 =           3. bytes (REL,CON,CODE)

      Value  Global                              Global Defined In Module
      -----  --------------------------------   ------------------------
C:   00000081  __sdcc_gsinit_startup              

ASxxxx Linker V03.00 + NoICE + sdld,  page 19.
Hexadecimal  [32-Bits]

Area                                    Addr        Size        Decimal Bytes (Attributes)
--------------------------------        ----        ----        ------- ----- ------------
GSINIT2                             00000084    0000000A =          10. bytes (REL,CON,CODE)

      Value  Global                              Global Defined In Module
      -----  --------------------------------   ------------------------
ASxxxx Linker V03.00 + NoICE + sdld,  page 20.
Hexadecimal  [32-Bits]

Area                                    Addr        Size        Decimal Bytes (Attributes)
--------------------------------        ----        ----        ------- ----- ------------
GSINIT3                             0000008E    00000022 =          34. bytes (REL,CON,CODE)

      Value  Global                              Global Defined In Module
      -----  --------------------------------   ------------------------
C:   0000008E  __mcs51_genXINIT                   

ASxxxx Linker V03.00 + NoICE + sdld,  page 21.
Hexadecimal  [32-Bits]

Area                                    Addr        Size        Decimal Bytes (Attributes)
--------------------------------        ----        ----        ------- ----- ------------
GSINIT4                             000000B0    0000002A =          42. bytes (REL,CON,CODE)

      Value  Global                              Global Defined In Module
      -----  --------------------------------   ------------------------
C:   000000B0  __mcs51_genRAMCLEAR                
C:   000000B6  __mcs51_genXRAMCLEAR               

ASxxxx Linker V03.00 + NoICE + sdld,  page 22.
Hexadecimal  [32-Bits]

Area                                    Addr        Size        Decimal Bytes (Attributes)
--------------------------------        ----        ----        ------- ----- ------------
GSFINAL                             000000DA    00000003 =           3. bytes (REL,CON,CODE)

      Value  Global                              Global Defined In Module
      -----  --------------------------------   ------------------------
C:   000000DA  A$main$847                         main

ASxxxx Linker V03.00 + NoICE + sdld,  page 23.
Hexadecimal  [32-Bits]

Area                                    Addr        Size        Decimal Bytes (Attributes)
--------------------------------        ----        ----        ------- ----- ------------
CSEG                                000000DD    00000789 =        1929. bytes (REL,CON,CODE)

      Value  Global                              Global Defined In Module
      -----  --------------------------------   ------------------------
C:   000000DD  A$isp_uart1$932                    isp_uart1
C:   000000DD  Sisp_uart1$MODIFY_HIRC_24$0        isp_uart1
C:   000000DD  Sisp_uart1$MODIFY_HIRC_24$1        isp_uart1
C:   000000DD  Sisp_uart1$MODIFY_HIRC_24$2        isp_uart1
C:   000000DD  _MODIFY_HIRC_24                    isp_uart1
C:   000000E0  A$isp_uart1$935                    isp_uart1
C:   000000E0  Sisp_uart1$MODIFY_HIRC_24$3        isp_uart1
C:   000000E3  A$isp_uart1$938                    isp_uart1
C:   000000E3  Sisp_uart1$MODIFY_HIRC_24$4        isp_uart1
C:   000000E6  A$isp_uart1$942                    isp_uart1
C:   000000E6  Sisp_uart1$MODIFY_HIRC_24$5        isp_uart1
C:   000000E8  A$isp_uart1$943                    isp_uart1
C:   000000EA  A$isp_uart1$945                    isp_uart1
C:   000000EC  A$isp_uart1$946                    isp_uart1
C:   000000EF  A$isp_uart1$947                    isp_uart1
C:   000000F2  A$isp_uart1$948                    isp_uart1
C:   000000F5  A$isp_uart1$950                    isp_uart1
C:   000000F7  A$isp_uart1$951                    isp_uart1
C:   000000F9  A$isp_uart1$954                    isp_uart1
C:   000000F9  Sisp_uart1$MODIFY_HIRC_24$6        isp_uart1
C:   000000FC  A$isp_uart1$957                    isp_uart1
C:   000000FC  Sisp_uart1$MODIFY_HIRC_24$7        isp_uart1
C:   000000FF  A$isp_uart1$960                    isp_uart1
C:   000000FF  Sisp_uart1$MODIFY_HIRC_24$8        isp_uart1
C:   00000102  A$isp_uart1$964                    isp_uart1
C:   00000102  Sisp_uart1$MODIFY_HIRC_24$9        isp_uart1
C:   00000104  A$isp_uart1$965                    isp_uart1
C:   00000106  A$isp_uart1$967                    isp_uart1
C:   00000108  A$isp_uart1$968                    isp_uart1
C:   0000010B  A$isp_uart1$969                    isp_uart1
C:   0000010E  A$isp_uart1$970                    isp_uart1
C:   00000111  A$isp_uart1$972                    isp_uart1
C:   00000113  A$isp_uart1$973                    isp_uart1
C:   00000115  A$isp_uart1$976                    isp_uart1
C:   00000115  Sisp_uart1$MODIFY_HIRC_24$10       isp_uart1
C:   00000118  A$isp_uart1$979                    isp_uart1
C:   00000118  Sisp_uart1$MODIFY_HIRC_24$11       isp_uart1
C:   0000011B  A$isp_uart1$982                    isp_uart1
C:   0000011B  Sisp_uart1$MODIFY_HIRC_24$12       isp_uart1
C:   0000011E  A$isp_uart1$985                    isp_uart1
C:   0000011E  Sisp_uart1$MODIFY_HIRC_24$13       isp_uart1
C:   00000121  A$isp_uart1$988                    isp_uart1
C:   00000121  Sisp_uart1$MODIFY_HIRC_24$14       isp_uart1
C:   00000124  A$isp_uart1$991                    isp_uart1
C:   00000124  Sisp_uart1$MODIFY_HIRC_24$15       isp_uart1
C:   00000127  A$isp_uart1$994                    isp_uart1
C:   00000127  Sisp_uart1$MODIFY_HIRC_24$16       isp_uart1
C:   0000012A  A$isp_uart1$999                    isp_uart1
C:   0000012A  Sisp_uart1$MODIFY_HIRC_24$17       isp_uart1
C:   0000012A  Sisp_uart1$MODIFY_HIRC_24$18       isp_uart1
ASxxxx Linker V03.00 + NoICE + sdld,  page 24.
Hexadecimal  [32-Bits]

Area                                    Addr        Size        Decimal Bytes (Attributes)
--------------------------------        ----        ----        ------- ----- ------------
CSEG                                000000DD    00000789 =        1929. bytes (REL,CON,CODE)

      Value  Global                              Global Defined In Module
      -----  --------------------------------   ------------------------
C:   0000012A  XG$MODIFY_HIRC_24$0$0              isp_uart1
C:   0000012B  A$isp_uart1$1013                   isp_uart1
C:   0000012B  Sisp_uart1$MODIFY_HIRC_16$20       isp_uart1
C:   0000012B  Sisp_uart1$MODIFY_HIRC_16$21       isp_uart1
C:   0000012B  Sisp_uart1$MODIFY_HIRC_16$22       isp_uart1
C:   0000012B  Sisp_uart1$MODIFY_HIRC_24$19       isp_uart1
C:   0000012B  _MODIFY_HIRC_16                    isp_uart1
C:   0000012E  A$isp_uart1$1016                   isp_uart1
C:   0000012E  Sisp_uart1$MODIFY_HIRC_16$23       isp_uart1
C:   00000131  A$isp_uart1$1019                   isp_uart1
C:   00000131  Sisp_uart1$MODIFY_HIRC_16$24       isp_uart1
C:   00000134  A$isp_uart1$1023                   isp_uart1
C:   00000134  Sisp_uart1$MODIFY_HIRC_16$25       isp_uart1
C:   00000136  A$isp_uart1$1024                   isp_uart1
C:   00000138  A$isp_uart1$1026                   isp_uart1
C:   0000013A  A$isp_uart1$1027                   isp_uart1
C:   0000013D  A$isp_uart1$1028                   isp_uart1
C:   00000140  A$isp_uart1$1029                   isp_uart1
C:   00000143  A$isp_uart1$1031                   isp_uart1
C:   00000145  A$isp_uart1$1032                   isp_uart1
C:   00000147  A$isp_uart1$1035                   isp_uart1
C:   00000147  Sisp_uart1$MODIFY_HIRC_16$26       isp_uart1
C:   0000014A  A$isp_uart1$1038                   isp_uart1
C:   0000014A  Sisp_uart1$MODIFY_HIRC_16$27       isp_uart1
C:   0000014D  A$isp_uart1$1041                   isp_uart1
C:   0000014D  Sisp_uart1$MODIFY_HIRC_16$28       isp_uart1
C:   00000150  A$isp_uart1$1045                   isp_uart1
C:   00000150  Sisp_uart1$MODIFY_HIRC_16$29       isp_uart1
C:   00000152  A$isp_uart1$1046                   isp_uart1
C:   00000154  A$isp_uart1$1048                   isp_uart1
C:   00000156  A$isp_uart1$1049                   isp_uart1
C:   00000159  A$isp_uart1$1050                   isp_uart1
C:   0000015C  A$isp_uart1$1051                   isp_uart1
C:   0000015F  A$isp_uart1$1053                   isp_uart1
C:   00000161  A$isp_uart1$1054                   isp_uart1
C:   00000163  A$isp_uart1$1057                   isp_uart1
C:   00000163  Sisp_uart1$MODIFY_HIRC_16$30       isp_uart1
C:   00000166  A$isp_uart1$1060                   isp_uart1
C:   00000166  Sisp_uart1$MODIFY_HIRC_16$31       isp_uart1
C:   00000169  A$isp_uart1$1063                   isp_uart1
C:   00000169  Sisp_uart1$MODIFY_HIRC_16$32       isp_uart1
C:   0000016C  A$isp_uart1$1066                   isp_uart1
C:   0000016C  Sisp_uart1$MODIFY_HIRC_16$33       isp_uart1
C:   0000016F  A$isp_uart1$1069                   isp_uart1
C:   0000016F  Sisp_uart1$MODIFY_HIRC_16$34       isp_uart1
C:   00000172  A$isp_uart1$1072                   isp_uart1
C:   00000172  Sisp_uart1$MODIFY_HIRC_16$35       isp_uart1
C:   00000175  A$isp_uart1$1075                   isp_uart1
C:   00000175  Sisp_uart1$MODIFY_HIRC_16$36       isp_uart1
C:   00000178  A$isp_uart1$1080                   isp_uart1
C:   00000178  Sisp_uart1$MODIFY_HIRC_16$37       isp_uart1
ASxxxx Linker V03.00 + NoICE + sdld,  page 25.
Hexadecimal  [32-Bits]

Area                                    Addr        Size        Decimal Bytes (Attributes)
--------------------------------        ----        ----        ------- ----- ------------
CSEG                                000000DD    00000789 =        1929. bytes (REL,CON,CODE)

      Value  Global                              Global Defined In Module
      -----  --------------------------------   ------------------------
C:   00000178  Sisp_uart1$MODIFY_HIRC_16$38       isp_uart1
C:   00000178  XG$MODIFY_HIRC_16$0$0              isp_uart1
C:   00000179  A$isp_uart1$1094                   isp_uart1
C:   00000179  Sisp_uart1$MODIFY_HIRC_16$39       isp_uart1
C:   00000179  Sisp_uart1$READ_ID$40              isp_uart1
C:   00000179  Sisp_uart1$READ_ID$41              isp_uart1
C:   00000179  Sisp_uart1$READ_ID$42              isp_uart1
C:   00000179  _READ_ID                           isp_uart1
C:   0000017C  A$isp_uart1$1097                   isp_uart1
C:   0000017C  Sisp_uart1$READ_ID$43              isp_uart1
C:   0000017F  A$isp_uart1$1100                   isp_uart1
C:   0000017F  Sisp_uart1$READ_ID$44              isp_uart1
C:   00000182  A$isp_uart1$1104                   isp_uart1
C:   00000182  Sisp_uart1$READ_ID$45              isp_uart1
C:   00000184  A$isp_uart1$1105                   isp_uart1
C:   00000186  A$isp_uart1$1107                   isp_uart1
C:   00000188  A$isp_uart1$1108                   isp_uart1
C:   0000018B  A$isp_uart1$1109                   isp_uart1
C:   0000018E  A$isp_uart1$1110                   isp_uart1
C:   00000191  A$isp_uart1$1112                   isp_uart1
C:   00000193  A$isp_uart1$1113                   isp_uart1
C:   00000195  A$isp_uart1$1116                   isp_uart1
C:   00000195  Sisp_uart1$READ_ID$46              isp_uart1
C:   00000198  A$isp_uart1$1119                   isp_uart1
C:   00000198  Sisp_uart1$READ_ID$47              isp_uart1
C:   0000019B  A$isp_uart1$1123                   isp_uart1
C:   0000019B  Sisp_uart1$READ_ID$48              isp_uart1
C:   0000019D  A$isp_uart1$1124                   isp_uart1
C:   0000019F  A$isp_uart1$1126                   isp_uart1
C:   000001A1  A$isp_uart1$1127                   isp_uart1
C:   000001A4  A$isp_uart1$1128                   isp_uart1
C:   000001A7  A$isp_uart1$1129                   isp_uart1
C:   000001AA  A$isp_uart1$1131                   isp_uart1
C:   000001AC  A$isp_uart1$1132                   isp_uart1
C:   000001AE  A$isp_uart1$1135                   isp_uart1
C:   000001AE  Sisp_uart1$READ_ID$49              isp_uart1
C:   000001B1  A$isp_uart1$1138                   isp_uart1
C:   000001B1  Sisp_uart1$READ_ID$50              isp_uart1
C:   000001B4  A$isp_uart1$1142                   isp_uart1
C:   000001B4  Sisp_uart1$READ_ID$51              isp_uart1
C:   000001B6  A$isp_uart1$1143                   isp_uart1
C:   000001B8  A$isp_uart1$1145                   isp_uart1
C:   000001BA  A$isp_uart1$1146                   isp_uart1
C:   000001BD  A$isp_uart1$1147                   isp_uart1
C:   000001C0  A$isp_uart1$1148                   isp_uart1
C:   000001C3  A$isp_uart1$1150                   isp_uart1
C:   000001C5  A$isp_uart1$1151                   isp_uart1
C:   000001C7  A$isp_uart1$1154                   isp_uart1
C:   000001C7  Sisp_uart1$READ_ID$52              isp_uart1
C:   000001CA  A$isp_uart1$1157                   isp_uart1
C:   000001CA  Sisp_uart1$READ_ID$53              isp_uart1
ASxxxx Linker V03.00 + NoICE + sdld,  page 26.
Hexadecimal  [32-Bits]

Area                                    Addr        Size        Decimal Bytes (Attributes)
--------------------------------        ----        ----        ------- ----- ------------
CSEG                                000000DD    00000789 =        1929. bytes (REL,CON,CODE)

      Value  Global                              Global Defined In Module
      -----  --------------------------------   ------------------------
C:   000001CD  A$isp_uart1$1161                   isp_uart1
C:   000001CD  Sisp_uart1$READ_ID$54              isp_uart1
C:   000001CF  A$isp_uart1$1162                   isp_uart1
C:   000001D1  A$isp_uart1$1164                   isp_uart1
C:   000001D3  A$isp_uart1$1165                   isp_uart1
C:   000001D6  A$isp_uart1$1166                   isp_uart1
C:   000001D9  A$isp_uart1$1167                   isp_uart1
C:   000001DC  A$isp_uart1$1169                   isp_uart1
C:   000001DE  A$isp_uart1$1170                   isp_uart1
C:   000001E0  A$isp_uart1$1173                   isp_uart1
C:   000001E0  Sisp_uart1$READ_ID$55              isp_uart1
C:   000001E3  A$isp_uart1$1178                   isp_uart1
C:   000001E3  Sisp_uart1$READ_ID$56              isp_uart1
C:   000001E3  Sisp_uart1$READ_ID$57              isp_uart1
C:   000001E3  XG$READ_ID$0$0                     isp_uart1
C:   000001E4  A$isp_uart1$1192                   isp_uart1
C:   000001E4  Sisp_uart1$READ_CONFIG$59          isp_uart1
C:   000001E4  Sisp_uart1$READ_CONFIG$60          isp_uart1
C:   000001E4  Sisp_uart1$READ_CONFIG$61          isp_uart1
C:   000001E4  Sisp_uart1$READ_ID$58              isp_uart1
C:   000001E4  _READ_CONFIG                       isp_uart1
C:   000001E7  A$isp_uart1$1195                   isp_uart1
C:   000001E7  Sisp_uart1$READ_CONFIG$62          isp_uart1
C:   000001EA  A$isp_uart1$1198                   isp_uart1
C:   000001EA  Sisp_uart1$READ_CONFIG$63          isp_uart1
C:   000001ED  A$isp_uart1$1202                   isp_uart1
C:   000001ED  Sisp_uart1$READ_CONFIG$64          isp_uart1
C:   000001EF  A$isp_uart1$1203                   isp_uart1
C:   000001F1  A$isp_uart1$1205                   isp_uart1
C:   000001F3  A$isp_uart1$1206                   isp_uart1
C:   000001F6  A$isp_uart1$1207                   isp_uart1
C:   000001F9  A$isp_uart1$1208                   isp_uart1
C:   000001FC  A$isp_uart1$1210                   isp_uart1
C:   000001FE  A$isp_uart1$1211                   isp_uart1
C:   00000200  A$isp_uart1$1214                   isp_uart1
C:   00000200  Sisp_uart1$READ_CONFIG$65          isp_uart1
C:   00000203  A$isp_uart1$1217                   isp_uart1
C:   00000203  Sisp_uart1$READ_CONFIG$66          isp_uart1
C:   00000206  A$isp_uart1$1221                   isp_uart1
C:   00000206  Sisp_uart1$READ_CONFIG$67          isp_uart1
C:   00000208  A$isp_uart1$1222                   isp_uart1
C:   0000020A  A$isp_uart1$1224                   isp_uart1
C:   0000020C  A$isp_uart1$1225                   isp_uart1
C:   0000020F  A$isp_uart1$1226                   isp_uart1
C:   00000212  A$isp_uart1$1227                   isp_uart1
C:   00000215  A$isp_uart1$1229                   isp_uart1
C:   00000217  A$isp_uart1$1230                   isp_uart1
C:   00000219  A$isp_uart1$1233                   isp_uart1
C:   00000219  Sisp_uart1$READ_CONFIG$68          isp_uart1
C:   0000021C  A$isp_uart1$1236                   isp_uart1
C:   0000021C  Sisp_uart1$READ_CONFIG$69          isp_uart1
ASxxxx Linker V03.00 + NoICE + sdld,  page 27.
Hexadecimal  [32-Bits]

Area                                    Addr        Size        Decimal Bytes (Attributes)
--------------------------------        ----        ----        ------- ----- ------------
CSEG                                000000DD    00000789 =        1929. bytes (REL,CON,CODE)

      Value  Global                              Global Defined In Module
      -----  --------------------------------   ------------------------
C:   0000021F  A$isp_uart1$1240                   isp_uart1
C:   0000021F  Sisp_uart1$READ_CONFIG$70          isp_uart1
C:   00000221  A$isp_uart1$1241                   isp_uart1
C:   00000223  A$isp_uart1$1243                   isp_uart1
C:   00000225  A$isp_uart1$1244                   isp_uart1
C:   00000228  A$isp_uart1$1245                   isp_uart1
C:   0000022B  A$isp_uart1$1246                   isp_uart1
C:   0000022E  A$isp_uart1$1248                   isp_uart1
C:   00000230  A$isp_uart1$1249                   isp_uart1
C:   00000232  A$isp_uart1$1252                   isp_uart1
C:   00000232  Sisp_uart1$READ_CONFIG$71          isp_uart1
C:   00000235  A$isp_uart1$1255                   isp_uart1
C:   00000235  Sisp_uart1$READ_CONFIG$72          isp_uart1
C:   00000238  A$isp_uart1$1259                   isp_uart1
C:   00000238  Sisp_uart1$READ_CONFIG$73          isp_uart1
C:   0000023A  A$isp_uart1$1260                   isp_uart1
C:   0000023C  A$isp_uart1$1262                   isp_uart1
C:   0000023E  A$isp_uart1$1263                   isp_uart1
C:   00000241  A$isp_uart1$1264                   isp_uart1
C:   00000244  A$isp_uart1$1265                   isp_uart1
C:   00000247  A$isp_uart1$1267                   isp_uart1
C:   00000249  A$isp_uart1$1268                   isp_uart1
C:   0000024B  A$isp_uart1$1271                   isp_uart1
C:   0000024B  Sisp_uart1$READ_CONFIG$74          isp_uart1
C:   0000024E  A$isp_uart1$1276                   isp_uart1
C:   0000024E  Sisp_uart1$READ_CONFIG$75          isp_uart1
C:   0000024E  Sisp_uart1$READ_CONFIG$76          isp_uart1
C:   0000024E  XG$READ_CONFIG$0$0                 isp_uart1
C:   0000024F  A$isp_uart1$1290                   isp_uart1
C:   0000024F  Sisp_uart1$READ_CONFIG$77          isp_uart1
C:   0000024F  Sisp_uart1$TM0_ini$78              isp_uart1
C:   0000024F  Sisp_uart1$TM0_ini$79              isp_uart1
C:   0000024F  Sisp_uart1$TM0_ini$80              isp_uart1
C:   0000024F  _TM0_ini                           isp_uart1
C:   00000252  A$isp_uart1$1291                   isp_uart1
C:   00000255  A$isp_uart1$1295                   isp_uart1
C:   00000255  Sisp_uart1$TM0_ini$81              isp_uart1
C:   00000257  A$isp_uart1$1299                   isp_uart1
C:   00000257  Sisp_uart1$TM0_ini$82              isp_uart1
C:   00000259  A$isp_uart1$1300                   isp_uart1
C:   0000025B  A$isp_uart1$1302                   isp_uart1
C:   0000025D  A$isp_uart1$1303                   isp_uart1
C:   00000260  A$isp_uart1$1304                   isp_uart1
C:   00000263  A$isp_uart1$1305                   isp_uart1
C:   00000266  A$isp_uart1$1307                   isp_uart1
C:   00000268  A$isp_uart1$1308                   isp_uart1
C:   0000026A  A$isp_uart1$1309                   isp_uart1
C:   0000026D  A$isp_uart1$1313                   isp_uart1
C:   0000026D  Sisp_uart1$TM0_ini$83              isp_uart1
C:   0000026F  A$isp_uart1$1318                   isp_uart1
C:   0000026F  Sisp_uart1$TM0_ini$84              isp_uart1
ASxxxx Linker V03.00 + NoICE + sdld,  page 28.
Hexadecimal  [32-Bits]

Area                                    Addr        Size        Decimal Bytes (Attributes)
--------------------------------        ----        ----        ------- ----- ------------
CSEG                                000000DD    00000789 =        1929. bytes (REL,CON,CODE)

      Value  Global                              Global Defined In Module
      -----  --------------------------------   ------------------------
C:   0000026F  Sisp_uart1$TM0_ini$85              isp_uart1
C:   0000026F  XG$TM0_ini$0$0                     isp_uart1
C:   00000270  A$isp_uart1$1332                   isp_uart1
C:   00000270  Sisp_uart1$TM0_ini$86              isp_uart1
C:   00000270  Sisp_uart1$UART1_ini_115200_24MH   isp_uart1
C:   00000270  Sisp_uart1$UART1_ini_115200_24MH   isp_uart1
C:   00000270  Sisp_uart1$UART1_ini_115200_24MH   isp_uart1
C:   00000270  _UART1_ini_115200_24MHz            isp_uart1
C:   00000273  A$isp_uart1$1333                   isp_uart1
C:   00000276  A$isp_uart1$1336                   isp_uart1
C:   00000276  Sisp_uart1$UART1_ini_115200_24MH   isp_uart1
C:   00000279  A$isp_uart1$1337                   isp_uart1
C:   0000027C  A$isp_uart1$1340                   isp_uart1
C:   0000027C  Sisp_uart1$UART1_ini_115200_24MH   isp_uart1
C:   0000027F  A$isp_uart1$1343                   isp_uart1
C:   0000027F  Sisp_uart1$UART1_ini_115200_24MH   isp_uart1
C:   00000282  A$isp_uart1$1347                   isp_uart1
C:   00000282  Sisp_uart1$UART1_ini_115200_24MH   isp_uart1
C:   00000284  A$isp_uart1$1348                   isp_uart1
C:   00000286  A$isp_uart1$1350                   isp_uart1
C:   00000288  A$isp_uart1$1351                   isp_uart1
C:   0000028B  A$isp_uart1$1352                   isp_uart1
C:   0000028E  A$isp_uart1$1353                   isp_uart1
C:   00000291  A$isp_uart1$1355                   isp_uart1
C:   00000293  A$isp_uart1$1356                   isp_uart1
C:   00000295  A$isp_uart1$1357                   isp_uart1
C:   00000298  A$isp_uart1$1360                   isp_uart1
C:   00000298  Sisp_uart1$UART1_ini_115200_24MH   isp_uart1
C:   0000029B  A$isp_uart1$1363                   isp_uart1
C:   0000029B  Sisp_uart1$UART1_ini_115200_24MH   isp_uart1
C:   0000029E  A$isp_uart1$1367                   isp_uart1
C:   0000029E  Sisp_uart1$UART1_ini_115200_24MH   isp_uart1
C:   000002A0  A$isp_uart1$1368                   isp_uart1
C:   000002A2  A$isp_uart1$1370                   isp_uart1
C:   000002A4  A$isp_uart1$1371                   isp_uart1
C:   000002A7  A$isp_uart1$1372                   isp_uart1
C:   000002AA  A$isp_uart1$1373                   isp_uart1
C:   000002AD  A$isp_uart1$1375                   isp_uart1
C:   000002AF  A$isp_uart1$1376                   isp_uart1
C:   000002B1  A$isp_uart1$1377                   isp_uart1
C:   000002B4  A$isp_uart1$1380                   isp_uart1
C:   000002B4  Sisp_uart1$UART1_ini_115200_24MH   isp_uart1
C:   000002B7  A$isp_uart1$1384                   isp_uart1
C:   000002B7  Sisp_uart1$UART1_ini_115200_24MH   isp_uart1
C:   000002B9  A$isp_uart1$1389                   isp_uart1
C:   000002B9  Sisp_uart1$UART1_ini_115200_24MH   isp_uart1
C:   000002B9  Sisp_uart1$UART1_ini_115200_24MH   isp_uart1
C:   000002B9  XG$UART1_ini_115200_24MHz$0$0      isp_uart1
C:   000002BA  A$isp_uart1$1405                   isp_uart1
C:   000002BA  Sisp_uart1$Package_checksum$102    isp_uart1
C:   000002BA  Sisp_uart1$Package_checksum$103    isp_uart1
ASxxxx Linker V03.00 + NoICE + sdld,  page 29.
Hexadecimal  [32-Bits]

Area                                    Addr        Size        Decimal Bytes (Attributes)
--------------------------------        ----        ----        ------- ----- ------------
CSEG                                000000DD    00000789 =        1929. bytes (REL,CON,CODE)

      Value  Global                              Global Defined In Module
      -----  --------------------------------   ------------------------
C:   000002BA  Sisp_uart1$Package_checksum$104    isp_uart1
C:   000002BA  Sisp_uart1$UART1_ini_115200_24MH   isp_uart1
C:   000002BA  _Package_checksum                  isp_uart1
C:   000002BB  A$isp_uart1$1406                   isp_uart1
C:   000002BD  A$isp_uart1$1407                   isp_uart1
C:   000002BF  A$isp_uart1$1408                   isp_uart1
C:   000002C1  A$isp_uart1$1409                   isp_uart1
C:   000002C3  A$isp_uart1$1413                   isp_uart1
C:   000002C3  Sisp_uart1$Package_checksum$105    isp_uart1
C:   000002C5  A$isp_uart1$1415                   isp_uart1
C:   000002C7  A$isp_uart1$1416                   isp_uart1
C:   000002C9  A$isp_uart1$1417                   isp_uart1
C:   000002CB  A$isp_uart1$1421                   isp_uart1
C:   000002CB  Sisp_uart1$Package_checksum$106    isp_uart1
C:   000002CB  Sisp_uart1$Package_checksum$107    isp_uart1
C:   000002CD  A$isp_uart1$1422                   isp_uart1
C:   000002CF  A$isp_uart1$1423                   isp_uart1
C:   000002D1  A$isp_uart1$1424                   isp_uart1
C:   000002D2  A$isp_uart1$1425                   isp_uart1
C:   000002D4  A$isp_uart1$1426                   isp_uart1
C:   000002D6  A$isp_uart1$1427                   isp_uart1
C:   000002D7  A$isp_uart1$1428                   isp_uart1
C:   000002D8  A$isp_uart1$1431                   isp_uart1
C:   000002D8  Sisp_uart1$Package_checksum$108    isp_uart1
C:   000002D9  A$isp_uart1$1432                   isp_uart1
C:   000002DA  A$isp_uart1$1433                   isp_uart1
C:   000002DB  A$isp_uart1$1434                   isp_uart1
C:   000002DC  A$isp_uart1$1435                   isp_uart1
C:   000002DD  A$isp_uart1$1436                   isp_uart1
C:   000002DF  A$isp_uart1$1437                   isp_uart1
C:   000002E1  A$isp_uart1$1438                   isp_uart1
C:   000002E2  A$isp_uart1$1439                   isp_uart1
C:   000002E4  A$isp_uart1$1440                   isp_uart1
C:   000002E6  A$isp_uart1$1441                   isp_uart1
C:   000002E7  A$isp_uart1$1442                   isp_uart1
C:   000002E9  A$isp_uart1$1443                   isp_uart1
C:   000002EB  A$isp_uart1$1444                   isp_uart1
C:   000002EC  A$isp_uart1$1445                   isp_uart1
C:   000002EE  A$isp_uart1$1446                   isp_uart1
C:   000002F0  A$isp_uart1$1450                   isp_uart1
C:   000002F0  Sisp_uart1$Package_checksum$109    isp_uart1
C:   000002F0  Sisp_uart1$Package_checksum$110    isp_uart1
C:   000002F2  A$isp_uart1$1451                   isp_uart1
C:   000002F3  A$isp_uart1$1452                   isp_uart1
C:   000002F5  A$isp_uart1$1453                   isp_uart1
C:   000002F7  A$isp_uart1$1457                   isp_uart1
C:   000002F7  Sisp_uart1$Package_checksum$111    isp_uart1
C:   000002F9  A$isp_uart1$1458                   isp_uart1
C:   000002FC  A$isp_uart1$1459                   isp_uart1
C:   000002FD  A$isp_uart1$1460                   isp_uart1
C:   000002FE  A$isp_uart1$1463                   isp_uart1
ASxxxx Linker V03.00 + NoICE + sdld,  page 30.
Hexadecimal  [32-Bits]

Area                                    Addr        Size        Decimal Bytes (Attributes)
--------------------------------        ----        ----        ------- ----- ------------
CSEG                                000000DD    00000789 =        1929. bytes (REL,CON,CODE)

      Value  Global                              Global Defined In Module
      -----  --------------------------------   ------------------------
C:   000002FE  Sisp_uart1$Package_checksum$112    isp_uart1
C:   00000300  A$isp_uart1$1464                   isp_uart1
C:   00000303  A$isp_uart1$1465                   isp_uart1
C:   00000304  A$isp_uart1$1466                   isp_uart1
C:   00000305  A$isp_uart1$1469                   isp_uart1
C:   00000305  Sisp_uart1$Package_checksum$113    isp_uart1
C:   00000308  A$isp_uart1$1470                   isp_uart1
C:   00000309  A$isp_uart1$1471                   isp_uart1
C:   0000030A  A$isp_uart1$1472                   isp_uart1
C:   0000030B  A$isp_uart1$1473                   isp_uart1
C:   0000030E  A$isp_uart1$1474                   isp_uart1
C:   0000030F  A$isp_uart1$1475                   isp_uart1
C:   00000310  A$isp_uart1$1478                   isp_uart1
C:   00000310  Sisp_uart1$Package_checksum$114    isp_uart1
C:   00000313  A$isp_uart1$1479                   isp_uart1
C:   00000314  A$isp_uart1$1480                   isp_uart1
C:   00000317  A$isp_uart1$1481                   isp_uart1
C:   00000318  A$isp_uart1$1484                   isp_uart1
C:   00000318  Sisp_uart1$Package_checksum$115    isp_uart1
C:   0000031B  A$isp_uart1$1485                   isp_uart1
C:   0000031C  A$isp_uart1$1486                   isp_uart1
C:   0000031E  A$isp_uart1$1489                   isp_uart1
C:   0000031E  Sisp_uart1$Package_checksum$116    isp_uart1
C:   00000321  A$isp_uart1$1490                   isp_uart1
C:   00000322  A$isp_uart1$1491                   isp_uart1
C:   00000323  A$isp_uart1$1492                   isp_uart1
C:   00000324  A$isp_uart1$1493                   isp_uart1
C:   00000327  A$isp_uart1$1494                   isp_uart1
C:   00000328  A$isp_uart1$1495                   isp_uart1
C:   00000329  A$isp_uart1$1501                   isp_uart1
C:   00000329  Sisp_uart1$Package_checksum$117    isp_uart1
C:   00000329  Sisp_uart1$Package_checksum$118    isp_uart1
C:   00000329  XG$Package_checksum$0$0            isp_uart1
C:   0000032A  A$isp_uart1$1515                   isp_uart1
C:   0000032A  Sisp_uart1$Package_checksum$119    isp_uart1
C:   0000032A  Sisp_uart1$Send_64byte_To_UART1$   isp_uart1
C:   0000032A  Sisp_uart1$Send_64byte_To_UART1$   isp_uart1
C:   0000032A  Sisp_uart1$Send_64byte_To_UART1$   isp_uart1
C:   0000032A  _Send_64byte_To_UART1              isp_uart1
C:   0000032D  A$isp_uart1$1518                   isp_uart1
C:   0000032D  Sisp_uart1$Send_64byte_To_UART1$   isp_uart1
C:   00000330  A$isp_uart1$1520                   isp_uart1
C:   00000332  A$isp_uart1$1521                   isp_uart1
C:   00000334  A$isp_uart1$1522                   isp_uart1
C:   00000336  A$isp_uart1$1527                   isp_uart1
C:   00000336  Sisp_uart1$Send_64byte_To_UART1$   isp_uart1
C:   00000336  Sisp_uart1$Send_64byte_To_UART1$   isp_uart1
C:   00000338  A$isp_uart1$1530                   isp_uart1
C:   00000338  Sisp_uart1$Send_64byte_To_UART1$   isp_uart1
C:   0000033A  A$isp_uart1$1531                   isp_uart1
C:   0000033C  A$isp_uart1$1532                   isp_uart1
ASxxxx Linker V03.00 + NoICE + sdld,  page 31.
Hexadecimal  [32-Bits]

Area                                    Addr        Size        Decimal Bytes (Attributes)
--------------------------------        ----        ----        ------- ----- ------------
CSEG                                000000DD    00000789 =        1929. bytes (REL,CON,CODE)

      Value  Global                              Global Defined In Module
      -----  --------------------------------   ------------------------
C:   0000033E  A$isp_uart1$1533                   isp_uart1
C:   0000033F  A$isp_uart1$1534                   isp_uart1
C:   00000341  A$isp_uart1$1535                   isp_uart1
C:   00000343  A$isp_uart1$1536                   isp_uart1
C:   00000344  A$isp_uart1$1537                   isp_uart1
C:   00000346  A$isp_uart1$1541                   isp_uart1
C:   00000346  Sisp_uart1$Send_64byte_To_UART1$   isp_uart1
C:   00000349  A$isp_uart1$1545                   isp_uart1
C:   00000349  Sisp_uart1$Send_64byte_To_UART1$   isp_uart1
C:   00000349  Sisp_uart1$Send_64byte_To_UART1$   isp_uart1
C:   0000034B  A$isp_uart1$1546                   isp_uart1
C:   0000034C  A$isp_uart1$1547                   isp_uart1
C:   0000034E  A$isp_uart1$1548                   isp_uart1
C:   00000350  A$isp_uart1$1554                   isp_uart1
C:   00000350  Sisp_uart1$Send_64byte_To_UART1$   isp_uart1
C:   00000350  Sisp_uart1$Send_64byte_To_UART1$   isp_uart1
C:   00000350  XG$Send_64byte_To_UART1$0$0        isp_uart1
C:   00000351  A$main$879                         main
C:   00000351  Sisp_uart1$Send_64byte_To_UART1$   isp_uart1
C:   00000351  Smain$UART1_ISR$0                  main
C:   00000351  _UART1_ISR                         main
C:   00000353  A$main$880                         main
C:   00000355  A$main$881                         main
C:   00000357  A$main$882                         main
C:   00000359  A$main$883                         main
C:   0000035B  A$main$884                         main
C:   0000035D  A$main$885                         main
C:   0000035F  A$main$886                         main
C:   00000362  A$main$890                         main
C:   00000362  Smain$UART1_ISR$1                  main
C:   00000362  Smain$UART1_ISR$2                  main
C:   00000365  A$main$893                         main
C:   00000365  Smain$UART1_ISR$3                  main
C:   00000368  A$main$897                         main
C:   00000368  Smain$UART1_ISR$4                  main
C:   00000368  Smain$UART1_ISR$5                  main
C:   0000036B  A$main$898                         main
C:   0000036D  A$main$899                         main
C:   0000036E  A$main$902                         main
C:   0000036E  Smain$UART1_ISR$6                  main
C:   00000370  A$main$903                         main
C:   00000371  A$main$904                         main
C:   00000372  A$main$905                         main
C:   00000374  A$main$906                         main
C:   00000375  A$main$907                         main
C:   00000377  A$main$908                         main
C:   00000378  A$main$909                         main
C:   00000379  A$main$910                         main
C:   0000037B  A$main$911                         main
C:   0000037C  A$main$912                         main
C:   0000037D  A$main$913                         main
ASxxxx Linker V03.00 + NoICE + sdld,  page 32.
Hexadecimal  [32-Bits]

Area                                    Addr        Size        Decimal Bytes (Attributes)
--------------------------------        ----        ----        ------- ----- ------------
CSEG                                000000DD    00000789 =        1929. bytes (REL,CON,CODE)

      Value  Global                              Global Defined In Module
      -----  --------------------------------   ------------------------
C:   0000037E  A$main$914                         main
C:   00000380  A$main$915                         main
C:   00000382  A$main$916                         main
C:   00000383  A$main$920                         main
C:   00000383  Smain$UART1_ISR$7                  main
C:   00000385  A$main$929                         main
C:   00000385  Smain$UART1_ISR$10                 main
C:   00000385  Smain$UART1_ISR$11                 main
C:   00000385  Smain$UART1_ISR$8                  main
C:   00000385  Smain$UART1_ISR$9                  main
C:   00000388  A$main$930                         main
C:   0000038A  A$main$936                         main
C:   0000038A  Smain$UART1_ISR$12                 main
C:   0000038A  Smain$UART1_ISR$13                 main
C:   0000038C  A$main$937                         main
C:   0000038F  A$main$942                         main
C:   0000038F  Smain$UART1_ISR$14                 main
C:   0000038F  Smain$UART1_ISR$15                 main
C:   00000391  A$main$945                         main
C:   00000391  Smain$UART1_ISR$16                 main
C:   00000394  A$main$950                         main
C:   00000394  Smain$UART1_ISR$17                 main
C:   00000394  Smain$UART1_ISR$18                 main
C:   00000396  A$main$951                         main
C:   00000399  A$main$956                         main
C:   00000399  Smain$UART1_ISR$19                 main
C:   00000399  Smain$UART1_ISR$20                 main
C:   0000039B  A$main$959                         main
C:   0000039B  Smain$UART1_ISR$21                 main
C:   0000039E  A$main$963                         main
C:   0000039E  Smain$UART1_ISR$22                 main
C:   000003A0  A$main$966                         main
C:   000003A0  Smain$UART1_ISR$23                 main
C:   000003A3  A$main$971                         main
C:   000003A3  Smain$UART1_ISR$24                 main
C:   000003A3  Smain$UART1_ISR$25                 main
C:   000003A5  A$main$972                         main
C:   000003A7  A$main$973                         main
C:   000003A9  A$main$974                         main
C:   000003AB  A$main$975                         main
C:   000003AD  A$main$976                         main
C:   000003AF  A$main$977                         main
C:   000003B1  A$main$980                         main
C:   000003B1  Smain$UART1_ISR$26                 main
C:   000003B1  XG$UART1_ISR$0$0                   main
C:   000003B2  A$main$992                         main
C:   000003B2  Smain$Timer0_ISR$28                main
C:   000003B2  Smain$UART1_ISR$27                 main
C:   000003B2  _Timer0_ISR                        main
C:   000003B4  A$main$993                         main
C:   000003B6  A$main$994                         main
ASxxxx Linker V03.00 + NoICE + sdld,  page 33.
Hexadecimal  [32-Bits]

[...]
Hexadecimal  [32-Bits]

Area                                    Addr        Size        Decimal Bytes (Attributes)
--------------------------------        ----        ----        ------- ----- ------------
CSEG                                000000DD    00000789 =        1929. bytes (REL,CON,CODE)

      Value  Global                              Global Defined In Module
      -----  --------------------------------   ------------------------
C:   000006FC  A$main$1763                        main
C:   000006FD  A$main$1764                        main
C:   000006FF  A$main$1767                        main
C:   000006FF  Smain$main$201                     main
C:   00000702  A$main$1768                        main
C:   00000705  A$main$1769                        main
C:   00000708  A$main$1773                        main
C:   00000708  Smain$main$202                     main
C:   00000708  Smain$main$203                     main
C:   0000070A  A$main$1774                        main
C:   0000070C  A$main$1775                        main
C:   0000070E  A$main$1776                        main
C:   0000070F  A$main$1777                        main
C:   00000711  A$main$1778                        main
C:   00000712  A$main$1779                        main
C:   00000713  A$main$1780                        main
C:   00000715  A$main$1781                        main
C:   00000717  A$main$1785                        main
C:   00000717  Smain$main$204                     main
C:   00000718  A$main$1786                        main
C:   0000071A  A$main$1787                        main
C:   0000071C  A$main$1788                        main
C:   0000071E  A$main$1789                        main
C:   00000720  A$main$1792                        main
C:   00000720  Smain$main$205                     main
C:   00000722  A$main$1793                        main
C:   00000724  A$main$1796                        main
C:   00000724  Smain$main$206                     main
C:   00000726  A$main$1797                        main
C:   00000728  A$main$1800                        main
C:   00000728  Smain$main$207                     main
C:   0000072B  A$main$1801                        main
C:   0000072C  A$main$1802                        main
C:   0000072D  A$main$1803                        main
C:   0000072F  A$main$1804                        main
C:   00000732  A$main$1807                        main
C:   00000732  Smain$main$208                     main
C:   00000735  A$main$1808                        main
C:   00000736  A$main$1811                        main
C:   00000736  Smain$main$209                     main
C:   00000737  A$main$1812                        main
C:   00000739  A$main$1813                        main
C:   0000073B  A$main$1814                        main
C:   0000073D  A$main$1815                        main
C:   0000073E  A$main$1816                        main
C:   00000740  A$main$1817                        main
C:   00000741  A$main$1818                        main
C:   00000743  A$main$1819                        main
C:   00000745  A$main$1820                        main
C:   00000747  A$main$1824                        main
C:   00000747  Smain$main$210                     main
ASxxxx Linker V03.00 + NoICE + sdld,  page 45.
Hexadecimal  [32-Bits]

Area                                    Addr        Size        Decimal Bytes (Attributes)
--------------------------------        ----        ----        ------- ----- ------------
CSEG                                000000DD    00000789 =        1929. bytes (REL,CON,CODE)

      Value  Global                              Global Defined In Module
      -----  --------------------------------   ------------------------
C:   00000749  A$main$1827                        main
C:   00000749  Smain$main$211                     main
C:   0000074C  A$main$1829                        main
C:   0000074E  A$main$1830                        main
C:   00000750  A$main$1831                        main
C:   00000752  A$main$1832                        main
C:   00000755  A$main$1837                        main
C:   00000755  Smain$main$212                     main
C:   00000755  Smain$main$213                     main
C:   00000758  A$main$1840                        main
C:   00000758  Smain$main$214                     main
C:   0000075B  A$main$1843                        main
C:   0000075B  Smain$main$215                     main
C:   0000075E  A$main$1846                        main
C:   0000075E  Smain$main$216                     main
C:   00000760  A$main$1847                        main
C:   00000762  A$main$1848                        main
C:   00000764  A$main$1849                        main
C:   00000765  A$main$1850                        main
C:   00000767  A$main$1851                        main
C:   00000769  A$main$1852                        main
C:   0000076A  A$main$1853                        main
C:   0000076C  A$main$1857                        main
C:   0000076C  Smain$main$217                     main
C:   0000076E  A$main$1858                        main
C:   00000770  A$main$1860                        main
C:   00000772  A$main$1861                        main
C:   00000775  A$main$1862                        main
C:   00000778  A$main$1863                        main
C:   0000077B  A$main$1865                        main
C:   0000077D  A$main$1866                        main
C:   0000077F  A$main$1869                        main
C:   0000077F  Smain$main$218                     main
C:   00000782  A$main$1870                        main
C:   00000785  A$main$1871                        main
C:   00000788  A$main$1874                        main
C:   00000788  Smain$main$219                     main
C:   0000078B  A$main$1877                        main
C:   0000078B  Smain$main$220                     main
C:   0000078E  A$main$1878                        main
C:   00000791  A$main$1879                        main
C:   00000794  A$main$1882                        main
C:   00000794  Smain$main$221                     main
C:   00000796  A$main$1883                        main
C:   00000798  A$main$1884                        main
C:   0000079A  A$main$1885                        main
C:   0000079B  A$main$1886                        main
C:   0000079D  A$main$1887                        main
C:   0000079F  A$main$1888                        main
C:   000007A0  A$main$1891                        main
C:   000007A0  Smain$main$222                     main
ASxxxx Linker V03.00 + NoICE + sdld,  page 46.
Hexadecimal  [32-Bits]

Area                                    Addr        Size        Decimal Bytes (Attributes)
--------------------------------        ----        ----        ------- ----- ------------
CSEG                                000000DD    00000789 =        1929. bytes (REL,CON,CODE)

      Value  Global                              Global Defined In Module
      -----  --------------------------------   ------------------------
C:   000007A1  A$main$1892                        main
C:   000007A4  A$main$1893                        main
C:   000007A6  A$main$1898                        main
C:   000007A6  Smain$main$223                     main
C:   000007A8  A$main$1902                        main
C:   000007A8  Smain$main$224                     main
C:   000007AA  A$main$1903                        main
C:   000007AD  A$main$1907                        main
C:   000007AD  Smain$main$225                     main
C:   000007AF  A$main$1911                        main
C:   000007AF  Smain$main$226                     main
C:   000007B0  A$main$1912                        main
C:   000007B1  A$main$1913                        main
C:   000007B2  A$main$1914                        main
C:   000007B3  A$main$1915                        main
C:   000007B4  A$main$1916                        main
C:   000007B6  A$main$1917                        main
C:   000007B8  A$main$1918                        main
C:   000007B9  A$main$1919                        main
C:   000007BB  A$main$1920                        main
C:   000007BD  A$main$1921                        main
C:   000007BE  A$main$1922                        main
C:   000007C0  A$main$1923                        main
C:   000007C2  A$main$1924                        main
C:   000007C3  A$main$1925                        main
C:   000007C5  A$main$1926                        main
C:   000007C7  A$main$1929                        main
C:   000007C7  Smain$main$227                     main
C:   000007C9  A$main$1930                        main
C:   000007CB  A$main$1931                        main
C:   000007CD  A$main$1932                        main
C:   000007CE  A$main$1933                        main
C:   000007D0  A$main$1934                        main
C:   000007D1  A$main$1935                        main
C:   000007D2  A$main$1936                        main
C:   000007D4  A$main$1939                        main
C:   000007D4  Smain$main$228                     main
C:   000007D7  A$main$1940                        main
C:   000007D9  A$main$1941                        main
C:   000007DA  A$main$1942                        main
C:   000007DC  A$main$1943                        main
C:   000007DD  A$main$1944                        main
C:   000007DE  A$main$1947                        main
C:   000007DE  Smain$main$229                     main
C:   000007E1  A$main$1948                        main
C:   000007E2  A$main$1949                        main
C:   000007E3  A$main$1950                        main
C:   000007E4  A$main$1951                        main
C:   000007E5  A$main$1952                        main
C:   000007E6  A$main$1953                        main
C:   000007E7  A$main$1954                        main
ASxxxx Linker V03.00 + NoICE + sdld,  page 47.
Hexadecimal  [32-Bits]

Area                                    Addr        Size        Decimal Bytes (Attributes)
--------------------------------        ----        ----        ------- ----- ------------
CSEG                                000000DD    00000789 =        1929. bytes (REL,CON,CODE)

      Value  Global                              Global Defined In Module
      -----  --------------------------------   ------------------------
C:   000007EA  A$main$1955                        main
C:   000007EB  A$main$1956                        main
C:   000007EE  A$main$1961                        main
C:   000007EE  Smain$main$230                     main
C:   000007EE  Smain$main$231                     main
C:   000007F0  A$main$1965                        main
C:   000007F0  Smain$main$232                     main
C:   000007F0  Smain$main$233                     main
C:   000007F2  A$main$1970                        main
C:   000007F2  Smain$main$234                     main
C:   000007F2  Smain$main$235                     main
C:   000007F4  A$main$1971                        main
C:   000007F5  A$main$1972                        main
C:   000007F7  A$main$1973                        main
C:   000007FA  A$main$1979                        main
C:   000007FA  Smain$main$236                     main
C:   000007FA  Smain$main$237                     main
C:   000007FD  A$main$1982                        main
C:   000007FD  Smain$main$238                     main
C:   000007FF  A$main$1983                        main
C:   00000802  A$main$1984                        main
C:   00000803  A$main$1985                        main
C:   00000804  A$main$1988                        main
C:   00000804  Smain$main$239                     main
C:   00000806  A$main$1989                        main
C:   00000809  A$main$1990                        main
C:   0000080A  A$main$1991                        main
C:   0000080B  A$main$1994                        main
C:   0000080B  Smain$main$240                     main
C:   0000080E  A$main$2001                        main
C:   0000080E  Smain$main$241                     main
C:   0000080E  Smain$main$242                     main
C:   00000810  A$main$2004                        main
C:   00000810  Smain$main$243                     main
C:   00000813  A$main$2008                        main
C:   00000813  Smain$main$244                     main
C:   00000815  A$main$2012                        main
C:   00000815  Smain$main$245                     main
C:   00000818  A$main$2015                        main
C:   00000818  Smain$main$246                     main
C:   0000081B  A$main$2016                        main
C:   0000081E  A$main$2021                        main
C:   0000081E  Smain$main$247                     main
C:   0000081E  Smain$main$248                     main
C:   00000820  A$main$2022                        main
C:   00000822  A$main$2023                        main
C:   00000824  A$main$2024                        main
C:   00000826  A$main$2025                        main
C:   00000828  A$main$2027                        main
C:   0000082A  A$main$2028                        main
C:   0000082C  A$main$2029                        main
ASxxxx Linker V03.00 + NoICE + sdld,  page 48.
Hexadecimal  [32-Bits]

Area                                    Addr        Size        Decimal Bytes (Attributes)
--------------------------------        ----        ----        ------- ----- ------------
CSEG                                000000DD    00000789 =        1929. bytes (REL,CON,CODE)

      Value  Global                              Global Defined In Module
      -----  --------------------------------   ------------------------
C:   0000082E  A$main$2030                        main
C:   00000831  A$main$2036                        main
C:   00000831  Smain$main$249                     main
C:   00000831  Smain$main$250                     main
C:   00000834  A$main$2038                        main
C:   00000834  Smain$main$251                     main
C:   00000837  A$main$2044                        main
C:   00000837  Smain$main$252                     main
C:   00000837  Smain$main$253                     main
C:   0000083A  A$main$2048                        main
C:   0000083A  Smain$main$254                     main
C:   0000083C  A$main$2049                        main
C:   0000083E  A$main$2051                        main
C:   00000840  A$main$2052                        main
C:   00000843  A$main$2053                        main
C:   00000846  A$main$2054                        main
C:   00000849  A$main$2056                        main
C:   0000084B  A$main$2057                        main
C:   0000084D  A$main$2060                        main
C:   0000084D  Smain$main$255                     main
C:   00000850  A$main$2063                        main
C:   00000850  Smain$main$256                     main
C:   00000853  A$main$2066                        main
C:   00000853  Smain$main$257                     main
C:   00000856  A$main$2069                        main
C:   00000856  Smain$main$258                     main
C:   00000859  A$main$2072                        main
C:   00000859  Smain$main$259                     main
C:   0000085C  A$main$2075                        main
C:   0000085C  Smain$main$260                     main
C:   0000085F  A$main$2079                        main
C:   0000085F  Smain$main$261                     main
C:   00000861  A$main$2084                        main
C:   00000861  Smain$main$262                     main
C:   00000861  Smain$main$263                     main
C:   00000861  XG$main$0$0                        main
C:   00000862  Smain$main$264                     main
C:   00000862  __sdcc_external_startup            _startup

ASxxxx Linker V03.00 + NoICE + sdld,  page 49.
Hexadecimal  [32-Bits]

Area                                    Addr        Size        Decimal Bytes (Attributes)
--------------------------------        ----        ----        ------- ----- ------------
.debug_line                         00000000    00000917 =        2327. bytes (REL,CON)

      Value  Global                              Global Defined In Module
      -----  --------------------------------   ------------------------
ASxxxx Linker V03.00 + NoICE + sdld,  page 50.
Hexadecimal  [32-Bits]

Area                                    Addr        Size        Decimal Bytes (Attributes)
--------------------------------        ----        ----        ------- ----- ------------
.debug_loc                          00000000    000000DC =         220. bytes (REL,CON)

      Value  Global                              Global Defined In Module
      -----  --------------------------------   ------------------------
ASxxxx Linker V03.00 + NoICE + sdld,  page 51.
Hexadecimal  [32-Bits]

Area                                    Addr        Size        Decimal Bytes (Attributes)
--------------------------------        ----        ----        ------- ----- ------------
.debug_abbrev                       00000000    00000129 =         297. bytes (REL,CON)

      Value  Global                              Global Defined In Module
      -----  --------------------------------   ------------------------
ASxxxx Linker V03.00 + NoICE + sdld,  page 52.
Hexadecimal  [32-Bits]

Area                                    Addr        Size        Decimal Bytes (Attributes)
--------------------------------        ----        ----        ------- ----- ------------
.debug_info                         00000000    000028C5 =       10437. bytes (REL,CON)

      Value  Global                              Global Defined In Module
      -----  --------------------------------   ------------------------
ASxxxx Linker V03.00 + NoICE + sdld,  page 53.
Hexadecimal  [32-Bits]

Area                                    Addr        Size        Decimal Bytes (Attributes)
--------------------------------        ----        ----        ------- ----- ------------
.debug_pubnames                     00000000    00001492 =        5266. bytes (REL,CON)

      Value  Global                              Global Defined In Module
      -----  --------------------------------   ------------------------
ASxxxx Linker V03.00 + NoICE + sdld,  page 54.
Hexadecimal  [32-Bits]

Area                                    Addr        Size        Decimal Bytes (Attributes)
--------------------------------        ----        ----        ------- ----- ------------
.debug_frame                        00000000    000001E4 =         484. bytes (REL,CON)

      Value  Global                              Global Defined In Module
      -----  --------------------------------   ------------------------
ASxxxx Linker V03.00 + NoICE + sdld,  page 55.

Files Linked                              [ module(s) ]

./User/isp_uart1.rel                      [  ]
./User/main.rel                           [  ]


Libraries Linked                          [ object file ]

C:/Program Files (x86)/Nuvoton Tools/OpenOCD/bin/../../Toolchain/SDCC/lib/large/mcs51.lib
                                          [ crtclear.rel ]
C:/Program Files (x86)/Nuvoton Tools/OpenOCD/bin/../../Toolchain/SDCC/lib/large/mcs51.lib
                                          [ crtxinit.rel ]
C:/Program Files (x86)/Nuvoton Tools/OpenOCD/bin/../../Toolchain/SDCC/lib/large/mcs51.lib
                                          [ crtxclear.rel ]
C:/Program Files (x86)/Nuvoton Tools/OpenOCD/bin/../../Toolchain/SDCC/lib/large/mcs51.lib
                                          [ crtpagesfr.rel ]
C:/Program Files (x86)/Nuvoton Tools/OpenOCD/bin/../../Toolchain/SDCC/lib/large/mcs51.lib
                                          [ crtstart.rel ]
C:/Program Files (x86)/Nuvoton Tools/OpenOCD/bin/../../Toolchain/SDCC/lib/large/libsdcc.lib
                                          [ _startup.rel ]

ASxxxx Linker V03.00 + NoICE + sdld,  page 56.

User Base Address Definitions

HOME = 0x0000
XSEG = 0x0001
PSEG = 0x0001
ISEG = 0x0000
BSEG = 0x0000

