C51 COMPILER V9.60.0.0   MAIN                                                              03/12/2025 14:03:37 PAGE 1   


C51 COMPILER V9.60.0.0, COMPILATION OF MODULE MAIN
OBJECT MODULE PLACED IN .\Output\main.obj
COMPILER INVOKED BY: C:\Keil_v5\C51\BIN\C51.EXE ..\main.c LARGE OMF2 OPTIMIZE(7,SPEED) BROWSE INCDIR(..\..\..\..\Library
                    -\Device\Include;..\..\..\..\Library\StdDriver\inc) DEBUG PRINT(.\LST\main.lst) TABS(2) OBJECT(.\Output\main.obj)

line level    source

   1          /*--------------------------------------------------------------------------------------------------------
             --*/
   2          /*                                                                                                        
             - */
   3          /* SPDX-License-Identifier: Apache-2.0                                                                    
             - */
   4          /* Copyright(c) 2023 Nuvoton Technology Corp. All rights reserved.                                        
             - */
   5          /*                                                                                                        
             - */
   6          /*--------------------------------------------------------------------------------------------------------
             --*/
   7          #include "numicro_8051.h"
   8          
   9          uint16_t  ADCdataAIN;
  10          
  11          void main (void) 
  12          {
  13   1          P12_PUSHPULL_MODE;
  14   1      /* Initial UART0 for printf */
  15   1          MODIFY_HIRC(HIRC_24);
  16   1          Enable_UART0_VCOM_printf_24M_115200();
  17   1          printf ("\n Test start ...");
  18   1        
  19   1          ENABLE_ADC_AIN4;
  20   1        /* ADC Sampling time setting*/
  21   1          ADC_ConvertTime(ADC_ADCDIV2,ADC_ADCAQT5);
  22   1      
  23   1          while(1)
  24   1          {
  25   2            Timer0_Delay(24000000,500,1000);
  26   2            ENABLE_ADC;
  27   2            clr_ADCCON0_ADCF;
  28   2            set_ADCCON0_ADCS;                  // ADC start trig signal
  29   2            while(!(ADCCON0&SET_BIT7));        // Wait ADC flag
  30   2            ADCdataAIN = ADCRH<<4;
  31   2            ADCdataAIN |= ADCRL&0x0F;
  32   2            DISABLE_ADC;
  33   2            printf ("\n ADC result = 0x%x", ADCdataAIN);
  34   2            GPIO_LED ^= 1;
  35   2          }
  36   1      }
  37          
  38          


MODULE INFORMATION:   STATIC OVERLAYABLE
   CODE SIZE        =    272    ----
   CONSTANT SIZE    =     37    ----
   XDATA SIZE       =      2    ----
   PDATA SIZE       =   ----    ----
   DATA SIZE        =   ----    ----
   IDATA SIZE       =   ----    ----
   BIT SIZE         =   ----    ----
C51 COMPILER V9.60.0.0   MAIN                                                              03/12/2025 14:03:37 PAGE 2   

   EDATA SIZE       =   ----    ----
   HDATA SIZE       =   ----    ----
   XDATA CONST SIZE =   ----    ----
   FAR CONST SIZE   =   ----    ----
END OF MODULE INFORMATION.


C51 COMPILATION COMPLETE.  0 WARNING(S),  0 ERROR(S)
