C51 COMPILER V9.60.0.0   MAIN                                                              06/25/2024 11:40:17 PAGE 1   


C51 COMPILER V9.60.0.0, COMPILATION OF MODULE MAIN
OBJECT MODULE PLACED IN .\Output\main.obj
COMPILER INVOKED BY: C:\Keil_v5\C51\BIN\C51.EXE ..\main.c LARGE OMF2 OPTIMIZE(7,SPEED) BROWSE INCDIR(..\..\..\..\Library
                    -\Device\Include;..\..\..\..\Library\StdDriver\inc) DEBUG PRINT(.\LST\main.lst) TABS(2) OBJECT(.\Output\main.obj)

line level    source

   1          /*--------------------------------------------------------------------------------------------------------
             --*/
   2          /*                                                                                                        
             - */
   3          /* SPDX-License-Identifier: Apache-2.0                                                                    
             - */
   4          /* Copyright(c) 2024 Nuvoton Technology Corp. All rights reserved.                                        
             - */
   5          /*                                                                                                        
             - */
   6          /*--------------------------------------------------------------------------------------------------------
             --*/
   7          #include "numicro_8051.h"
   8          
   9          
  10          void main(void)
  11          {
  12   1      
  13   1      /* Note
  14   1        MCU power on system clock is HIRC (16 MHz)
  15   1        Please keep P3.0 HIGH before you want to modify Fsys to LIRC
  16   1      */
  17   1        
  18   1          P11_QUASI_MODE;
  19   1          set_CKCON_CLOEN;                                  // Also can check P1.1 CLO pin for clock to find the
             - Fsys change.
  20   1          while (P17);
  21   1          FsysSelect(FSYS_OSCIN_P30);
  22   1          Timer0_Delay(16000000,200,1000);
  23   1          while (!P17);
  24   1          FsysSelect(FSYS_HIRC);
  25   1          Timer0_Delay(16000000,2000,1000);
  26   1      //    set_PCON_PD;
  27   1          while(1);
  28   1      
  29   1      }
  30          


MODULE INFORMATION:   STATIC OVERLAYABLE
   CODE SIZE        =     85    ----
   CONSTANT SIZE    =   ----    ----
   XDATA SIZE       =   ----    ----
   PDATA SIZE       =   ----    ----
   DATA SIZE        =   ----    ----
   IDATA SIZE       =   ----    ----
   BIT SIZE         =   ----    ----
   EDATA SIZE       =   ----    ----
   HDATA SIZE       =   ----    ----
   XDATA CONST SIZE =   ----    ----
   FAR CONST SIZE   =   ----    ----
END OF MODULE INFORMATION.


C51 COMPILATION COMPLETE.  0 WARNING(S),  0 ERROR(S)
