ASxxxx Linker V03.00 + NoICE + sdld,  page 1.
Hexadecimal  [32-Bits]

Area                                    Addr        Size        Decimal Bytes (Attributes)
--------------------------------        ----        ----        ------- ----- ------------
.  .ABS.                            00000000    00000000 =           0. bytes (ABS,CON)

      Value  Global                              Global Defined In Module
      -----  --------------------------------   ------------------------
     00000000  .__.ABS.                           _startup
     00000000  l_BIT_BANK                      
     00000000  l_CABS                          
     00000000  l_CONST                         
     00000000  l_GSINIT                        
     00000000  l_GSINIT1                       
     00000000  l_GSINIT5                       
     00000000  l_IABS                          
     00000000  l_INITIALIZED                   
     00000000  l_INITIALIZER                   
     00000000  l_ISEG                          
     00000000  l_OSEG                          
     00000000  l_PSEG                          
     00000000  l_REG_BANK_1                    
     00000000  l_REG_BANK_2                    
     00000000  l_REG_BANK_3                    
     00000000  l_RSEG                          
     00000000  l_RSEG0                         
     00000000  l_RSEG1                         
     00000000  l_XABS                          
     00000000  l_XINIT                         
     00000000  l_XISEG                         
     00000000  l__CODE                         
     00000000  s_.debug_abbrev                 
     00000000  s_.debug_frame                  
     00000000  s_.debug_info                   
     00000000  s_.debug_line                   
     00000000  s_.debug_loc                    
     00000000  s_.debug_pubnames               
     00000000  s_BSEG                          
     00000000  s_CABS                          
     00000000  s_HOME                          
     00000000  s_IABS                          
     00000000  s_ISEG                          
     00000000  s_REG_BANK_0                    
     00000000  s_RSEG                          
     00000000  s_RSEG0                         
     00000000  s_RSEG1                         
     00000000  s_XABS                          
     00000000  s__CODE                         
     00000001  l_BSEG                          
     00000001  l_BSEG_BYTES                    
     00000001  l_SSEG                          
     00000001  s_PSEG                          
     00000001  s_XSEG                          
     00000003  l_DSEG                          
     00000003  l_GSFINAL                       
     00000003  l_GSINIT0                       
     00000006  l_HOME                          
     00000006  s_GSINIT0                       
ASxxxx Linker V03.00 + NoICE + sdld,  page 2.
Hexadecimal  [32-Bits]

Area                                    Addr        Size        Decimal Bytes (Attributes)
--------------------------------        ----        ----        ------- ----- ------------
.  .ABS.                            00000000    00000000 =           0. bytes (ABS,CON)

      Value  Global                              Global Defined In Module
      -----  --------------------------------   ------------------------
     00000008  l_REG_BANK_0                    
     00000008  s_REG_BANK_1                    
     00000009  s_GSINIT1                       
     00000009  s_GSINIT2                       
     0000000A  l_GSINIT2                       
     0000000C  l_XSEG                          
     0000000D  s_XISEG                         
     00000010  s_REG_BANK_2                    
     00000013  s_GSINIT3                       
     00000018  s_REG_BANK_3                    
     00000020  s_BSEG_BYTES                    
     00000021  s_BIT_BANK                      
     00000021  s_DSEG                          
     00000022  l_GSINIT3                       
     00000024  s_OSEG                          
     00000024  s_SSEG                          
     00000025  s_INITIALIZED                   
     00000025  s_INITIALIZER                   
     0000002A  l_GSINIT4                       
     00000035  s_GSINIT4                       
     0000005F  s_GSFINAL                       
     0000005F  s_GSINIT                        
     0000005F  s_GSINIT5                       
     00000062  s_CSEG                          
     00000080  G$MOSI$0_0$0                       sys
     00000080  G$P0$0_0$0                         sys
     00000080  G$P00$0_0$0                        sys
     00000080  _MOSI                              sys
     00000080  _P0                                sys
     00000080  _P00                               sys
     00000081  G$MISO$0_0$0                       sys
     00000081  G$P01$0_0$0                        sys
     00000081  G$SP$0_0$0                         sys
     00000081  _MISO                              sys
     00000081  _P01                               sys
     00000081  _SP                                sys
     00000082  G$DPL$0_0$0                        sys
     00000082  G$P02$0_0$0                        sys
     00000082  G$RXD_1$0_0$0                      sys
     00000082  _DPL                               sys
     00000082  _P02                               sys
     00000082  _RXD_1                             sys
     00000083  G$DPH$0_0$0                        sys
     00000083  G$P03$0_0$0                        sys
     00000083  _DPH                               sys
     00000083  _P03                               sys
     00000084  G$P04$0_0$0                        sys
     00000084  G$RCTRIM0$0_0$0                    sys
     00000084  G$STADC$0_0$0                      sys
     00000084  _P04                               sys
     00000084  _RCTRIM0                           sys
ASxxxx Linker V03.00 + NoICE + sdld,  page 3.
Hexadecimal  [32-Bits]

Area                                    Addr        Size        Decimal Bytes (Attributes)
--------------------------------        ----        ----        ------- ----- ------------
.  .ABS.                            00000000    00000000 =           0. bytes (ABS,CON)

      Value  Global                              Global Defined In Module
      -----  --------------------------------   ------------------------
     00000084  _STADC                             sys
     00000085  G$P05$0_0$0                        sys
     00000085  G$RCTRIM1$0_0$0                    sys
     00000085  _P05                               sys
     00000085  _RCTRIM1                           sys
     00000086  G$P06$0_0$0                        sys
     00000086  G$RWK$0_0$0                        sys
     00000086  G$TXD$0_0$0                        sys
     00000086  _P06                               sys
     00000086  _RWK                               sys
     00000086  _TXD                               sys
     00000087  G$P07$0_0$0                        sys
     00000087  G$PCON$0_0$0                       sys
     00000087  G$RXD$0_0$0                        sys
     00000087  _P07                               sys
     00000087  _PCON                              sys
     00000087  _RXD                               sys
     00000088  G$IT0$0_0$0                        sys
     00000088  G$TCON$0_0$0                       sys
     00000088  _IT0                               sys
     00000088  _TCON                              sys
     00000089  G$IE0$0_0$0                        sys
     00000089  G$TMOD$0_0$0                       sys
     00000089  _IE0                               sys
     00000089  _TMOD                              sys
     0000008A  G$IT1$0_0$0                        sys
     0000008A  G$TL0$0_0$0                        sys
     0000008A  _IT1                               sys
     0000008A  _TL0                               sys
     0000008B  G$IE1$0_0$0                        sys
     0000008B  G$TL1$0_0$0                        sys
     0000008B  _IE1                               sys
     0000008B  _TL1                               sys
     0000008C  G$TH0$0_0$0                        sys
     0000008C  G$TR0$0_0$0                        sys
     0000008C  _TH0                               sys
     0000008C  _TR0                               sys
     0000008D  G$TF0$0_0$0                        sys
     0000008D  G$TH1$0_0$0                        sys
     0000008D  _TF0                               sys
     0000008D  _TH1                               sys
     0000008E  G$CKCON$0_0$0                      sys
     0000008E  G$TR1$0_0$0                        sys
     0000008E  _CKCON                             sys
     0000008E  _TR1                               sys
     0000008F  G$TF1$0_0$0                        sys
     0000008F  G$WKCON$0_0$0                      sys
     0000008F  _TF1                               sys
     0000008F  _WKCON                             sys
     00000090  G$P1$0_0$0                         sys
     00000090  G$P10$0_0$0                        sys
ASxxxx Linker V03.00 + NoICE + sdld,  page 4.
Hexadecimal  [32-Bits]

Area                                    Addr        Size        Decimal Bytes (Attributes)
--------------------------------        ----        ----        ------- ----- ------------
.  .ABS.                            00000000    00000000 =           0. bytes (ABS,CON)

      Value  Global                              Global Defined In Module
      -----  --------------------------------   ------------------------
     00000090  _P1                                sys
     00000090  _P10                               sys
     00000091  G$P11$0_0$0                        sys
     00000091  G$SFRS$0_0$0                       sys
     00000091  _P11                               sys
     00000091  _SFRS                              sys
     00000092  G$CAPCON0$0_0$0                    sys
     00000092  G$P12$0_0$0                        sys
     00000092  _CAPCON0                           sys
     00000092  _P12                               sys
     00000093  G$CAPCON1$0_0$0                    sys
     00000093  G$P13$0_0$0                        sys
     00000093  G$SCL$0_0$0                        sys
     00000093  _CAPCON1                           sys
     00000093  _P13                               sys
     00000093  _SCL                               sys
     00000094  G$CAPCON2$0_0$0                    sys
     00000094  G$P14$0_0$0                        sys
     00000094  G$SDA$0_0$0                        sys
     00000094  _CAPCON2                           sys
     00000094  _P14                               sys
     00000094  _SDA                               sys
     00000095  G$CKDIV$0_0$0                      sys
     00000095  G$P15$0_0$0                        sys
     00000095  _CKDIV                             sys
     00000095  _P15                               sys
     00000096  G$CKSWT$0_0$0                      sys
     00000096  G$P16$0_0$0                        sys
     00000096  G$TXD_1$0_0$0                      sys
     00000096  _CKSWT                             sys
     00000096  _P16                               sys
     00000096  _TXD_1                             sys
     00000097  G$CKEN$0_0$0                       sys
     00000097  G$P17$0_0$0                        sys
     00000097  _CKEN                              sys
     00000097  _P17                               sys
     00000098  G$RI$0_0$0                         sys
     00000098  G$SCON$0_0$0                       sys
     00000098  _RI                                sys
     00000098  _SCON                              sys
     00000099  G$SBUF$0_0$0                       sys
     00000099  G$TI$0_0$0                         sys
     00000099  _SBUF                              sys
     00000099  _TI                                sys
     0000009A  G$RB8$0_0$0                        sys
     0000009A  G$SBUF_1$0_0$0                     sys
     0000009A  _RB8                               sys
     0000009A  _SBUF_1                            sys
     0000009B  G$EIE$0_0$0                        sys
     0000009B  G$TB8$0_0$0                        sys
     0000009B  _EIE                               sys
ASxxxx Linker V03.00 + NoICE + sdld,  page 5.
Hexadecimal  [32-Bits]

Area                                    Addr        Size        Decimal Bytes (Attributes)
--------------------------------        ----        ----        ------- ----- ------------
.  .ABS.                            00000000    00000000 =           0. bytes (ABS,CON)

      Value  Global                              Global Defined In Module
      -----  --------------------------------   ------------------------
     0000009B  _TB8                               sys
     0000009C  G$EIE1$0_0$0                       sys
     0000009C  G$REN$0_0$0                        sys
     0000009C  _EIE1                              sys
     0000009C  _REN                               sys
     0000009D  G$SM2$0_0$0                        sys
     0000009D  _SM2                               sys
     0000009E  G$SM1$0_0$0                        sys
     0000009E  _SM1                               sys
     0000009F  G$CHPCON$0_0$0                     sys
     0000009F  G$FE$0_0$0                         sys
     0000009F  G$SM0$0_0$0                        sys
     0000009F  _CHPCON                            sys
     0000009F  _FE                                sys
     0000009F  _SM0                               sys
     000000A0  G$P2$0_0$0                         sys
     000000A0  G$P20$0_0$0                        sys
     000000A0  _P2                                sys
     000000A0  _P20                               sys
     000000A0  __XPAGE                            
     000000A2  G$AUXR1$0_0$0                      sys
     000000A2  _AUXR1                             sys
     000000A3  G$BODCON0$0_0$0                    sys
     000000A3  _BODCON0                           sys
     000000A4  G$IAPTRG$0_0$0                     sys
     000000A4  _IAPTRG                            sys
     000000A5  G$IAPUEN$0_0$0                     sys
     000000A5  _IAPUEN                            sys
     000000A6  G$IAPAL$0_0$0                      sys
     000000A6  _IAPAL                             sys
     000000A7  G$IAPAH$0_0$0                      sys
     000000A7  _IAPAH                             sys
     000000A8  G$EX0$0_0$0                        sys
     000000A8  G$IE$0_0$0                         sys
     000000A8  _EX0                               sys
     000000A8  _IE                                sys
     000000A9  G$ET0$0_0$0                        sys
     000000A9  G$SADDR$0_0$0                      sys
     000000A9  _ET0                               sys
     000000A9  _SADDR                             sys
     000000AA  G$EX1$0_0$0                        sys
     000000AA  G$WDCON$0_0$0                      sys
     000000AA  _EX1                               sys
     000000AA  _WDCON                             sys
     000000AB  G$BODCON1$0_0$0                    sys
     000000AB  G$ET1$0_0$0                        sys
     000000AB  _BODCON1                           sys
     000000AB  _ET1                               sys
     000000AC  G$ES$0_0$0                         sys
     000000AC  G$P3M1$0_0$0                       sys
     000000AC  G$P3S$0_0$0                        sys
ASxxxx Linker V03.00 + NoICE + sdld,  page 6.
Hexadecimal  [32-Bits]

Area                                    Addr        Size        Decimal Bytes (Attributes)
--------------------------------        ----        ----        ------- ----- ------------
.  .ABS.                            00000000    00000000 =           0. bytes (ABS,CON)

      Value  Global                              Global Defined In Module
      -----  --------------------------------   ------------------------
     000000AC  _ES                                sys
     000000AC  _P3M1                              sys
     000000AC  _P3S                               sys
     000000AD  G$EBOD$0_0$0                       sys
     000000AD  G$P3M2$0_0$0                       sys
     000000AD  G$P3SR$0_0$0                       sys
     000000AD  _EBOD                              sys
     000000AD  _P3M2                              sys
     000000AD  _P3SR                              sys
     000000AE  G$EADC$0_0$0                       sys
     000000AE  G$IAPFD$0_0$0                      sys
     000000AE  _EADC                              sys
     000000AE  _IAPFD                             sys
     000000AF  G$EA$0_0$0                         sys
     000000AF  G$IAPCN$0_0$0                      sys
     000000AF  _EA                                sys
     000000AF  _IAPCN                             sys
     000000B0  G$P3$0_0$0                         sys
     000000B0  G$P30$0_0$0                        sys
     000000B0  _P3                                sys
     000000B0  _P30                               sys
     000000B1  G$P0M1$0_0$0                       sys
     000000B1  G$P0S$0_0$0                        sys
     000000B1  _P0M1                              sys
     000000B1  _P0S                               sys
     000000B2  G$P0M2$0_0$0                       sys
     000000B2  G$P0SR$0_0$0                       sys
     000000B2  _P0M2                              sys
     000000B2  _P0SR                              sys
     000000B3  G$P1M1$0_0$0                       sys
     000000B3  G$P1S$0_0$0                        sys
     000000B3  _P1M1                              sys
     000000B3  _P1S                               sys
     000000B4  G$P1M2$0_0$0                       sys
     000000B4  G$P1SR$0_0$0                       sys
     000000B4  _P1M2                              sys
     000000B4  _P1SR                              sys
     000000B5  G$P2S$0_0$0                        sys
     000000B5  _P2S                               sys
     000000B7  G$IPH$0_0$0                        sys
     000000B7  G$PWMINTC$0_0$0                    sys
     000000B7  _IPH                               sys
     000000B7  _PWMINTC                           sys
     000000B8  G$IP$0_0$0                         sys
     000000B8  G$PX0$0_0$0                        sys
     000000B8  _IP                                sys
     000000B8  _PX0                               sys
     000000B9  G$PT0$0_0$0                        sys
     000000B9  G$SADEN$0_0$0                      sys
     000000B9  _PT0                               sys
     000000B9  _SADEN                             sys
ASxxxx Linker V03.00 + NoICE + sdld,  page 7.
Hexadecimal  [32-Bits]

Area                                    Addr        Size        Decimal Bytes (Attributes)
--------------------------------        ----        ----        ------- ----- ------------
.  .ABS.                            00000000    00000000 =           0. bytes (ABS,CON)

      Value  Global                              Global Defined In Module
      -----  --------------------------------   ------------------------
     000000BA  G$PX1$0_0$0                        sys
     000000BA  G$SADEN_1$0_0$0                    sys
     000000BA  _PX1                               sys
     000000BA  _SADEN_1                           sys
     000000BB  G$PT1$0_0$0                        sys
     000000BB  G$SADDR_1$0_0$0                    sys
     000000BB  _PT1                               sys
     000000BB  _SADDR_1                           sys
     000000BC  G$I2DAT$0_0$0                      sys
     000000BC  G$PS$0_0$0                         sys
     000000BC  _I2DAT                             sys
     000000BC  _PS                                sys
     000000BD  G$I2STAT$0_0$0                     sys
     000000BD  G$PBOD$0_0$0                       sys
     000000BD  _I2STAT                            sys
     000000BD  _PBOD                              sys
     000000BE  G$I2CLK$0_0$0                      sys
     000000BE  G$PADC$0_0$0                       sys
     000000BE  _I2CLK                             sys
     000000BE  _PADC                              sys
     000000BF  G$I2TOC$0_0$0                      sys
     000000BF  _I2TOC                             sys
     000000C0  G$I2CON$0_0$0                      sys
     000000C0  G$I2CPX$0_0$0                      sys
     000000C0  _I2CON                             sys
     000000C0  _I2CPX                             sys
     000000C1  G$I2ADDR$0_0$0                     sys
     000000C1  _I2ADDR                            sys
     000000C2  G$AA$0_0$0                         sys
     000000C2  G$ADCRL$0_0$0                      sys
     000000C2  _AA                                sys
     000000C2  _ADCRL                             sys
     000000C3  G$ADCRH$0_0$0                      sys
     000000C3  G$SI$0_0$0                         sys
     000000C3  _ADCRH                             sys
     000000C3  _SI                                sys
     000000C4  G$PWM4H$0_0$0                      sys
     000000C4  G$STO$0_0$0                        sys
     000000C4  G$T3CON$0_0$0                      sys
     000000C4  _PWM4H                             sys
     000000C4  _STO                               sys
     000000C4  _T3CON                             sys
     000000C5  G$PWM5H$0_0$0                      sys
     000000C5  G$RL3$0_0$0                        sys
     000000C5  G$STA$0_0$0                        sys
     000000C5  _PWM5H                             sys
     000000C5  _RL3                               sys
     000000C5  _STA                               sys
     000000C6  G$I2CEN$0_0$0                      sys
     000000C6  G$PIOCON1$0_0$0                    sys
     000000C6  G$RH3$0_0$0                        sys
ASxxxx Linker V03.00 + NoICE + sdld,  page 8.
Hexadecimal  [32-Bits]

Area                                    Addr        Size        Decimal Bytes (Attributes)
--------------------------------        ----        ----        ------- ----- ------------
.  .ABS.                            00000000    00000000 =           0. bytes (ABS,CON)

      Value  Global                              Global Defined In Module
      -----  --------------------------------   ------------------------
     000000C6  _I2CEN                             sys
     000000C6  _PIOCON1                           sys
     000000C6  _RH3                               sys
     000000C7  G$TA$0_0$0                         sys
     000000C7  _TA                                sys
     000000C8  G$CM_RL2$0_0$0                     sys
     000000C8  G$T2CON$0_0$0                      sys
     000000C8  _CM_RL2                            sys
     000000C8  _T2CON                             sys
     000000C9  G$T2MOD$0_0$0                      sys
     000000C9  _T2MOD                             sys
     000000CA  G$RCMP2L$0_0$0                     sys
     000000CA  G$TR2$0_0$0                        sys
     000000CA  _RCMP2L                            sys
     000000CA  _TR2                               sys
     000000CB  G$RCMP2H$0_0$0                     sys
     000000CB  _RCMP2H                            sys
     000000CC  G$PWM4L$0_0$0                      sys
     000000CC  G$TL2$0_0$0                        sys
     000000CC  _PWM4L                             sys
     000000CC  _TL2                               sys
     000000CD  G$PWM5L$0_0$0                      sys
     000000CD  G$TH2$0_0$0                        sys
     000000CD  _PWM5L                             sys
     000000CD  _TH2                               sys
     000000CE  G$ADCMPL$0_0$0                     sys
     000000CE  _ADCMPL                            sys
     000000CF  G$ADCMPH$0_0$0                     sys
     000000CF  G$TF2$0_0$0                        sys
     000000CF  _ADCMPH                            sys
     000000CF  _TF2                               sys
     000000D0  G$P$0_0$0                          sys
     000000D0  G$PSW$0_0$0                        sys
     000000D0  _P                                 sys
     000000D0  _PSW                               sys
     000000D1  G$PWMPH$0_0$0                      sys
     000000D1  _PWMPH                             sys
     000000D2  G$OV$0_0$0                         sys
     000000D2  G$PWM0H$0_0$0                      sys
     000000D2  _OV                                sys
     000000D2  _PWM0H                             sys
     000000D3  G$PWM1H$0_0$0                      sys
     000000D3  G$RS0$0_0$0                        sys
     000000D3  _PWM1H                             sys
     000000D3  _RS0                               sys
     000000D4  G$PWM2H$0_0$0                      sys
     000000D4  G$RS1$0_0$0                        sys
     000000D4  _PWM2H                             sys
     000000D4  _RS1                               sys
     000000D5  G$F0$0_0$0                         sys
     000000D5  G$PWM3H$0_0$0                      sys
ASxxxx Linker V03.00 + NoICE + sdld,  page 9.
Hexadecimal  [32-Bits]

Area                                    Addr        Size        Decimal Bytes (Attributes)
--------------------------------        ----        ----        ------- ----- ------------
.  .ABS.                            00000000    00000000 =           0. bytes (ABS,CON)

      Value  Global                              Global Defined In Module
      -----  --------------------------------   ------------------------
     000000D5  _F0                                sys
     000000D5  _PWM3H                             sys
     000000D6  G$AC$0_0$0                         sys
     000000D6  G$PNP$0_0$0                        sys
     000000D6  _AC                                sys
     000000D6  _PNP                               sys
     000000D7  G$CY$0_0$0                         sys
     000000D7  G$FBD$0_0$0                        sys
     000000D7  _CY                                sys
     000000D7  _FBD                               sys
     000000D8  G$PWMCON0$0_0$0                    sys
     000000D8  _PWMCON0                           sys
     000000D9  G$PWMPL$0_0$0                      sys
     000000D9  _PWMPL                             sys
     000000DA  G$PWM0L$0_0$0                      sys
     000000DA  _PWM0L                             sys
     000000DB  G$PWM1L$0_0$0                      sys
     000000DB  _PWM1L                             sys
     000000DC  G$CLRPWM$0_0$0                     sys
     000000DC  G$PWM2L$0_0$0                      sys
     000000DC  _CLRPWM                            sys
     000000DC  _PWM2L                             sys
     000000DD  G$PWM3L$0_0$0                      sys
     000000DD  G$PWMF$0_0$0                       sys
     000000DD  _PWM3L                             sys
     000000DD  _PWMF                              sys
     000000DE  G$LOAD$0_0$0                       sys
     000000DE  G$PIOCON0$0_0$0                    sys
     000000DE  _LOAD                              sys
     000000DE  _PIOCON0                           sys
     000000DF  G$PWMCON1$0_0$0                    sys
     000000DF  G$PWMRUN$0_0$0                     sys
     000000DF  _PWMCON1                           sys
     000000DF  _PWMRUN                            sys
     000000E0  G$ACC$0_0$0                        sys
     000000E0  _ACC                               sys
     000000E1  G$ADCCON1$0_0$0                    sys
     000000E1  _ADCCON1                           sys
     000000E2  G$ADCCON2$0_0$0                    sys
     000000E2  _ADCCON2                           sys
     000000E3  G$ADCDLY$0_0$0                     sys
     000000E3  _ADCDLY                            sys
     000000E4  G$C0L$0_0$0                        sys
     000000E4  _C0L                               sys
     000000E5  G$C0H$0_0$0                        sys
     000000E5  _C0H                               sys
     000000E6  G$C1L$0_0$0                        sys
     000000E6  _C1L                               sys
     000000E7  G$C1H$0_0$0                        sys
     000000E7  _C1H                               sys
     000000E8  G$ADCCON0$0_0$0                    sys
ASxxxx Linker V03.00 + NoICE + sdld,  page 10.
Hexadecimal  [32-Bits]

Area                                    Addr        Size        Decimal Bytes (Attributes)
--------------------------------        ----        ----        ------- ----- ------------
.  .ABS.                            00000000    00000000 =           0. bytes (ABS,CON)

      Value  Global                              Global Defined In Module
      -----  --------------------------------   ------------------------
     000000E8  G$ADCHS0$0_0$0                     sys
     000000E8  _ADCCON0                           sys
     000000E8  _ADCHS0                            sys
     000000E9  G$ADCHS1$0_0$0                     sys
     000000E9  G$PICON$0_0$0                      sys
     000000E9  _ADCHS1                            sys
     000000E9  _PICON                             sys
     000000EA  G$ADCHS2$0_0$0                     sys
     000000EA  G$PINEN$0_0$0                      sys
     000000EA  _ADCHS2                            sys
     000000EA  _PINEN                             sys
     000000EB  G$ADCHS3$0_0$0                     sys
     000000EB  G$PIPEN$0_0$0                      sys
     000000EB  _ADCHS3                            sys
     000000EB  _PIPEN                             sys
     000000EC  G$ETGSEL0$0_0$0                    sys
     000000EC  G$PIF$0_0$0                        sys
     000000EC  _ETGSEL0                           sys
     000000EC  _PIF                               sys
     000000ED  G$C2L$0_0$0                        sys
     000000ED  G$ETGSEL1$0_0$0                    sys
     000000ED  _C2L                               sys
     000000ED  _ETGSEL1                           sys
     000000EE  G$ADCS$0_0$0                       sys
     000000EE  G$C2H$0_0$0                        sys
     000000EE  _ADCS                              sys
     000000EE  _C2H                               sys
     000000EF  G$ADCF$0_0$0                       sys
     000000EF  G$EIP$0_0$0                        sys
     000000EF  _ADCF                              sys
     000000EF  _EIP                               sys
     000000F0  G$B$0_0$0                          sys
     000000F0  _B                                 sys
     000000F0  l_.debug_loc                    
     000000F1  G$CAPCON3$0_0$0                    sys
     000000F1  _CAPCON3                           sys
     000000F2  G$CAPCON4$0_0$0                    sys
     000000F2  _CAPCON4                           sys
     000000F3  G$SPCR$0_0$0                       sys
     000000F3  G$SPCR2$0_0$0                      sys
     000000F3  _SPCR                              sys
     000000F3  _SPCR2                             sys
     000000F4  G$SPSR$0_0$0                       sys
     000000F4  _SPSR                              sys
     000000F5  G$SPDR$0_0$0                       sys
     000000F5  _SPDR                              sys
     000000F6  G$AINDIDS$0_0$0                    sys
     000000F6  _AINDIDS                           sys
     000000F7  G$EIPH$0_0$0                       sys
     000000F7  _EIPH                              sys
     000000F8  G$RI_1$0_0$0                       sys
ASxxxx Linker V03.00 + NoICE + sdld,  page 11.
Hexadecimal  [32-Bits]

Area                                    Addr        Size        Decimal Bytes (Attributes)
--------------------------------        ----        ----        ------- ----- ------------
.  .ABS.                            00000000    00000000 =           0. bytes (ABS,CON)

      Value  Global                              Global Defined In Module
      -----  --------------------------------   ------------------------
     000000F8  G$SCON_1$0_0$0                     sys
     000000F8  _RI_1                              sys
     000000F8  _SCON_1                            sys
     000000F9  G$PDTEN$0_0$0                      sys
     000000F9  G$TI_1$0_0$0                       sys
     000000F9  _PDTEN                             sys
     000000F9  _TI_1                              sys
     000000FA  G$PDTCNT$0_0$0                     sys
     000000FA  G$RB8_1$0_0$0                      sys
     000000FA  _PDTCNT                            sys
     000000FA  _RB8_1                             sys
     000000FB  G$PMEN$0_0$0                       sys
     000000FB  G$TB8_1$0_0$0                      sys
     000000FB  _PMEN                              sys
     000000FB  _TB8_1                             sys
     000000FC  G$PMD$0_0$0                        sys
     000000FC  G$REN_1$0_0$0                      sys
     000000FC  _PMD                               sys
     000000FC  _REN_1                             sys
     000000FD  G$SM2_1$0_0$0                      sys
     000000FD  _SM2_1                             sys
     000000FE  G$EIP1$0_0$0                       sys
     000000FE  G$SM1_1$0_0$0                      sys
     000000FE  _EIP1                              sys
     000000FE  _SM1_1                             sys
     000000FF  G$EIPH1$0_0$0                      sys
     000000FF  G$FE_1$0_0$0                       sys
     000000FF  G$SM0_1$0_0$0                      sys
     000000FF  _EIPH1                             sys
     000000FF  _FE_1                              sys
     000000FF  _SM0_1                             sys
     00000100  l_IRAM                          
     00000143  l_.debug_abbrev                 
     00000210  l_.debug_frame                  
     0000030F  l_CSEG                          
     00000371  s_CONST                         
     00000371  s_XINIT                         
     00000598  l_.debug_line                   
     00001A11  l_.debug_pubnames               
     0000344B  l_.debug_info                   
ASxxxx Linker V03.00 + NoICE + sdld,  page 12.
Hexadecimal  [32-Bits]

Area                                    Addr        Size        Decimal Bytes (Attributes)
--------------------------------        ----        ----        ------- ----- ------------
REG_BANK_0                          00000000    00000008 =           8. bytes (REL,OVR)

      Value  Global                              Global Defined In Module
      -----  --------------------------------   ------------------------
ASxxxx Linker V03.00 + NoICE + sdld,  page 13.
Hexadecimal  [32-Bits]

Area                                    Addr        Size        Decimal Bytes (Attributes)
--------------------------------        ----        ----        ------- ----- ------------
BSEG_BYTES                          00000020    00000001 =           1. bytes (REL,CON)

      Value  Global                              Global Defined In Module
      -----  --------------------------------   ------------------------
ASxxxx Linker V03.00 + NoICE + sdld,  page 14.
Hexadecimal  [32-Bits]

Area                                    Addr        Size        Decimal Bytes (Attributes)
--------------------------------        ----        ----        ------- ----- ------------
DSEG                                00000021    00000003 =           3. bytes (REL,CON)

      Value  Global                              Global Defined In Module
      -----  --------------------------------   ------------------------
     00000021  G$TA_REG_TMP$0_0$0                 common
     00000021  _TA_REG_TMP                        common
     00000022  G$BYTE_TMP$0_0$0                   common
     00000022  _BYTE_TMP                          common
     00000023  G$SFRS_TMP$0_0$0                   common
     00000023  _SFRS_TMP                          common
ASxxxx Linker V03.00 + NoICE + sdld,  page 15.
Hexadecimal  [32-Bits]

Area                                    Addr        Size        Decimal Bytes (Attributes)
--------------------------------        ----        ----        ------- ----- ------------
SSEG                                00000024    00000001 =           1. bytes (REL,OVR)

      Value  Global                              Global Defined In Module
      -----  --------------------------------   ------------------------
     00000024  __start__stack                     main

ASxxxx Linker V03.00 + NoICE + sdld,  page 16.
Hexadecimal  [32-Bits]

Area                                    Addr        Size        Decimal Bytes (Attributes)
--------------------------------        ----        ----        ------- ----- ------------
XSEG                                00000001    0000000C =          12. bytes (REL,CON,XDATA)

      Value  Global                              Global Defined In Module
      -----  --------------------------------   ------------------------
D:   00000001  Lcommon.Read_APROM_BYTE$u16_addr   common
D:   00000003  Lcommon.Software_Reset$u8Bootare   common
D:   00000004  Lcommon.PowerDown_Mode$PDStatus$   common
D:   00000005  Lcommon.Idle_Mode$IdleStatus$1_0   common
D:   00000006  Lcommon.Global_Interrupt$u8IntSt   common
D:   00000007  Lsys.MODIFY_HIRC$u8HIRCSEL$1_0$1   sys
D:   00000008  Lsys.MODIFY_HIRC$trimvalue16bit$   sys
D:   00000009  Lsys.FsysSelect$u8FsysMode$1_0$1   sys
D:   0000000A  Lsys.ClockEnable$u8FsysMode$1_0$   sys
D:   0000000B  Lsys.ClockDisable$u8FsysMode$1_0   sys
D:   0000000C  Lsys.ClockSwitch$u8FsysMode$1_0$   sys

ASxxxx Linker V03.00 + NoICE + sdld,  page 17.
Hexadecimal  [32-Bits]

Area                                    Addr        Size        Decimal Bytes (Attributes)
--------------------------------        ----        ----        ------- ----- ------------
HOME                                00000000    00000006 =           6. bytes (REL,CON,CODE)

      Value  Global                              Global Defined In Module
      -----  --------------------------------   ------------------------
C:   00000000  A$main$786                         main
C:   00000003  A$main$808                         main
C:   00000003  __sdcc_program_startup             main
ASxxxx Linker V03.00 + NoICE + sdld,  page 18.
Hexadecimal  [32-Bits]

Area                                    Addr        Size        Decimal Bytes (Attributes)
--------------------------------        ----        ----        ------- ----- ------------
GSINIT0                             00000006    00000003 =           3. bytes (REL,CON,CODE)

      Value  Global                              Global Defined In Module
      -----  --------------------------------   ------------------------
C:   00000006  __sdcc_gsinit_startup              

ASxxxx Linker V03.00 + NoICE + sdld,  page 19.
Hexadecimal  [32-Bits]

Area                                    Addr        Size        Decimal Bytes (Attributes)
--------------------------------        ----        ----        ------- ----- ------------
GSINIT2                             00000009    0000000A =          10. bytes (REL,CON,CODE)

      Value  Global                              Global Defined In Module
      -----  --------------------------------   ------------------------
ASxxxx Linker V03.00 + NoICE + sdld,  page 20.
Hexadecimal  [32-Bits]

Area                                    Addr        Size        Decimal Bytes (Attributes)
--------------------------------        ----        ----        ------- ----- ------------
GSINIT3                             00000013    00000022 =          34. bytes (REL,CON,CODE)

      Value  Global                              Global Defined In Module
      -----  --------------------------------   ------------------------
C:   00000013  __mcs51_genXINIT                   

ASxxxx Linker V03.00 + NoICE + sdld,  page 21.
Hexadecimal  [32-Bits]

Area                                    Addr        Size        Decimal Bytes (Attributes)
--------------------------------        ----        ----        ------- ----- ------------
GSINIT4                             00000035    0000002A =          42. bytes (REL,CON,CODE)

      Value  Global                              Global Defined In Module
      -----  --------------------------------   ------------------------
C:   00000035  __mcs51_genRAMCLEAR                
C:   0000003B  __mcs51_genXRAMCLEAR               

ASxxxx Linker V03.00 + NoICE + sdld,  page 22.
Hexadecimal  [32-Bits]

Area                                    Addr        Size        Decimal Bytes (Attributes)
--------------------------------        ----        ----        ------- ----- ------------
GSFINAL                             0000005F    00000003 =           3. bytes (REL,CON,CODE)

      Value  Global                              Global Defined In Module
      -----  --------------------------------   ------------------------
C:   0000005F  A$main$801                         main

ASxxxx Linker V03.00 + NoICE + sdld,  page 23.
Hexadecimal  [32-Bits]

Area                                    Addr        Size        Decimal Bytes (Attributes)
--------------------------------        ----        ----        ------- ----- ------------
CSEG                                00000062    0000030F =         783. bytes (REL,CON,CODE)

      Value  Global                              Global Defined In Module
      -----  --------------------------------   ------------------------
C:   00000062  A$main$834                         main
C:   00000062  Smain$main$0                       main
C:   00000062  Smain$main$1                       main
C:   00000062  Smain$main$2                       main
C:   00000062  _main                              main
C:   00000065  A$main$835                         main
C:   00000068  A$main$838                         main
C:   00000068  Smain$main$3                       main
C:   0000006B  A$main$841                         main
C:   0000006B  Smain$main$4                       main
C:   0000006E  A$main$842                         main
C:   00000071  A$main$845                         main
C:   00000071  Smain$main$5                       main
C:   00000074  A$main$849                         main
C:   00000074  Smain$main$6                       main
C:   00000076  A$main$854                         main
C:   00000076  Smain$main$7                       main
C:   00000076  Smain$main$8                       main
C:   00000076  XG$main$0$0                        main
C:   00000077  A$common$846                       common
C:   00000077  Scommon$Read_APROM_BYTE$0          common
C:   00000077  Scommon$Read_APROM_BYTE$1          common
C:   00000077  Smain$main$9                       main
C:   00000077  _Read_APROM_BYTE                   common
C:   00000079  A$common$847                       common
C:   0000007B  A$common$848                       common
C:   0000007E  A$common$849                       common
C:   0000007F  A$common$850                       common
C:   00000080  A$common$851                       common
C:   00000081  A$common$852                       common
C:   00000082  A$common$855                       common
C:   00000082  Scommon$Read_APROM_BYTE$2          common
C:   00000085  A$common$856                       common
C:   00000086  A$common$857                       common
C:   00000087  A$common$858                       common
C:   00000088  A$common$859                       common
C:   00000089  A$common$860                       common
C:   0000008A  A$common$861                       common
C:   0000008C  A$common$862                       common
C:   0000008E  A$common$863                       common
C:   0000008F  A$common$864                       common
C:   00000090  A$common$865                       common
C:   00000091  A$common$866                       common
C:   00000092  A$common$867                       common
C:   00000093  A$common$874                       common
C:   00000093  Scommon$Read_APROM_BYTE$3          common
C:   00000093  Scommon$Read_APROM_BYTE$4          common
C:   00000093  Scommon$Read_APROM_BYTE$5          common
C:   00000093  XG$Read_APROM_BYTE$0$0             common
C:   00000095  A$common$875                       common
ASxxxx Linker V03.00 + NoICE + sdld,  page 24.
Hexadecimal  [32-Bits]

Area                                    Addr        Size        Decimal Bytes (Attributes)
--------------------------------        ----        ----        ------- ----- ------------
CSEG                                00000062    0000030F =         783. bytes (REL,CON,CODE)

      Value  Global                              Global Defined In Module
      -----  --------------------------------   ------------------------
C:   00000096  A$common$890                       common
C:   00000096  Scommon$Read_APROM_BYTE$6          common
C:   00000096  Scommon$Software_Reset$7           common
C:   00000096  Scommon$Software_Reset$8           common
C:   00000096  _Software_Reset                    common
C:   00000098  A$common$891                       common
C:   0000009B  A$common$892                       common
C:   0000009C  A$common$895                       common
C:   0000009C  Scommon$Software_Reset$9           common
C:   0000009D  A$common$896                       common
C:   0000009F  A$common$897                       common
C:   000000A0  A$common$900                       common
C:   000000A0  Scommon$Software_Reset$10          common
C:   000000A3  A$common$903                       common
C:   000000A3  Scommon$Software_Reset$11          common
C:   000000A6  A$common$906                       common
C:   000000A6  Scommon$Software_Reset$12          common
C:   000000A8  A$common$911                       common
C:   000000A8  Scommon$Software_Reset$13          common
C:   000000A8  Scommon$Software_Reset$14          common
C:   000000A8  XG$Software_Reset$0$0              common
C:   000000A9  A$common$925                       common
C:   000000A9  Scommon$PowerDown_Mode$16          common
C:   000000A9  Scommon$PowerDown_Mode$17          common
C:   000000A9  Scommon$Software_Reset$15          common
C:   000000A9  _PowerDown_Mode                    common
C:   000000AB  A$common$926                       common
C:   000000AE  A$common$927                       common
C:   000000AF  A$common$930                       common
C:   000000AF  Scommon$PowerDown_Mode$18          common
C:   000000B0  A$common$931                       common
C:   000000B2  A$common$935                       common
C:   000000B2  Scommon$PowerDown_Mode$19          common
C:   000000B2  Scommon$PowerDown_Mode$20          common
C:   000000B5  A$common$938                       common
C:   000000B5  Scommon$PowerDown_Mode$21          common
C:   000000B6  A$common$941                       common
C:   000000B6  Scommon$PowerDown_Mode$22          common
C:   000000B7  A$common$948                       common
C:   000000B7  Scommon$PowerDown_Mode$23          common
C:   000000B7  Scommon$PowerDown_Mode$24          common
C:   000000B7  Scommon$PowerDown_Mode$25          common
C:   000000B7  XG$PowerDown_Mode$0$0              common
C:   000000B8  A$common$962                       common
C:   000000B8  Scommon$Idle_Mode$27               common
C:   000000B8  Scommon$Idle_Mode$28               common
C:   000000B8  Scommon$PowerDown_Mode$26          common
C:   000000B8  _Idle_Mode                         common
C:   000000BA  A$common$963                       common
C:   000000BD  A$common$964                       common
C:   000000BE  A$common$967                       common
ASxxxx Linker V03.00 + NoICE + sdld,  page 25.
Hexadecimal  [32-Bits]

Area                                    Addr        Size        Decimal Bytes (Attributes)
--------------------------------        ----        ----        ------- ----- ------------
CSEG                                00000062    0000030F =         783. bytes (REL,CON,CODE)

      Value  Global                              Global Defined In Module
      -----  --------------------------------   ------------------------
C:   000000BE  Scommon$Idle_Mode$29               common
C:   000000BF  A$common$968                       common
C:   000000C1  A$common$972                       common
C:   000000C1  Scommon$Idle_Mode$30               common
C:   000000C1  Scommon$Idle_Mode$31               common
C:   000000C4  A$common$975                       common
C:   000000C4  Scommon$Idle_Mode$32               common
C:   000000C5  A$common$978                       common
C:   000000C5  Scommon$Idle_Mode$33               common
C:   000000C6  A$common$985                       common
C:   000000C6  Scommon$Idle_Mode$34               common
C:   000000C6  Scommon$Idle_Mode$35               common
C:   000000C6  Scommon$Idle_Mode$36               common
C:   000000C6  XG$Idle_Mode$0$0                   common
C:   000000C7  A$common$1002                      common
C:   000000C7  Scommon$Idle_Mode$37               common
C:   000000C7  Scommon$_delay_$38                 common
C:   000000C7  Scommon$_delay_$39                 common
C:   000000C7  Scommon$_delay_$40                 common
C:   000000C7  __delay_                           common
C:   000000C9  A$common$1006                      common
C:   000000C9  Scommon$_delay_$41                 common
C:   000000CB  A$common$1012                      common
C:   000000CB  Scommon$_delay_$42                 common
C:   000000CB  Scommon$_delay_$43                 common
C:   000000CB  Scommon$_delay_$44                 common
C:   000000CC  A$common$1015                      common
C:   000000CC  Scommon$_delay_$45                 common
C:   000000CE  A$common$1019                      common
C:   000000CE  Scommon$_delay_$46                 common
C:   000000CE  Scommon$_delay_$47                 common
C:   000000CF  A$common$1020                      common
C:   000000D2  A$common$1022                      common
C:   000000D4  A$common$1027                      common
C:   000000D4  Scommon$_delay_$48                 common
C:   000000D4  Scommon$_delay_$49                 common
C:   000000D4  XG$_delay_$0$0                     common
C:   000000D5  A$common$1041                      common
C:   000000D5  Scommon$Global_Interrupt$51        common
C:   000000D5  Scommon$Global_Interrupt$52        common
C:   000000D5  Scommon$_delay_$50                 common
C:   000000D5  _Global_Interrupt                  common
C:   000000D7  A$common$1042                      common
C:   000000DA  A$common$1043                      common
C:   000000DB  A$common$1046                      common
C:   000000DB  Scommon$Global_Interrupt$53        common
C:   000000DC  A$common$1048                      common
C:   000000DE  A$common$1049                      common
C:   000000E0  A$common$1054                      common
C:   000000E0  Scommon$Global_Interrupt$54        common
C:   000000E0  Scommon$Global_Interrupt$55        common
ASxxxx Linker V03.00 + NoICE + sdld,  page 26.
Hexadecimal  [32-Bits]

Area                                    Addr        Size        Decimal Bytes (Attributes)
--------------------------------        ----        ----        ------- ----- ------------
CSEG                                00000062    0000030F =         783. bytes (REL,CON,CODE)

      Value  Global                              Global Defined In Module
      -----  --------------------------------   ------------------------
C:   000000E0  XG$Global_Interrupt$0$0            common
C:   000000E1  A$sys$837                          sys
C:   000000E1  Scommon$Global_Interrupt$56        common
C:   000000E1  Ssys$MODIFY_HIRC$0                 sys
C:   000000E1  Ssys$MODIFY_HIRC$1                 sys
C:   000000E1  _MODIFY_HIRC                       sys
C:   000000E3  A$sys$838                          sys
C:   000000E6  A$sys$839                          sys
C:   000000E7  A$sys$843                          sys
C:   000000E7  Ssys$MODIFY_HIRC$2                 sys
C:   000000E9  A$sys$844                          sys
C:   000000EB  A$sys$846                          sys
C:   000000ED  A$sys$847                          sys
C:   000000F0  A$sys$848                          sys
C:   000000F3  A$sys$849                          sys
C:   000000F6  A$sys$851                          sys
C:   000000F8  A$sys$852                          sys
C:   000000FA  A$sys$855                          sys
C:   000000FA  Ssys$MODIFY_HIRC$3                 sys
C:   000000FD  A$sys$858                          sys
C:   000000FD  Ssys$MODIFY_HIRC$4                 sys
C:   00000100  A$sys$859                          sys
C:   00000101  A$sys$860                          sys
C:   00000102  A$sys$861                          sys
C:   00000105  A$sys$862                          sys
C:   00000107  A$sys$864                          sys
C:   0000010A  A$sys$865                          sys
C:   0000010C  A$sys$870                          sys
C:   0000010C  Ssys$MODIFY_HIRC$5                 sys
C:   0000010C  Ssys$MODIFY_HIRC$6                 sys
C:   0000010F  A$sys$871                          sys
C:   00000111  A$sys$875                          sys
C:   00000111  Ssys$MODIFY_HIRC$7                 sys
C:   00000114  A$sys$880                          sys
C:   00000114  Ssys$MODIFY_HIRC$8                 sys
C:   00000114  Ssys$MODIFY_HIRC$9                 sys
C:   00000116  A$sys$884                          sys
C:   00000116  Ssys$MODIFY_HIRC$10                sys
C:   00000119  A$sys$889                          sys
C:   00000119  Ssys$MODIFY_HIRC$11                sys
C:   00000119  Ssys$MODIFY_HIRC$12                sys
C:   0000011B  A$sys$893                          sys
C:   0000011B  Ssys$MODIFY_HIRC$13                sys
C:   0000011E  A$sys$900                          sys
C:   0000011E  Ssys$MODIFY_HIRC$14                sys
C:   0000011E  Ssys$MODIFY_HIRC$15                sys
C:   0000011E  Ssys$MODIFY_HIRC$16                sys
C:   00000121  A$sys$903                          sys
C:   00000121  Ssys$MODIFY_HIRC$17                sys
C:   00000124  A$sys$907                          sys
C:   00000124  Ssys$MODIFY_HIRC$18                sys
ASxxxx Linker V03.00 + NoICE + sdld,  page 27.
Hexadecimal  [32-Bits]

Area                                    Addr        Size        Decimal Bytes (Attributes)
--------------------------------        ----        ----        ------- ----- ------------
CSEG                                00000062    0000030F =         783. bytes (REL,CON,CODE)

      Value  Global                              Global Defined In Module
      -----  --------------------------------   ------------------------
C:   00000126  A$sys$908                          sys
C:   00000128  A$sys$910                          sys
C:   0000012A  A$sys$911                          sys
C:   0000012D  A$sys$912                          sys
C:   00000130  A$sys$913                          sys
C:   00000133  A$sys$915                          sys
C:   00000135  A$sys$916                          sys
C:   00000137  A$sys$919                          sys
C:   00000137  Ssys$MODIFY_HIRC$19                sys
C:   00000139  A$sys$922                          sys
C:   00000139  Ssys$MODIFY_HIRC$20                sys
C:   0000013B  A$sys$923                          sys
C:   0000013C  A$sys$924                          sys
C:   0000013E  A$sys$928                          sys
C:   0000013E  Ssys$MODIFY_HIRC$21                sys
C:   00000140  A$sys$929                          sys
C:   00000142  A$sys$931                          sys
C:   00000144  A$sys$932                          sys
C:   00000147  A$sys$933                          sys
C:   0000014A  A$sys$934                          sys
C:   0000014D  A$sys$936                          sys
C:   0000014F  A$sys$937                          sys
C:   00000151  A$sys$940                          sys
C:   00000151  Ssys$MODIFY_HIRC$22                sys
C:   00000153  A$sys$943                          sys
C:   00000153  Ssys$MODIFY_HIRC$23                sys
C:   00000156  A$sys$944                          sys
C:   00000158  A$sys$946                          sys
C:   0000015B  A$sys$951                          sys
C:   0000015B  Ssys$MODIFY_HIRC$24                sys
C:   0000015B  Ssys$MODIFY_HIRC$25                sys
C:   0000015D  A$sys$952                          sys
C:   0000015E  A$sys$953                          sys
C:   0000015F  A$sys$954                          sys
C:   00000160  A$sys$955                          sys
C:   00000162  A$sys$956                          sys
C:   00000164  A$sys$957                          sys
C:   00000165  A$sys$958                          sys
C:   00000166  A$sys$959                          sys
C:   00000167  A$sys$962                          sys
C:   00000167  Ssys$MODIFY_HIRC$26                sys
C:   00000169  A$sys$963                          sys
C:   0000016A  A$sys$964                          sys
C:   0000016B  A$sys$967                          sys
C:   0000016B  Ssys$MODIFY_HIRC$27                sys
C:   0000016D  A$sys$968                          sys
C:   0000016E  A$sys$969                          sys
C:   0000016F  A$sys$972                          sys
C:   0000016F  Ssys$MODIFY_HIRC$28                sys
C:   00000170  A$sys$973                          sys
C:   00000172  A$sys$974                          sys
ASxxxx Linker V03.00 + NoICE + sdld,  page 28.
Hexadecimal  [32-Bits]

Area                                    Addr        Size        Decimal Bytes (Attributes)
--------------------------------        ----        ----        ------- ----- ------------
CSEG                                00000062    0000030F =         783. bytes (REL,CON,CODE)

      Value  Global                              Global Defined In Module
      -----  --------------------------------   ------------------------
C:   00000173  A$sys$975                          sys
C:   00000176  A$sys$976                          sys
C:   00000177  A$sys$979                          sys
C:   00000177  Ssys$MODIFY_HIRC$29                sys
C:   0000017A  A$sys$982                          sys
C:   0000017A  Ssys$MODIFY_HIRC$30                sys
C:   0000017D  A$sys$985                          sys
C:   0000017D  Ssys$MODIFY_HIRC$31                sys
C:   00000180  A$sys$988                          sys
C:   00000180  Ssys$MODIFY_HIRC$32                sys
C:   00000182  A$sys$990                          sys
C:   00000184  A$sys$992                          sys
C:   00000186  A$sys$993                          sys
C:   00000188  A$sys$995                          sys
C:   0000018A  A$sys$996                          sys
C:   0000018D  A$sys$997                          sys
C:   00000190  A$sys$998                          sys
C:   00000193  A$sys$1000                         sys
C:   00000195  A$sys$1001                         sys
C:   00000197  A$sys$1002                         sys
C:   0000019A  A$sys$1003                         sys
C:   0000019D  A$sys$1004                         sys
C:   000001A0  A$sys$1006                         sys
C:   000001A2  A$sys$1007                         sys
C:   000001A4  A$sys$1010                         sys
C:   000001A4  Ssys$MODIFY_HIRC$33                sys
C:   000001A6  A$sys$1011                         sys
C:   000001A9  A$sys$1012                         sys
C:   000001AB  A$sys$1014                         sys
C:   000001AD  A$sys$1015                         sys
C:   000001B0  A$sys$1016                         sys
C:   000001B2  A$sys$1018                         sys
C:   000001B4  A$sys$1019                         sys
C:   000001B7  A$sys$1024                         sys
C:   000001B7  Ssys$MODIFY_HIRC$34                sys
C:   000001B7  Ssys$MODIFY_HIRC$35                sys
C:   000001BA  A$sys$1026                         sys
C:   000001BC  A$sys$1030                         sys
C:   000001BC  Ssys$MODIFY_HIRC$36                sys
C:   000001BC  Ssys$MODIFY_HIRC$37                sys
C:   000001BF  A$sys$1031                         sys
C:   000001C1  A$sys$1033                         sys
C:   000001C4  A$sys$1034                         sys
C:   000001C6  A$sys$1036                         sys
C:   000001C9  A$sys$1040                         sys
C:   000001C9  Ssys$MODIFY_HIRC$38                sys
C:   000001CB  A$sys$1041                         sys
C:   000001CC  A$sys$1042                         sys
C:   000001CE  A$sys$1043                         sys
C:   000001D1  A$sys$1044                         sys
C:   000001D2  A$sys$1046                         sys
ASxxxx Linker V03.00 + NoICE + sdld,  page 29.
Hexadecimal  [32-Bits]

Area                                    Addr        Size        Decimal Bytes (Attributes)
--------------------------------        ----        ----        ------- ----- ------------
CSEG                                00000062    0000030F =         783. bytes (REL,CON,CODE)

      Value  Global                              Global Defined In Module
      -----  --------------------------------   ------------------------
C:   000001D2  Ssys$MODIFY_HIRC$39                sys
C:   000001D4  A$sys$1050                         sys
C:   000001D4  Ssys$MODIFY_HIRC$40                sys
C:   000001D5  A$sys$1051                         sys
C:   000001D7  A$sys$1052                         sys
C:   000001DA  A$sys$1053                         sys
C:   000001DB  A$sys$1058                         sys
C:   000001DB  Ssys$MODIFY_HIRC$41                sys
C:   000001DB  Ssys$MODIFY_HIRC$42                sys
C:   000001DE  A$sys$1059                         sys
C:   000001DF  A$sys$1060                         sys
C:   000001E0  A$sys$1061                         sys
C:   000001E1  A$sys$1062                         sys
C:   000001E2  A$sys$1063                         sys
C:   000001E3  A$sys$1070                         sys
C:   000001E3  Ssys$MODIFY_HIRC$43                sys
C:   000001E3  Ssys$MODIFY_HIRC$44                sys
C:   000001E3  Ssys$MODIFY_HIRC$45                sys
C:   000001E6  A$sys$1073                         sys
C:   000001E6  Ssys$MODIFY_HIRC$46                sys
C:   000001E9  A$sys$1076                         sys
C:   000001E9  Ssys$MODIFY_HIRC$47                sys
C:   000001EB  A$sys$1079                         sys
C:   000001EB  Ssys$MODIFY_HIRC$48                sys
C:   000001EE  A$sys$1082                         sys
C:   000001EE  Ssys$MODIFY_HIRC$49                sys
C:   000001F1  A$sys$1085                         sys
C:   000001F1  Ssys$MODIFY_HIRC$50                sys
C:   000001F3  A$sys$1089                         sys
C:   000001F3  Ssys$MODIFY_HIRC$51                sys
C:   000001F5  A$sys$1090                         sys
C:   000001F7  A$sys$1092                         sys
C:   000001F9  A$sys$1093                         sys
C:   000001FC  A$sys$1094                         sys
C:   000001FF  A$sys$1095                         sys
C:   00000202  A$sys$1097                         sys
C:   00000204  A$sys$1098                         sys
C:   00000206  A$sys$1103                         sys
C:   00000206  Ssys$MODIFY_HIRC$52                sys
C:   00000206  Ssys$MODIFY_HIRC$53                sys
C:   00000206  XG$MODIFY_HIRC$0$0                 sys
C:   00000207  A$sys$1117                         sys
C:   00000207  Ssys$FsysSelect$55                 sys
C:   00000207  Ssys$FsysSelect$56                 sys
C:   00000207  Ssys$MODIFY_HIRC$54                sys
C:   00000207  _FsysSelect                        sys
C:   00000209  A$sys$1118                         sys
C:   0000020C  A$sys$1119                         sys
C:   0000020D  A$sys$1122                         sys
C:   0000020D  Ssys$FsysSelect$57                 sys
C:   0000020E  A$sys$1123                         sys
ASxxxx Linker V03.00 + NoICE + sdld,  page 30.
Hexadecimal  [32-Bits]

Area                                    Addr        Size        Decimal Bytes (Attributes)
--------------------------------        ----        ----        ------- ----- ------------
CSEG                                00000062    0000030F =         783. bytes (REL,CON,CODE)

      Value  Global                              Global Defined In Module
      -----  --------------------------------   ------------------------
C:   0000020F  A$sys$1124                         sys
C:   00000212  A$sys$1125                         sys
C:   00000214  A$sys$1127                         sys
C:   00000217  A$sys$1128                         sys
C:   00000219  A$sys$1133                         sys
C:   00000219  Ssys$FsysSelect$58                 sys
C:   00000219  Ssys$FsysSelect$59                 sys
C:   0000021C  A$sys$1134                         sys
C:   0000021E  A$sys$1138                         sys
C:   0000021E  Ssys$FsysSelect$60                 sys
C:   00000221  A$sys$1139                         sys
C:   00000224  A$sys$1142                         sys
C:   00000224  Ssys$FsysSelect$61                 sys
C:   00000227  A$sys$1143                         sys
C:   0000022A  A$sys$1148                         sys
C:   0000022A  Ssys$FsysSelect$62                 sys
C:   0000022A  Ssys$FsysSelect$63                 sys
C:   0000022C  A$sys$1152                         sys
C:   0000022C  Ssys$FsysSelect$64                 sys
C:   0000022F  A$sys$1153                         sys
C:   00000232  A$sys$1157                         sys
C:   00000232  Ssys$FsysSelect$65                 sys
C:   00000234  A$sys$1158                         sys
C:   00000236  A$sys$1160                         sys
C:   00000238  A$sys$1161                         sys
C:   0000023B  A$sys$1162                         sys
C:   0000023E  A$sys$1163                         sys
C:   00000241  A$sys$1165                         sys
C:   00000243  A$sys$1166                         sys
C:   00000245  A$sys$1171                         sys
C:   00000245  Ssys$FsysSelect$66                 sys
C:   00000245  Ssys$FsysSelect$67                 sys
C:   00000247  A$sys$1175                         sys
C:   00000247  Ssys$FsysSelect$68                 sys
C:   0000024A  A$sys$1176                         sys
C:   0000024D  A$sys$1179                         sys
C:   0000024D  Ssys$FsysSelect$69                 sys
C:   00000250  A$sys$1180                         sys
C:   00000253  A$sys$1183                         sys
C:   00000253  Ssys$FsysSelect$70                 sys
C:   00000256  A$sys$1184                         sys
C:   00000259  A$sys$1187                         sys
C:   00000259  Ssys$FsysSelect$71                 sys
C:   0000025C  A$sys$1188                         sys
C:   0000025F  A$sys$1192                         sys
C:   0000025F  Ssys$FsysSelect$72                 sys
C:   00000261  A$sys$1193                         sys
C:   00000263  A$sys$1195                         sys
C:   00000265  A$sys$1196                         sys
C:   00000268  A$sys$1197                         sys
C:   0000026B  A$sys$1198                         sys
ASxxxx Linker V03.00 + NoICE + sdld,  page 31.
Hexadecimal  [32-Bits]

Area                                    Addr        Size        Decimal Bytes (Attributes)
--------------------------------        ----        ----        ------- ----- ------------
CSEG                                00000062    0000030F =         783. bytes (REL,CON,CODE)

      Value  Global                              Global Defined In Module
      -----  --------------------------------   ------------------------
C:   0000026E  A$sys$1200                         sys
C:   00000270  A$sys$1201                         sys
C:   00000272  A$sys$1210                         sys
C:   00000272  Ssys$FsysSelect$73                 sys
C:   00000272  Ssys$FsysSelect$74                 sys
C:   00000272  Ssys$FsysSelect$75                 sys
C:   00000272  Ssys$FsysSelect$76                 sys
C:   00000272  XG$FsysSelect$0$0                  sys
C:   00000273  A$sys$1224                         sys
C:   00000273  Ssys$ClockEnable$78                sys
C:   00000273  Ssys$ClockEnable$79                sys
C:   00000273  Ssys$FsysSelect$77                 sys
C:   00000273  _ClockEnable                       sys
C:   00000275  A$sys$1225                         sys
C:   00000278  A$sys$1226                         sys
C:   00000279  A$sys$1229                         sys
C:   00000279  Ssys$ClockEnable$80                sys
C:   0000027A  A$sys$1230                         sys
C:   0000027B  A$sys$1231                         sys
C:   0000027E  A$sys$1232                         sys
C:   00000280  A$sys$1237                         sys
C:   00000280  Ssys$ClockEnable$81                sys
C:   00000280  Ssys$ClockEnable$82                sys
C:   00000283  A$sys$1238                         sys
C:   00000285  A$sys$1243                         sys
C:   00000285  Ssys$ClockEnable$83                sys
C:   00000287  A$sys$1244                         sys
C:   00000289  A$sys$1246                         sys
C:   0000028B  A$sys$1247                         sys
C:   0000028E  A$sys$1248                         sys
C:   00000291  A$sys$1249                         sys
C:   00000294  A$sys$1251                         sys
C:   00000296  A$sys$1252                         sys
C:   00000298  A$sys$1256                         sys
C:   00000298  Ssys$ClockEnable$84                sys
C:   0000029A  A$sys$1257                         sys
C:   0000029D  A$sys$1260                         sys
C:   0000029D  Ssys$ClockEnable$85                sys
C:   0000029F  A$sys$1264                         sys
C:   0000029F  Ssys$ClockEnable$86                sys
C:   000002A2  A$sys$1265                         sys
C:   000002A5  A$sys$1266                         sys
C:   000002A8  A$sys$1270                         sys
C:   000002A8  Ssys$ClockEnable$87                sys
C:   000002AA  A$sys$1271                         sys
C:   000002AD  A$sys$1280                         sys
C:   000002AD  Ssys$ClockEnable$88                sys
C:   000002AD  Ssys$ClockEnable$89                sys
C:   000002AD  Ssys$ClockEnable$90                sys
C:   000002AD  Ssys$ClockEnable$91                sys
C:   000002AD  XG$ClockEnable$0$0                 sys
ASxxxx Linker V03.00 + NoICE + sdld,  page 32.
Hexadecimal  [32-Bits]

Area                                    Addr        Size        Decimal Bytes (Attributes)
--------------------------------        ----        ----        ------- ----- ------------
CSEG                                00000062    0000030F =         783. bytes (REL,CON,CODE)

      Value  Global                              Global Defined In Module
      -----  --------------------------------   ------------------------
C:   000002AE  A$sys$1294                         sys
C:   000002AE  Ssys$ClockDisable$93               sys
C:   000002AE  Ssys$ClockDisable$94               sys
C:   000002AE  Ssys$ClockEnable$92                sys
C:   000002AE  _ClockDisable                      sys
C:   000002B0  A$sys$1295                         sys
C:   000002B3  A$sys$1296                         sys
C:   000002B4  A$sys$1299                         sys
C:   000002B4  Ssys$ClockDisable$95               sys
C:   000002B7  A$sys$1302                         sys
C:   000002B7  Ssys$ClockDisable$96               sys
C:   000002B8  A$sys$1303                         sys
C:   000002B9  A$sys$1304                         sys
C:   000002BC  A$sys$1305                         sys
C:   000002BE  A$sys$1310                         sys
C:   000002BE  Ssys$ClockDisable$97               sys
C:   000002BE  Ssys$ClockDisable$98               sys
C:   000002C1  A$sys$1311                         sys
C:   000002C3  A$sys$1316                         sys
C:   000002C3  Ssys$ClockDisable$99               sys
C:   000002C5  A$sys$1317                         sys
C:   000002C7  A$sys$1319                         sys
C:   000002C9  A$sys$1320                         sys
C:   000002CC  A$sys$1321                         sys
C:   000002CF  A$sys$1322                         sys
C:   000002D2  A$sys$1324                         sys
C:   000002D4  A$sys$1325                         sys
C:   000002D6  A$sys$1330                         sys
C:   000002D6  Ssys$ClockDisable$100              sys
C:   000002D6  Ssys$ClockDisable$101              sys
C:   000002D8  A$sys$1334                         sys
C:   000002D8  Ssys$ClockDisable$102              sys
C:   000002DB  A$sys$1335                         sys
C:   000002DE  A$sys$1336                         sys
C:   000002E1  A$sys$1345                         sys
C:   000002E1  Ssys$ClockDisable$103              sys
C:   000002E1  Ssys$ClockDisable$104              sys
C:   000002E1  Ssys$ClockDisable$105              sys
C:   000002E1  Ssys$ClockDisable$106              sys
C:   000002E1  XG$ClockDisable$0$0                sys
C:   000002E2  A$sys$1359                         sys
C:   000002E2  Ssys$ClockDisable$107              sys
C:   000002E2  Ssys$ClockSwitch$108               sys
C:   000002E2  Ssys$ClockSwitch$109               sys
C:   000002E2  _ClockSwitch                       sys
C:   000002E4  A$sys$1360                         sys
C:   000002E7  A$sys$1361                         sys
C:   000002E8  A$sys$1364                         sys
C:   000002E8  Ssys$ClockSwitch$110               sys
C:   000002EB  A$sys$1368                         sys
C:   000002EB  Ssys$ClockSwitch$111               sys
ASxxxx Linker V03.00 + NoICE + sdld,  page 33.
Hexadecimal  [32-Bits]

Area                                    Addr        Size        Decimal Bytes (Attributes)
--------------------------------        ----        ----        ------- ----- ------------
CSEG                                00000062    0000030F =         783. bytes (REL,CON,CODE)

      Value  Global                              Global Defined In Module
      -----  --------------------------------   ------------------------
C:   000002ED  A$sys$1369                         sys
C:   000002EF  A$sys$1371                         sys
C:   000002F1  A$sys$1374                         sys
C:   000002F1  Ssys$ClockSwitch$112               sys
C:   000002F4  A$sys$1375                         sys
C:   000002F5  A$sys$1376                         sys
C:   000002F6  A$sys$1377                         sys
C:   000002F9  A$sys$1378                         sys
C:   000002FB  A$sys$1380                         sys
C:   000002FE  A$sys$1381                         sys
C:   00000300  A$sys$1386                         sys
C:   00000300  Ssys$ClockSwitch$113               sys
C:   00000300  Ssys$ClockSwitch$114               sys
C:   00000303  A$sys$1387                         sys
C:   00000305  A$sys$1392                         sys
C:   00000305  Ssys$ClockSwitch$115               sys
C:   00000307  A$sys$1393                         sys
C:   00000309  A$sys$1395                         sys
C:   0000030B  A$sys$1396                         sys
C:   0000030E  A$sys$1397                         sys
C:   00000311  A$sys$1398                         sys
C:   00000314  A$sys$1400                         sys
C:   00000316  A$sys$1401                         sys
C:   00000318  A$sys$1405                         sys
C:   00000318  Ssys$ClockSwitch$116               sys
C:   0000031A  A$sys$1406                         sys
C:   0000031C  A$sys$1408                         sys
C:   0000031E  A$sys$1409                         sys
C:   00000321  A$sys$1410                         sys
C:   00000324  A$sys$1411                         sys
C:   00000327  A$sys$1413                         sys
C:   00000329  A$sys$1414                         sys
C:   0000032B  A$sys$1419                         sys
C:   0000032B  Ssys$ClockSwitch$117               sys
C:   0000032B  Ssys$ClockSwitch$118               sys
C:   0000032D  A$sys$1424                         sys
C:   0000032D  Ssys$ClockSwitch$119               sys
C:   0000032F  A$sys$1425                         sys
C:   00000331  A$sys$1427                         sys
C:   00000333  A$sys$1428                         sys
C:   00000336  A$sys$1429                         sys
C:   00000339  A$sys$1430                         sys
C:   0000033C  A$sys$1432                         sys
C:   0000033E  A$sys$1433                         sys
C:   00000340  A$sys$1437                         sys
C:   00000340  Ssys$ClockSwitch$120               sys
C:   00000342  A$sys$1438                         sys
C:   00000344  A$sys$1440                         sys
C:   00000346  A$sys$1441                         sys
C:   00000349  A$sys$1442                         sys
C:   0000034C  A$sys$1443                         sys
ASxxxx Linker V03.00 + NoICE + sdld,  page 34.
Hexadecimal  [32-Bits]

Area                                    Addr        Size        Decimal Bytes (Attributes)
--------------------------------        ----        ----        ------- ----- ------------
CSEG                                00000062    0000030F =         783. bytes (REL,CON,CODE)

      Value  Global                              Global Defined In Module
      -----  --------------------------------   ------------------------
C:   0000034F  A$sys$1445                         sys
C:   00000351  A$sys$1446                         sys
C:   00000353  A$sys$1451                         sys
C:   00000353  Ssys$ClockSwitch$121               sys
C:   00000353  Ssys$ClockSwitch$122               sys
C:   00000355  A$sys$1456                         sys
C:   00000355  Ssys$ClockSwitch$123               sys
C:   00000357  A$sys$1457                         sys
C:   00000359  A$sys$1459                         sys
C:   0000035B  A$sys$1460                         sys
C:   0000035E  A$sys$1461                         sys
C:   00000361  A$sys$1462                         sys
C:   00000364  A$sys$1464                         sys
C:   00000366  A$sys$1465                         sys
C:   00000368  A$sys$1473                         sys
C:   00000368  Ssys$ClockSwitch$124               sys
C:   00000368  Ssys$ClockSwitch$125               sys
C:   00000368  Ssys$ClockSwitch$126               sys
C:   0000036A  A$sys$1474                         sys
C:   0000036C  A$sys$1479                         sys
C:   0000036C  Ssys$ClockSwitch$127               sys
C:   0000036C  Ssys$ClockSwitch$128               sys
C:   0000036C  XG$ClockSwitch$0$0                 sys
C:   0000036D  Ssys$ClockSwitch$129               sys
C:   0000036D  __sdcc_external_startup            _startup
ASxxxx Linker V03.00 + NoICE + sdld,  page 35.
Hexadecimal  [32-Bits]

Area                                    Addr        Size        Decimal Bytes (Attributes)
--------------------------------        ----        ----        ------- ----- ------------
.debug_line                         00000000    00000598 =        1432. bytes (REL,CON)

      Value  Global                              Global Defined In Module
      -----  --------------------------------   ------------------------
ASxxxx Linker V03.00 + NoICE + sdld,  page 36.
Hexadecimal  [32-Bits]

Area                                    Addr        Size        Decimal Bytes (Attributes)
--------------------------------        ----        ----        ------- ----- ------------
.debug_loc                          00000000    000000F0 =         240. bytes (REL,CON)

      Value  Global                              Global Defined In Module
      -----  --------------------------------   ------------------------
ASxxxx Linker V03.00 + NoICE + sdld,  page 37.
Hexadecimal  [32-Bits]

Area                                    Addr        Size        Decimal Bytes (Attributes)
--------------------------------        ----        ----        ------- ----- ------------
.debug_abbrev                       00000000    00000143 =         323. bytes (REL,CON)

      Value  Global                              Global Defined In Module
      -----  --------------------------------   ------------------------
ASxxxx Linker V03.00 + NoICE + sdld,  page 38.
Hexadecimal  [32-Bits]

Area                                    Addr        Size        Decimal Bytes (Attributes)
--------------------------------        ----        ----        ------- ----- ------------
.debug_info                         00000000    0000344B =       13387. bytes (REL,CON)

      Value  Global                              Global Defined In Module
      -----  --------------------------------   ------------------------
ASxxxx Linker V03.00 + NoICE + sdld,  page 39.
Hexadecimal  [32-Bits]

Area                                    Addr        Size        Decimal Bytes (Attributes)
--------------------------------        ----        ----        ------- ----- ------------
.debug_pubnames                     00000000    00001A11 =        6673. bytes (REL,CON)

      Value  Global                              Global Defined In Module
      -----  --------------------------------   ------------------------
ASxxxx Linker V03.00 + NoICE + sdld,  page 40.
Hexadecimal  [32-Bits]

Area                                    Addr        Size        Decimal Bytes (Attributes)
--------------------------------        ----        ----        ------- ----- ------------
.debug_frame                        00000000    00000210 =         528. bytes (REL,CON)

      Value  Global                              Global Defined In Module
      -----  --------------------------------   ------------------------
ASxxxx Linker V03.00 + NoICE + sdld,  page 41.

Files Linked                              [ module(s) ]

./User/main.rel                           [  ]
./Library/common.rel                      [  ]
./Library/sys.rel                         [  ]


Libraries Linked                          [ object file ]

C:/Program Files (x86)/Nuvoton Tools/OpenOCD/bin/../../Toolchain/SDCC/lib/large/mcs51.lib
                                          [ crtclear.rel ]
C:/Program Files (x86)/Nuvoton Tools/OpenOCD/bin/../../Toolchain/SDCC/lib/large/mcs51.lib
                                          [ crtxinit.rel ]
C:/Program Files (x86)/Nuvoton Tools/OpenOCD/bin/../../Toolchain/SDCC/lib/large/mcs51.lib
                                          [ crtxclear.rel ]
C:/Program Files (x86)/Nuvoton Tools/OpenOCD/bin/../../Toolchain/SDCC/lib/large/mcs51.lib
                                          [ crtpagesfr.rel ]
C:/Program Files (x86)/Nuvoton Tools/OpenOCD/bin/../../Toolchain/SDCC/lib/large/mcs51.lib
                                          [ crtstart.rel ]
C:/Program Files (x86)/Nuvoton Tools/OpenOCD/bin/../../Toolchain/SDCC/lib/large/libsdcc.lib
                                          [ _startup.rel ]

ASxxxx Linker V03.00 + NoICE + sdld,  page 42.

User Base Address Definitions

HOME = 0x0000
XSEG = 0x0001
PSEG = 0x0001
ISEG = 0x0000
BSEG = 0x0000

