C51 COMPILER V9.60.0.0   MAIN                                                              06/25/2024 11:40:31 PAGE 1   


C51 COMPILER V9.60.0.0, COMPILATION OF MODULE MAIN
OBJECT MODULE PLACED IN .\Output\main.obj
COMPILER INVOKED BY: C:\Keil_v5\C51\BIN\C51.EXE ..\main.c LARGE OMF2 OPTIMIZE(7,SPEED) BROWSE INCDIR(..\..\..\..\Library
                    -\Device\Include;..\..\..\..\Library\StdDriver\inc) DEFINE(FOSC_160000) DEBUG PRINT(.\LST\main.lst) TABS(2) OBJECT(.\Outp
                    -ut\main.obj)

line level    source

   1          /*--------------------------------------------------------------------------------------------------------
             --*/
   2          /*                                                                                                        
             - */
   3          /* SPDX-License-Identifier: Apache-2.0                                                                    
             - */
   4          /* Copyright(c) 2024 Nuvoton Technology Corp. All rights reserved.                                        
             - */
   5          /*                                                                                                        
             - */
   6          /*--------------------------------------------------------------------------------------------------------
             --*/
   7          #include "numicro_8051.h"
   8          
   9          uint8_t PinIntVector;
  10          
  11          /**
  12            * @brief     Pin interrupt vector.
  13            * @param[in] Vector 0x3B (7).
  14            * @return    None.
  15          */
  16          #if defined __C51__
  17          void PinInterrupt_ISR (void) interrupt 7
  18          
  19          #elif defined __ICC8051__
              #pragma vector=0x3B
              __interrupt void Pin_INT_ISR(void)
              
              #elif defined __SDCC__
              void PinInterrupt_ISR (void) __interrupt (7)
              #endif
  26          {
  27   1          SFRS_TMP = SFRS;              /* for SFRS page */
  28   1        
  29   1          SFRS = 0;
  30   1          switch(PIF)
  31   1          {
  32   2            case (SET_BIT0): PinIntVector = SET_BIT0; PIF&=CLR_BIT0; break;
  33   2            case (SET_BIT3): PinIntVector = SET_BIT3; PIF&=CLR_BIT3; break;
  34   2            default: break;
  35   2          }
  36   1      
  37   1          if (SFRS_TMP)                 /* for SFRS page */
  38   1          {
  39   2            ENABLE_SFR_PAGE1;
  40   2          }
  41   1      }
  42          
  43          /**
  44            * @brief     Main loop.
  45            * @param[in] None.
  46            * @return    None.
  47          */
C51 COMPILER V9.60.0.0   MAIN                                                              06/25/2024 11:40:31 PAGE 2   

  48          void main (void) 
  49          {
  50   1        /* UART0 initial for printf */
  51   1          MODIFY_HIRC(HIRC_24);
  52   1          Enable_UART0_VCOM_printf_24M_115200();
  53   1          printf("\n PIT test start!");
  54   1        /* Disable BOD for power down current */
  55   1          BOD_DISABLE;
  56   1      
  57   1        /* PIT initial setting */
  58   1          P00_QUASI_MODE;
  59   1          P03_INPUT_MODE;
  60   1      
  61   1          ENABLE_INT_PORT0;
  62   1          ENABLE_BIT0_FALLINGEDGE_TRIG;
  63   1          ENABLE_BIT3_BOTHEDGE_TRIG;
  64   1          ENABLE_PIN_INTERRUPT;
  65   1          ENABLE_GLOBAL_INTERRUPT;
  66   1      
  67   1          while(1)
  68   1          {
  69   2              switch(PinIntVector)
  70   2              {
  71   3                case (SET_BIT0): printf("\n PIT0 interrupt!"); PinIntVector&=CLR_BIT0; break;
  72   3                case (SET_BIT3): printf("\n PIT3 interrupt!"); PinIntVector&=CLR_BIT2; break;
  73   3                default: break;
  74   3              }
  75   2          }
  76   1      }


MODULE INFORMATION:   STATIC OVERLAYABLE
   CODE SIZE        =    221    ----
   CONSTANT SIZE    =     54    ----
   XDATA SIZE       =      1    ----
   PDATA SIZE       =   ----    ----
   DATA SIZE        =   ----    ----
   IDATA SIZE       =   ----    ----
   BIT SIZE         =   ----    ----
   EDATA SIZE       =   ----    ----
   HDATA SIZE       =   ----    ----
   XDATA CONST SIZE =   ----    ----
   FAR CONST SIZE   =   ----    ----
END OF MODULE INFORMATION.


C51 COMPILATION COMPLETE.  0 WARNING(S),  0 ERROR(S)
